Archive member included to satisfy reference by file (symbol)

E:/Program/STM32CubeIDE_1.13.1/STM32CubeIDE/plugins/com.st.stm32cube.ide.mcu.externaltools.gnu-tools-for-stm32.11.3.rel1.win32_1.1.0.202305231506/tools/bin/../lib/gcc/arm-none-eabi/11.3.1/../../../../arm-none-eabi/lib/thumb/v7e-m+fp/hard\libc_nano.a(libc_a-exit.o)
                              E:/Program/STM32CubeIDE_1.13.1/STM32CubeIDE/plugins/com.st.stm32cube.ide.mcu.externaltools.gnu-tools-for-stm32.11.3.rel1.win32_1.1.0.202305231506/tools/bin/../lib/gcc/arm-none-eabi/11.3.1/../../../../arm-none-eabi/lib/thumb/v7e-m+fp/hard/crt0.o (exit)
E:/Program/STM32CubeIDE_1.13.1/STM32CubeIDE/plugins/com.st.stm32cube.ide.mcu.externaltools.gnu-tools-for-stm32.11.3.rel1.win32_1.1.0.202305231506/tools/bin/../lib/gcc/arm-none-eabi/11.3.1/../../../../arm-none-eabi/lib/thumb/v7e-m+fp/hard\libc_nano.a(libc_a-nano-vfprintf_float.o)
                              (_printf_float)
E:/Program/STM32CubeIDE_1.13.1/STM32CubeIDE/plugins/com.st.stm32cube.ide.mcu.externaltools.gnu-tools-for-stm32.11.3.rel1.win32_1.1.0.202305231506/tools/bin/../lib/gcc/arm-none-eabi/11.3.1/../../../../arm-none-eabi/lib/thumb/v7e-m+fp/hard\libc_nano.a(libc_a-nano-vfprintf_i.o)
                              E:/Program/STM32CubeIDE_1.13.1/STM32CubeIDE/plugins/com.st.stm32cube.ide.mcu.externaltools.gnu-tools-for-stm32.11.3.rel1.win32_1.1.0.202305231506/tools/bin/../lib/gcc/arm-none-eabi/11.3.1/../../../../arm-none-eabi/lib/thumb/v7e-m+fp/hard\libc_nano.a(libc_a-nano-vfprintf_float.o) (_printf_common)
E:/Program/STM32CubeIDE_1.13.1/STM32CubeIDE/plugins/com.st.stm32cube.ide.mcu.externaltools.gnu-tools-for-stm32.11.3.rel1.win32_1.1.0.202305231506/tools/bin/../lib/gcc/arm-none-eabi/11.3.1/../../../../arm-none-eabi/lib/thumb/v7e-m+fp/hard\libc_nano.a(libc_a-findfp.o)
                              E:/Program/STM32CubeIDE_1.13.1/STM32CubeIDE/plugins/com.st.stm32cube.ide.mcu.externaltools.gnu-tools-for-stm32.11.3.rel1.win32_1.1.0.202305231506/tools/bin/../lib/gcc/arm-none-eabi/11.3.1/../../../../arm-none-eabi/lib/thumb/v7e-m+fp/hard\libc_nano.a(libc_a-exit.o) (__stdio_exit_handler)
E:/Program/STM32CubeIDE_1.13.1/STM32CubeIDE/plugins/com.st.stm32cube.ide.mcu.externaltools.gnu-tools-for-stm32.11.3.rel1.win32_1.1.0.202305231506/tools/bin/../lib/gcc/arm-none-eabi/11.3.1/../../../../arm-none-eabi/lib/thumb/v7e-m+fp/hard\libc_nano.a(libc_a-fwalk.o)
                              E:/Program/STM32CubeIDE_1.13.1/STM32CubeIDE/plugins/com.st.stm32cube.ide.mcu.externaltools.gnu-tools-for-stm32.11.3.rel1.win32_1.1.0.202305231506/tools/bin/../lib/gcc/arm-none-eabi/11.3.1/../../../../arm-none-eabi/lib/thumb/v7e-m+fp/hard\libc_nano.a(libc_a-findfp.o) (_fwalk_sglue)
E:/Program/STM32CubeIDE_1.13.1/STM32CubeIDE/plugins/com.st.stm32cube.ide.mcu.externaltools.gnu-tools-for-stm32.11.3.rel1.win32_1.1.0.202305231506/tools/bin/../lib/gcc/arm-none-eabi/11.3.1/../../../../arm-none-eabi/lib/thumb/v7e-m+fp/hard\libc_nano.a(libc_a-sprintf.o)
                              ./Core/Src/main.o (sprintf)
E:/Program/STM32CubeIDE_1.13.1/STM32CubeIDE/plugins/com.st.stm32cube.ide.mcu.externaltools.gnu-tools-for-stm32.11.3.rel1.win32_1.1.0.202305231506/tools/bin/../lib/gcc/arm-none-eabi/11.3.1/../../../../arm-none-eabi/lib/thumb/v7e-m+fp/hard\libc_nano.a(libc_a-stdio.o)
                              E:/Program/STM32CubeIDE_1.13.1/STM32CubeIDE/plugins/com.st.stm32cube.ide.mcu.externaltools.gnu-tools-for-stm32.11.3.rel1.win32_1.1.0.202305231506/tools/bin/../lib/gcc/arm-none-eabi/11.3.1/../../../../arm-none-eabi/lib/thumb/v7e-m+fp/hard\libc_nano.a(libc_a-findfp.o) (__sread)
E:/Program/STM32CubeIDE_1.13.1/STM32CubeIDE/plugins/com.st.stm32cube.ide.mcu.externaltools.gnu-tools-for-stm32.11.3.rel1.win32_1.1.0.202305231506/tools/bin/../lib/gcc/arm-none-eabi/11.3.1/../../../../arm-none-eabi/lib/thumb/v7e-m+fp/hard\libc_nano.a(libc_a-memset.o)
                              E:/Program/STM32CubeIDE_1.13.1/STM32CubeIDE/plugins/com.st.stm32cube.ide.mcu.externaltools.gnu-tools-for-stm32.11.3.rel1.win32_1.1.0.202305231506/tools/bin/../lib/gcc/arm-none-eabi/11.3.1/../../../../arm-none-eabi/lib/thumb/v7e-m+fp/hard/crt0.o (memset)
E:/Program/STM32CubeIDE_1.13.1/STM32CubeIDE/plugins/com.st.stm32cube.ide.mcu.externaltools.gnu-tools-for-stm32.11.3.rel1.win32_1.1.0.202305231506/tools/bin/../lib/gcc/arm-none-eabi/11.3.1/../../../../arm-none-eabi/lib/thumb/v7e-m+fp/hard\libc_nano.a(libc_a-localeconv.o)
                              E:/Program/STM32CubeIDE_1.13.1/STM32CubeIDE/plugins/com.st.stm32cube.ide.mcu.externaltools.gnu-tools-for-stm32.11.3.rel1.win32_1.1.0.202305231506/tools/bin/../lib/gcc/arm-none-eabi/11.3.1/../../../../arm-none-eabi/lib/thumb/v7e-m+fp/hard\libc_nano.a(libc_a-nano-vfprintf_float.o) (_localeconv_r)
[...]
Memory Configuration

Name             Origin             Length             Attributes
CCMRAM           0x0000000010000000 0x0000000000010000 xrw
RAM              0x0000000020000000 0x0000000000030000 xrw
FLASH            0x0000000008000000 0x0000000000200000 xr
*default*        0x0000000000000000 0xffffffffffffffff

Linker script and memory map

LOAD E:/Program/STM32CubeIDE_1.13.1/STM32CubeIDE/plugins/com.st.stm32cube.ide.mcu.externaltools.gnu-tools-for-stm32.11.3.rel1.win32_1.1.0.202305231506/tools/bin/../lib/gcc/arm-none-eabi/11.3.1/thumb/v7e-m+fp/hard/crti.o
LOAD E:/Program/STM32CubeIDE_1.13.1/STM32CubeIDE/plugins/com.st.stm32cube.ide.mcu.externaltools.gnu-tools-for-stm32.11.3.rel1.win32_1.1.0.202305231506/tools/bin/../lib/gcc/arm-none-eabi/11.3.1/thumb/v7e-m+fp/hard/crtbegin.o
LOAD E:/Program/STM32CubeIDE_1.13.1/STM32CubeIDE/plugins/com.st.stm32cube.ide.mcu.externaltools.gnu-tools-for-stm32.11.3.rel1.win32_1.1.0.202305231506/tools/bin/../lib/gcc/arm-none-eabi/11.3.1/../../../../arm-none-eabi/lib/thumb/v7e-m+fp/hard/crt0.o
LOAD ./Core/Src/main.o
LOAD ./Core/Src/stm32f4xx_hal_msp.o
LOAD ./Core/Src/stm32f4xx_it.o
LOAD ./Core/Src/syscalls.o
LOAD ./Core/Src/sysmem.o
LOAD ./Core/Src/system_stm32f4xx.o
LOAD ./Core/Startup/startup_stm32f429zitx.o
LOAD ./Drivers/BSP/Components/cs43l22/cs43l22.o
LOAD ./Drivers/BSP/Components/dp83848/dp83848.o
LOAD ./Drivers/BSP/Components/exc7200/exc7200.o
LOAD ./Drivers/BSP/Components/ft3x67/ft3x67.o
LOAD ./Drivers/BSP/Components/ft6x06/ft6x06.o
LOAD ./Drivers/BSP/Components/i3g4250d/i3g4250d.o
LOAD ./Drivers/BSP/Components/ili9325/ili9325.o
LOAD ./Drivers/BSP/Components/ili9341/ili9341.o
LOAD ./Drivers/BSP/Components/l3gd20/l3gd20.o
LOAD ./Drivers/BSP/Components/lan8742/lan8742.o
LOAD ./Drivers/BSP/Components/lis302dl/lis302dl.o
LOAD ./Drivers/BSP/Components/lis3dsh/lis3dsh.o
LOAD ./Drivers/BSP/Components/ls016b8uy/ls016b8uy.o
LOAD ./Drivers/BSP/Components/lsm303agr/lsm303agr.o
LOAD ./Drivers/BSP/Components/lsm303dlhc/lsm303dlhc.o
LOAD ./Drivers/BSP/Components/mfxstm32l152/mfxstm32l152.o
LOAD ./Drivers/BSP/Components/nt35510/nt35510.o
LOAD ./Drivers/BSP/Components/otm8009a/otm8009a.o
LOAD ./Drivers/BSP/Components/ov2640/ov2640.o
LOAD ./Drivers/BSP/Components/ov5640/ov5640.o
LOAD ./Drivers/BSP/Components/s5k5cag/s5k5cag.o
LOAD ./Drivers/BSP/Components/st7735/st7735.o
LOAD ./Drivers/BSP/Components/st7789h2/st7789h2.o
LOAD ./Drivers/BSP/Components/stmpe1600/stmpe1600.o
LOAD ./Drivers/BSP/Components/stmpe811/stmpe811.o
LOAD ./Drivers/BSP/Components/ts3510/ts3510.o
LOAD ./Drivers/BSP/Components/wm8994/wm8994.o
LOAD ./Drivers/BSP/STM32F429I-Discovery/stm32f429i_discovery.o
LOAD ./Drivers/BSP/STM32F429I-Discovery/stm32f429i_discovery_eeprom.o
LOAD ./Drivers/BSP/STM32F429I-Discovery/stm32f429i_discovery_gyroscope.o
LOAD ./Drivers/BSP/STM32F429I-Discovery/stm32f429i_discovery_io.o
LOAD ./Drivers/BSP/STM32F429I-Discovery/stm32f429i_discovery_lcd.o
LOAD ./Drivers/BSP/STM32F429I-Discovery/stm32f429i_discovery_sdram.o
LOAD ./Drivers/BSP/STM32F429I-Discovery/stm32f429i_discovery_ts.o
LOAD ./Drivers/STM32F4xx_HAL_Driver/Src/stm32f4xx_hal.o
LOAD ./Drivers/STM32F4xx_HAL_Driver/Src/stm32f4xx_hal_cortex.o
LOAD ./Drivers/STM32F4xx_HAL_Driver/Src/stm32f4xx_hal_dma.o
LOAD ./Drivers/STM32F4xx_HAL_Driver/Src/stm32f4xx_hal_dma_ex.o
LOAD ./Drivers/STM32F4xx_HAL_Driver/Src/stm32f4xx_hal_exti.o
LOAD ./Drivers/STM32F4xx_HAL_Driver/Src/stm32f4xx_hal_flash.o
LOAD ./Drivers/STM32F4xx_HAL_Driver/Src/stm32f4xx_hal_flash_ex.o
LOAD ./Drivers/STM32F4xx_HAL_Driver/Src/stm32f4xx_hal_flash_ramfunc.o
LOAD ./Drivers/STM32F4xx_HAL_Driver/Src/stm32f4xx_hal_gpio.o
LOAD ./Drivers/STM32F4xx_HAL_Driver/Src/stm32f4xx_hal_pwr.o
LOAD ./Drivers/STM32F4xx_HAL_Driver/Src/stm32f4xx_hal_pwr_ex.o
LOAD ./Drivers/STM32F4xx_HAL_Driver/Src/stm32f4xx_hal_rcc.o
LOAD ./Drivers/STM32F4xx_HAL_Driver/Src/stm32f4xx_hal_rcc_ex.o
LOAD ./Drivers/STM32F4xx_HAL_Driver/stm32f4xx_hal_dma2d.o
LOAD ./Drivers/STM32F4xx_HAL_Driver/stm32f4xx_hal_i2c.o
LOAD ./Drivers/STM32F4xx_HAL_Driver/stm32f4xx_hal_ltdc.o
LOAD ./Drivers/STM32F4xx_HAL_Driver/stm32f4xx_hal_sdram.o
LOAD ./Drivers/STM32F4xx_HAL_Driver/stm32f4xx_hal_spi.o
LOAD ./Drivers/STM32F4xx_HAL_Driver/stm32f4xx_ll_fmc.o
START GROUP
LOAD E:/Program/STM32CubeIDE_1.13.1/STM32CubeIDE/plugins/com.st.stm32cube.ide.mcu.externaltools.gnu-tools-for-stm32.11.3.rel1.win32_1.1.0.202305231506/tools/bin/../lib/gcc/arm-none-eabi/11.3.1/../../../../arm-none-eabi/lib/thumb/v7e-m+fp/hard\libc_nano.a
LOAD E:/Program/STM32CubeIDE_1.13.1/STM32CubeIDE/plugins/com.st.stm32cube.ide.mcu.externaltools.gnu-tools-for-stm32.11.3.rel1.win32_1.1.0.202305231506/tools/bin/../lib/gcc/arm-none-eabi/11.3.1/../../../../arm-none-eabi/lib/thumb/v7e-m+fp/hard\libm.a
END GROUP
START GROUP
LOAD E:/Program/STM32CubeIDE_1.13.1/STM32CubeIDE/plugins/com.st.stm32cube.ide.mcu.externaltools.gnu-tools-for-stm32.11.3.rel1.win32_1.1.0.202305231506/tools/bin/../lib/gcc/arm-none-eabi/11.3.1/thumb/v7e-m+fp/hard\libgcc.a
LOAD E:/Program/STM32CubeIDE_1.13.1/STM32CubeIDE/plugins/com.st.stm32cube.ide.mcu.externaltools.gnu-tools-for-stm32.11.3.rel1.win32_1.1.0.202305231506/tools/bin/../lib/gcc/arm-none-eabi/11.3.1/../../../../arm-none-eabi/lib/thumb/v7e-m+fp/hard\libc_nano.a
END GROUP
START GROUP
LOAD E:/Program/STM32CubeIDE_1.13.1/STM32CubeIDE/plugins/com.st.stm32cube.ide.mcu.externaltools.gnu-tools-for-stm32.11.3.rel1.win32_1.1.0.202305231506/tools/bin/../lib/gcc/arm-none-eabi/11.3.1/thumb/v7e-m+fp/hard\libgcc.a
LOAD E:/Program/STM32CubeIDE_1.13.1/STM32CubeIDE/plugins/com.st.stm32cube.ide.mcu.externaltools.gnu-tools-for-stm32.11.3.rel1.win32_1.1.0.202305231506/tools/bin/../lib/gcc/arm-none-eabi/11.3.1/../../../../arm-none-eabi/lib/thumb/v7e-m+fp/hard\libc_nano.a
LOAD E:/Program/STM32CubeIDE_1.13.1/STM32CubeIDE/plugins/com.st.stm32cube.ide.mcu.externaltools.gnu-tools-for-stm32.11.3.rel1.win32_1.1.0.202305231506/tools/bin/../lib/gcc/arm-none-eabi/11.3.1/../../../../arm-none-eabi/lib/thumb/v7e-m+fp/hard\libnosys.a
END GROUP
START GROUP
LOAD E:/Program/STM32CubeIDE_1.13.1/STM32CubeIDE/plugins/com.st.stm32cube.ide.mcu.externaltools.gnu-tools-for-stm32.11.3.rel1.win32_1.1.0.202305231506/tools/bin/../lib/gcc/arm-none-eabi/11.3.1/thumb/v7e-m+fp/hard\libgcc.a
LOAD E:/Program/STM32CubeIDE_1.13.1/STM32CubeIDE/plugins/com.st.stm32cube.ide.mcu.externaltools.gnu-tools-for-stm32.11.3.rel1.win32_1.1.0.202305231506/tools/bin/../lib/gcc/arm-none-eabi/11.3.1/../../../../arm-none-eabi/lib/thumb/v7e-m+fp/hard\libc_nano.a
LOAD E:/Program/STM32CubeIDE_1.13.1/STM32CubeIDE/plugins/com.st.stm32cube.ide.mcu.externaltools.gnu-tools-for-stm32.11.3.rel1.win32_1.1.0.202305231506/tools/bin/../lib/gcc/arm-none-eabi/11.3.1/../../../../arm-none-eabi/lib/thumb/v7e-m+fp/hard\libnosys.a
END GROUP
LOAD E:/Program/STM32CubeIDE_1.13.1/STM32CubeIDE/plugins/com.st.stm32cube.ide.mcu.externaltools.gnu-tools-for-stm32.11.3.rel1.win32_1.1.0.202305231506/tools/bin/../lib/gcc/arm-none-eabi/11.3.1/thumb/v7e-m+fp/hard/crtend.o
LOAD E:/Program/STM32CubeIDE_1.13.1/STM32CubeIDE/plugins/com.st.stm32cube.ide.mcu.externaltools.gnu-tools-for-stm32.11.3.rel1.win32_1.1.0.202305231506/tools/bin/../lib/gcc/arm-none-eabi/11.3.1/thumb/v7e-m+fp/hard/crtn.o
                0x0000000020030000                _estack = (ORIGIN (RAM) + LENGTH (RAM))
                0x0000000000000200                _Min_Heap_Size = 0x200
                0x0000000000000400                _Min_Stack_Size = 0x400

.isr_vector     0x0000000008000000      0x1ac
                0x0000000008000000                . = ALIGN (0x4)
 *(.isr_vector)
 .isr_vector    0x0000000008000000      0x1ac ./Core/Startup/startup_stm32f429zitx.o
                0x0000000008000000                g_pfnVectors
                0x00000000080001ac                . = ALIGN (0x4)

.text           0x00000000080001b0     0x8a30
                0x00000000080001b0                . = ALIGN (0x4)
 *(.text)
 .text          0x00000000080001b0       0x40 E:/Program/STM32CubeIDE_1.13.1/STM32CubeIDE/plugins/com.st.stm32cube.ide.mcu.externaltools.gnu-tools-for-stm32.11.3.rel1.win32_1.1.0.202305231506/tools/bin/../lib/gcc/arm-none-eabi/11.3.1/thumb/v7e-m+fp/hard/crtbegin.o
 .text          0x00000000080001f0       0xa0 E:/Program/STM32CubeIDE_1.13.1/STM32CubeIDE/plugins/com.st.stm32cube.ide.mcu.externaltools.gnu-tools-for-stm32.11.3.rel1.win32_1.1.0.202305231506/tools/bin/../lib/gcc/arm-none-eabi/11.3.1/../../../../arm-none-eabi/lib/thumb/v7e-m+fp/hard\libc_nano.a(libc_a-memchr.o)
                0x00000000080001f0                memchr
 .text          0x0000000008000290       0x10 E:/Program/STM32CubeIDE_1.13.1/STM32CubeIDE/plugins/com.st.stm32cube.ide.mcu.externaltools.gnu-tools-for-stm32.11.3.rel1.win32_1.1.0.202305231506/tools/bin/../lib/gcc/arm-none-eabi/11.3.1/../../../../arm-none-eabi/lib/thumb/v7e-m+fp/hard\libc_nano.a(libc_a-strlen.o)
                0x0000000008000290                strlen
 .text          0x00000000080002a0      0x378 E:/Program/STM32CubeIDE_1.13.1/STM32CubeIDE/plugins/com.st.stm32cube.ide.mcu.externaltools.gnu-tools-for-stm32.11.3.rel1.win32_1.1.0.202305231506/tools/bin/../lib/gcc/arm-none-eabi/11.3.1/thumb/v7e-m+fp/hard\libgcc.a(_arm_addsubdf3.o)
                0x00000000080002a0                __aeabi_drsub
                0x00000000080002a8                __aeabi_dsub
                0x00000000080002a8                __subdf3
                0x00000000080002ac                __aeabi_dadd
                0x00000000080002ac                __adddf3
                0x0000000008000524                __floatunsidf
                0x0000000008000524                __aeabi_ui2d
                0x0000000008000544                __floatsidf
                0x0000000008000544                __aeabi_i2d
                0x0000000008000568                __aeabi_f2d
                0x0000000008000568                __extendsfdf2
                0x00000000080005ac                __floatundidf
                0x00000000080005ac                __aeabi_ul2d
                0x00000000080005bc                __floatdidf
                0x00000000080005bc                __aeabi_l2d
 .text          0x0000000008000618      0x424 E:/Program/STM32CubeIDE_1.13.1/STM32CubeIDE/plugins/com.st.stm32cube.ide.mcu.externaltools.gnu-tools-for-stm32.11.3.rel1.win32_1.1.0.202305231506/tools/bin/../lib/gcc/arm-none-eabi/11.3.1/thumb/v7e-m+fp/hard\libgcc.a(_arm_muldivdf3.o)
                0x0000000008000618                __aeabi_dmul
                0x0000000008000618                __muldf3
                0x000000000800086c                __divdf3
                0x000000000800086c                __aeabi_ddiv
 .text          0x0000000008000a3c      0x110 E:/Program/STM32CubeIDE_1.13.1/STM32CubeIDE/plugins/com.st.stm32cube.ide.mcu.externaltools.gnu-tools-for-stm32.11.3.rel1.win32_1.1.0.202305231506/tools/bin/../lib/gcc/arm-none-eabi/11.3.1/thumb/v7e-m+fp/hard\libgcc.a(_arm_cmpdf2.o)
                0x0000000008000a3c                __gtdf2
                0x0000000008000a3c                __gedf2
                0x0000000008000a44                __ltdf2
                0x0000000008000a44                __ledf2
                0x0000000008000a4c                __nedf2
                0x0000000008000a4c                __eqdf2
                0x0000000008000a4c                __cmpdf2
                0x0000000008000ac8                __aeabi_cdrcmple
                0x0000000008000ad8                __aeabi_cdcmpeq
                0x0000000008000ad8                __aeabi_cdcmple
                0x0000000008000ae8                __aeabi_dcmpeq
                0x0000000008000afc                __aeabi_dcmplt
                0x0000000008000b10                __aeabi_dcmple
                0x0000000008000b24                __aeabi_dcmpge
                0x0000000008000b38                __aeabi_dcmpgt
 .text          0x0000000008000b4c       0x2c E:/Program/STM32CubeIDE_1.13.1/STM32CubeIDE/plugins/com.st.stm32cube.ide.mcu.externaltools.gnu-tools-for-stm32.11.3.rel1.win32_1.1.0.202305231506/tools/bin/../lib/gcc/arm-none-eabi/11.3.1/thumb/v7e-m+fp/hard\libgcc.a(_arm_unorddf2.o)
                0x0000000008000b4c                __unorddf2
                0x0000000008000b4c                __aeabi_dcmpun
 .text          0x0000000008000b78       0x50 E:/Program/STM32CubeIDE_1.13.1/STM32CubeIDE/plugins/com.st.stm32cube.ide.mcu.externaltools.gnu-tools-for-stm32.11.3.rel1.win32_1.1.0.202305231506/tools/bin/../lib/gcc/arm-none-eabi/11.3.1/thumb/v7e-m+fp/hard\libgcc.a(_arm_fixdfsi.o)
                0x0000000008000b78                __aeabi_d2iz
                0x0000000008000b78                __fixdfsi
 .text          0x0000000008000bc8       0x30 E:/Program/STM32CubeIDE_1.13.1/STM32CubeIDE/plugins/com.st.stm32cube.ide.mcu.externaltools.gnu-tools-for-stm32.11.3.rel1.win32_1.1.0.202305231506/tools/bin/../lib/gcc/arm-none-eabi/11.3.1/thumb/v7e-m+fp/hard\libgcc.a(_aeabi_uldivmod.o)
                0x0000000008000bc8                __aeabi_uldivmod
 .text          0x0000000008000bf8      0x2c8 E:/Program/STM32CubeIDE_1.13.1/STM32CubeIDE/plugins/com.st.stm32cube.ide.mcu.externaltools.gnu-tools-for-stm32.11.3.rel1.win32_1.1.0.202305231506/tools/bin/../lib/gcc/arm-none-eabi/11.3.1/thumb/v7e-m+fp/hard\libgcc.a(_udivmoddi4.o)
                0x0000000008000bf8                __udivmoddi4
 .text          0x0000000008000ec0        0x4 E:/Program/STM32CubeIDE_1.13.1/STM32CubeIDE/plugins/com.st.stm32cube.ide.mcu.externaltools.gnu-tools-for-stm32.11.3.rel1.win32_1.1.0.202305231506/tools/bin/../lib/gcc/arm-none-eabi/11.3.1/thumb/v7e-m+fp/hard\libgcc.a(_dvmd_tls.o)
                0x0000000008000ec0                __aeabi_idiv0
                0x0000000008000ec0                __aeabi_ldiv0
 *(.text*)
 .text.main     0x0000000008000ec4       0xe0 ./Core/Src/main.o
                0x0000000008000ec4                main
 .text.SystemClock_Config
                0x0000000008000fa4       0xe4 ./Core/Src/main.o
                0x0000000008000fa4                SystemClock_Config
 .text.MX_GPIO_Init
                0x0000000008001088       0x34 ./Core/Src/main.o
 .text.Error_Handler
                0x00000000080010bc        0xa ./Core/Src/main.o
                0x00000000080010bc                Error_Handler
 *fill*         0x00000000080010c6        0x2 
 .text.HAL_MspInit
                0x00000000080010c8       0x50 ./Core/Src/stm32f4xx_hal_msp.o
                0x00000000080010c8                HAL_MspInit
 .text.NMI_Handler
                0x0000000008001118        0x6 ./Core/Src/stm32f4xx_it.o
                0x0000000008001118                NMI_Handler
 .text.HardFault_Handler
                0x000000000800111e        0x6 ./Core/Src/stm32f4xx_it.o
                0x000000000800111e                HardFault_Handler
 .text.MemManage_Handler
                0x0000000008001124        0x6 ./Core/Src/stm32f4xx_it.o
                0x0000000008001124                MemManage_Handler
 .text.BusFault_Handler
                0x000000000800112a        0x6 ./Core/Src/stm32f4xx_it.o
                0x000000000800112a                BusFault_Handler
 .text.UsageFault_Handler
                0x0000000008001130        0x6 ./Core/Src/stm32f4xx_it.o
                0x0000000008001130                UsageFault_Handler
 .text.SVC_Handler
                0x0000000008001136        0xe ./Core/Src/stm32f4xx_it.o
                0x0000000008001136                SVC_Handler
 .text.DebugMon_Handler
                0x0000000008001144        0xe ./Core/Src/stm32f4xx_it.o
                0x0000000008001144                DebugMon_Handler
 .text.PendSV_Handler
                0x0000000008001152        0xe ./Core/Src/stm32f4xx_it.o
                0x0000000008001152                PendSV_Handler
 .text.SysTick_Handler
                0x0000000008001160        0xc ./Core/Src/stm32f4xx_it.o
                0x0000000008001160                SysTick_Handler
 .text._getpid  0x000000000800116c       0x10 ./Core/Src/syscalls.o
                0x000000000800116c                _getpid
 .text._kill    0x000000000800117c       0x20 ./Core/Src/syscalls.o
                0x000000000800117c                _kill
 .text._exit    0x000000000800119c       0x14 ./Core/Src/syscalls.o
                0x000000000800119c                _exit
 .text._read    0x00000000080011b0       0x3a ./Core/Src/syscalls.o
                0x00000000080011b0                _read
 .text._write   0x00000000080011ea       0x38 ./Core/Src/syscalls.o
                0x00000000080011ea                _write
 .text._close   0x0000000008001222       0x18 ./Core/Src/syscalls.o
                0x0000000008001222                _close
 .text._fstat   0x000000000800123a       0x20 ./Core/Src/syscalls.o
                0x000000000800123a                _fstat
 .text._isatty  0x000000000800125a       0x16 ./Core/Src/syscalls.o
                0x000000000800125a                _isatty
 .text._lseek   0x0000000008001270       0x1a ./Core/Src/syscalls.o
                0x0000000008001270                _lseek
 *fill*         0x000000000800128a        0x2 
 .text._sbrk    0x000000000800128c       0x6c ./Core/Src/sysmem.o
                0x000000000800128c                _sbrk
 .text.SystemInit
                0x00000000080012f8       0x24 ./Core/Src/system_stm32f4xx.o
                0x00000000080012f8                SystemInit
 .text.Reset_Handler
                0x000000000800131c       0x50 ./Core/Startup/startup_stm32f429zitx.o
                0x000000000800131c                Reset_Handler
 .text.Default_Handler
                0x000000000800136c        0x2 ./Core/Startup/startup_stm32f429zitx.o
                0x000000000800136c                RTC_Alarm_IRQHandler
                0x000000000800136c                HASH_RNG_IRQHandler
                0x000000000800136c                EXTI2_IRQHandler
                0x000000000800136c                TIM8_CC_IRQHandler
                0x000000000800136c                UART8_IRQHandler
                0x000000000800136c                SPI4_IRQHandler
                0x000000000800136c                TIM1_CC_IRQHandler
                0x000000000800136c                DMA2_Stream5_IRQHandler
                0x000000000800136c                DMA1_Stream5_IRQHandler
                0x000000000800136c                PVD_IRQHandler
                0x000000000800136c                SDIO_IRQHandler
                0x000000000800136c                TAMP_STAMP_IRQHandler
                0x000000000800136c                CAN2_RX1_IRQHandler
                0x000000000800136c                EXTI3_IRQHandler
                0x000000000800136c                TIM8_TRG_COM_TIM14_IRQHandler
                0x000000000800136c                TIM1_UP_TIM10_IRQHandler
                0x000000000800136c                TIM8_UP_TIM13_IRQHandler
                0x000000000800136c                I2C3_ER_IRQHandler
                0x000000000800136c                EXTI0_IRQHandler
                0x000000000800136c                I2C2_EV_IRQHandler
                0x000000000800136c                DMA1_Stream2_IRQHandler
                0x000000000800136c                CAN1_RX0_IRQHandler
                0x000000000800136c                FPU_IRQHandler
                0x000000000800136c                OTG_HS_WKUP_IRQHandler
                0x000000000800136c                LTDC_ER_IRQHandler
                0x000000000800136c                CAN2_SCE_IRQHandler
                0x000000000800136c                DMA2_Stream2_IRQHandler
                0x000000000800136c                SPI1_IRQHandler
                0x000000000800136c                TIM6_DAC_IRQHandler
                0x000000000800136c                TIM1_BRK_TIM9_IRQHandler
                0x000000000800136c                DCMI_IRQHandler
                0x000000000800136c                CAN2_RX0_IRQHandler
                0x000000000800136c                DMA2_Stream3_IRQHandler
                0x000000000800136c                USART6_IRQHandler
                0x000000000800136c                USART3_IRQHandler
                0x000000000800136c                CAN1_RX1_IRQHandler
                0x000000000800136c                UART5_IRQHandler
                0x000000000800136c                DMA2_Stream0_IRQHandler
                0x000000000800136c                TIM4_IRQHandler
                0x000000000800136c                I2C1_EV_IRQHandler
                0x000000000800136c                DMA1_Stream6_IRQHandler
                0x000000000800136c                DMA1_Stream1_IRQHandler
                0x000000000800136c                UART4_IRQHandler
                0x000000000800136c                TIM3_IRQHandler
                0x000000000800136c                RCC_IRQHandler
                0x000000000800136c                TIM8_BRK_TIM12_IRQHandler
                0x000000000800136c                Default_Handler
                0x000000000800136c                EXTI15_10_IRQHandler
                0x000000000800136c                ADC_IRQHandler
                0x000000000800136c                DMA1_Stream7_IRQHandler
                0x000000000800136c                SPI5_IRQHandler
                0x000000000800136c                TIM7_IRQHandler
                0x000000000800136c                CAN2_TX_IRQHandler
                0x000000000800136c                TIM5_IRQHandler
                0x000000000800136c                DMA2_Stream7_IRQHandler
                0x000000000800136c                I2C3_EV_IRQHandler
                0x000000000800136c                EXTI9_5_IRQHandler
                0x000000000800136c                RTC_WKUP_IRQHandler
                0x000000000800136c                LTDC_IRQHandler
                0x000000000800136c                ETH_WKUP_IRQHandler
                0x000000000800136c                SPI2_IRQHandler
                0x000000000800136c                OTG_HS_EP1_IN_IRQHandler
                0x000000000800136c                DMA1_Stream0_IRQHandler
                0x000000000800136c                CAN1_TX_IRQHandler
                0x000000000800136c                EXTI4_IRQHandler
                0x000000000800136c                ETH_IRQHandler
                0x000000000800136c                OTG_HS_EP1_OUT_IRQHandler
                0x000000000800136c                WWDG_IRQHandler
                0x000000000800136c                SPI6_IRQHandler
                0x000000000800136c                TIM2_IRQHandler
                0x000000000800136c                OTG_FS_WKUP_IRQHandler
                0x000000000800136c                TIM1_TRG_COM_TIM11_IRQHandler
                0x000000000800136c                OTG_HS_IRQHandler
                0x000000000800136c                DMA2D_IRQHandler
                0x000000000800136c                EXTI1_IRQHandler
                0x000000000800136c                UART7_IRQHandler
                0x000000000800136c                USART2_IRQHandler
                0x000000000800136c                I2C2_ER_IRQHandler
                0x000000000800136c                DMA2_Stream1_IRQHandler
                0x000000000800136c                CAN1_SCE_IRQHandler
                0x000000000800136c                FLASH_IRQHandler
                0x000000000800136c                DMA2_Stream4_IRQHandler
                0x000000000800136c                USART1_IRQHandler
                0x000000000800136c                OTG_FS_IRQHandler
                0x000000000800136c                SPI3_IRQHandler
                0x000000000800136c                DMA1_Stream4_IRQHandler
                0x000000000800136c                I2C1_ER_IRQHandler
                0x000000000800136c                FMC_IRQHandler
                0x000000000800136c                DMA2_Stream6_IRQHandler
                0x000000000800136c                SAI1_IRQHandler
                0x000000000800136c                DMA1_Stream3_IRQHandler
 .text.ili9341_Init
                0x000000000800136e      0x294 ./Drivers/BSP/Components/ili9341/ili9341.o
                0x000000000800136e                ili9341_Init
 .text.ili9341_ReadID
                0x0000000008001602       0x18 ./Drivers/BSP/Components/ili9341/ili9341.o
                0x0000000008001602                ili9341_ReadID
 .text.ili9341_DisplayOn
                0x000000000800161a        0xe ./Drivers/BSP/Components/ili9341/ili9341.o
                0x000000000800161a                ili9341_DisplayOn
 .text.ili9341_DisplayOff
                0x0000000008001628        0xe ./Drivers/BSP/Components/ili9341/ili9341.o
                0x0000000008001628                ili9341_DisplayOff
 .text.ili9341_WriteReg
                0x0000000008001636       0x1a ./Drivers/BSP/Components/ili9341/ili9341.o
                0x0000000008001636                ili9341_WriteReg
 .text.ili9341_WriteData
                0x0000000008001650       0x1a ./Drivers/BSP/Components/ili9341/ili9341.o
                0x0000000008001650                ili9341_WriteData
 .text.ili9341_ReadData
                0x000000000800166a       0x26 ./Drivers/BSP/Components/ili9341/ili9341.o
                0x000000000800166a                ili9341_ReadData
 .text.ili9341_GetLcdPixelWidth
                0x0000000008001690       0x10 ./Drivers/BSP/Components/ili9341/ili9341.o
                0x0000000008001690                ili9341_GetLcdPixelWidth
 .text.ili9341_GetLcdPixelHeight
                0x00000000080016a0       0x12 ./Drivers/BSP/Components/ili9341/ili9341.o
                0x00000000080016a0                ili9341_GetLcdPixelHeight
 .text.L3GD20_Init
                0x00000000080016b2       0x46 ./Drivers/BSP/Components/l3gd20/l3gd20.o
                0x00000000080016b2                L3GD20_Init
 .text.L3GD20_DeInit
                0x00000000080016f8        0xe ./Drivers/BSP/Components/l3gd20/l3gd20.o
                0x00000000080016f8                L3GD20_DeInit
 .text.L3GD20_ReadID
                0x0000000008001706       0x20 ./Drivers/BSP/Components/l3gd20/l3gd20.o
                0x0000000008001706                L3GD20_ReadID
 .text.L3GD20_RebootCmd
                0x0000000008001726       0x30 ./Drivers/BSP/Components/l3gd20/l3gd20.o
                0x0000000008001726                L3GD20_RebootCmd
 .text.L3GD20_LowPower
                0x0000000008001756       0x2a ./Drivers/BSP/Components/l3gd20/l3gd20.o
                0x0000000008001756                L3GD20_LowPower
 .text.L3GD20_INT1InterruptConfig
                0x0000000008001780       0x86 ./Drivers/BSP/Components/l3gd20/l3gd20.o
                0x0000000008001780                L3GD20_INT1InterruptConfig
 .text.L3GD20_EnableIT
                0x0000000008001806       0x64 ./Drivers/BSP/Components/l3gd20/l3gd20.o
                0x0000000008001806                L3GD20_EnableIT
 .text.L3GD20_DisableIT
                0x000000000800186a       0x58 ./Drivers/BSP/Components/l3gd20/l3gd20.o
                0x000000000800186a                L3GD20_DisableIT
 .text.L3GD20_FilterConfig
                0x00000000080018c2       0x42 ./Drivers/BSP/Components/l3gd20/l3gd20.o
                0x00000000080018c2                L3GD20_FilterConfig
 .text.L3GD20_FilterCmd
                0x0000000008001904       0x42 ./Drivers/BSP/Components/l3gd20/l3gd20.o
                0x0000000008001904                L3GD20_FilterCmd
 *fill*         0x0000000008001946        0x2 
 .text.L3GD20_ReadXYZAngRate
                0x0000000008001948      0x158 ./Drivers/BSP/Components/l3gd20/l3gd20.o
                0x0000000008001948                L3GD20_ReadXYZAngRate
 .text.SPIx_Init
                0x0000000008001aa0       0x74 ./Drivers/BSP/STM32F429I-Discovery/stm32f429i_discovery.o
 .text.SPIx_Read
                0x0000000008001b14       0x40 ./Drivers/BSP/STM32F429I-Discovery/stm32f429i_discovery.o
 .text.SPIx_Write
                0x0000000008001b54       0x3c ./Drivers/BSP/STM32F429I-Discovery/stm32f429i_discovery.o
 .text.SPIx_WriteRead
                0x0000000008001b90       0x40 ./Drivers/BSP/STM32F429I-Discovery/stm32f429i_discovery.o
 .text.SPIx_Error
                0x0000000008001bd0       0x18 ./Drivers/BSP/STM32F429I-Discovery/stm32f429i_discovery.o
 .text.SPIx_MspInit
                0x0000000008001be8       0x74 ./Drivers/BSP/STM32F429I-Discovery/stm32f429i_discovery.o
 .text.LCD_IO_Init
                0x0000000008001c5c       0xf0 ./Drivers/BSP/STM32F429I-Discovery/stm32f429i_discovery.o
                0x0000000008001c5c                LCD_IO_Init
 .text.LCD_IO_WriteData
                0x0000000008001d4c       0x44 ./Drivers/BSP/STM32F429I-Discovery/stm32f429i_discovery.o
                0x0000000008001d4c                LCD_IO_WriteData
 .text.LCD_IO_WriteReg
                0x0000000008001d90       0x44 ./Drivers/BSP/STM32F429I-Discovery/stm32f429i_discovery.o
                0x0000000008001d90                LCD_IO_WriteReg
 .text.LCD_IO_ReadData
                0x0000000008001dd4       0x64 ./Drivers/BSP/STM32F429I-Discovery/stm32f429i_discovery.o
                0x0000000008001dd4                LCD_IO_ReadData
 .text.LCD_Delay
                0x0000000008001e38       0x16 ./Drivers/BSP/STM32F429I-Discovery/stm32f429i_discovery.o
                0x0000000008001e38                LCD_Delay
 *fill*         0x0000000008001e4e        0x2 
 .text.GYRO_IO_Init
                0x0000000008001e50       0x98 ./Drivers/BSP/STM32F429I-Discovery/stm32f429i_discovery.o
                0x0000000008001e50                GYRO_IO_Init
 .text.GYRO_IO_Write
                0x0000000008001ee8       0x64 ./Drivers/BSP/STM32F429I-Discovery/stm32f429i_discovery.o
                0x0000000008001ee8                GYRO_IO_Write
 .text.GYRO_IO_Read
                0x0000000008001f4c       0x74 ./Drivers/BSP/STM32F429I-Discovery/stm32f429i_discovery.o
                0x0000000008001f4c                GYRO_IO_Read
 .text.BSP_GYRO_Init
                0x0000000008001fc0       0xcc ./Drivers/BSP/STM32F429I-Discovery/stm32f429i_discovery_gyroscope.o
                0x0000000008001fc0                BSP_GYRO_Init
 .text.BSP_GYRO_GetXYZ
                0x000000000800208c       0x28 ./Drivers/BSP/STM32F429I-Discovery/stm32f429i_discovery_gyroscope.o
                0x000000000800208c                BSP_GYRO_GetXYZ
 .text.BSP_LCD_Init
                0x00000000080020b4       0xd4 ./Drivers/BSP/STM32F429I-Discovery/stm32f429i_discovery_lcd.o
                0x00000000080020b4                BSP_LCD_Init
 .text.BSP_LCD_GetXSize
                0x0000000008002188       0x18 ./Drivers/BSP/STM32F429I-Discovery/stm32f429i_discovery_lcd.o
                0x0000000008002188                BSP_LCD_GetXSize
 .text.BSP_LCD_GetYSize
                0x00000000080021a0       0x18 ./Drivers/BSP/STM32F429I-Discovery/stm32f429i_discovery_lcd.o
                0x00000000080021a0                BSP_LCD_GetYSize
 .text.BSP_LCD_LayerDefaultInit
                0x00000000080021b8       0xc8 ./Drivers/BSP/STM32F429I-Discovery/stm32f429i_discovery_lcd.o
                0x00000000080021b8                BSP_LCD_LayerDefaultInit
 .text.BSP_LCD_SelectLayer
                0x0000000008002280       0x20 ./Drivers/BSP/STM32F429I-Discovery/stm32f429i_discovery_lcd.o
                0x0000000008002280                BSP_LCD_SelectLayer
 .text.BSP_LCD_SetTextColor
                0x00000000080022a0       0x30 ./Drivers/BSP/STM32F429I-Discovery/stm32f429i_discovery_lcd.o
                0x00000000080022a0                BSP_LCD_SetTextColor
 .text.BSP_LCD_SetBackColor
                0x00000000080022d0       0x34 ./Drivers/BSP/STM32F429I-Discovery/stm32f429i_discovery_lcd.o
                0x00000000080022d0                BSP_LCD_SetBackColor
 .text.BSP_LCD_SetFont
                0x0000000008002304       0x34 ./Drivers/BSP/STM32F429I-Discovery/stm32f429i_discovery_lcd.o
                0x0000000008002304                BSP_LCD_SetFont
 .text.BSP_LCD_GetFont
                0x0000000008002338       0x2c ./Drivers/BSP/STM32F429I-Discovery/stm32f429i_discovery_lcd.o
                0x0000000008002338                BSP_LCD_GetFont
 .text.BSP_LCD_Clear
                0x0000000008002364       0x50 ./Drivers/BSP/STM32F429I-Discovery/stm32f429i_discovery_lcd.o
                0x0000000008002364                BSP_LCD_Clear
 .text.BSP_LCD_DisplayChar
                0x00000000080023b4       0x88 ./Drivers/BSP/STM32F429I-Discovery/stm32f429i_discovery_lcd.o
                0x00000000080023b4                BSP_LCD_DisplayChar
 .text.BSP_LCD_DisplayStringAt
                0x000000000800243c      0x17c ./Drivers/BSP/STM32F429I-Discovery/stm32f429i_discovery_lcd.o
                0x000000000800243c                BSP_LCD_DisplayStringAt
 .text.BSP_LCD_DisplayStringAtLine
                0x00000000080025b8       0x2e ./Drivers/BSP/STM32F429I-Discovery/stm32f429i_discovery_lcd.o
                0x00000000080025b8                BSP_LCD_DisplayStringAtLine
 *fill*         0x00000000080025e6        0x2 
 .text.BSP_LCD_DisplayOn
                0x00000000080025e8       0x20 ./Drivers/BSP/STM32F429I-Discovery/stm32f429i_discovery_lcd.o
                0x00000000080025e8                BSP_LCD_DisplayOn
 .text.BSP_LCD_MspInit
                0x0000000008002608      0x1ac ./Drivers/BSP/STM32F429I-Discovery/stm32f429i_discovery_lcd.o
                0x0000000008002608                BSP_LCD_MspInit
 .text.BSP_LCD_DrawPixel
                0x00000000080027b4       0x4c ./Drivers/BSP/STM32F429I-Discovery/stm32f429i_discovery_lcd.o
                0x00000000080027b4                BSP_LCD_DrawPixel
 .text.DrawChar
                0x0000000008002800      0x174 ./Drivers/BSP/STM32F429I-Discovery/stm32f429i_discovery_lcd.o
 .text.FillBuffer
                0x0000000008002974       0x70 ./Drivers/BSP/STM32F429I-Discovery/stm32f429i_discovery_lcd.o
 .text.BSP_SDRAM_Init
                0x00000000080029e4       0xbc ./Drivers/BSP/STM32F429I-Discovery/stm32f429i_discovery_sdram.o
                0x00000000080029e4                BSP_SDRAM_Init
 .text.BSP_SDRAM_Initialization_sequence
                0x0000000008002aa0       0xc0 ./Drivers/BSP/STM32F429I-Discovery/stm32f429i_discovery_sdram.o
                0x0000000008002aa0                BSP_SDRAM_Initialization_sequence
 .text.BSP_SDRAM_MspInit
                0x0000000008002b60      0x218 ./Drivers/BSP/STM32F429I-Discovery/stm32f429i_discovery_sdram.o
                0x0000000008002b60                BSP_SDRAM_MspInit
 .text.HAL_Init
                0x0000000008002d78       0x44 ./Drivers/STM32F4xx_HAL_Driver/Src/stm32f4xx_hal.o
                0x0000000008002d78                HAL_Init
 .text.HAL_InitTick
                0x0000000008002dbc       0x60 ./Drivers/STM32F4xx_HAL_Driver/Src/stm32f4xx_hal.o
                0x0000000008002dbc                HAL_InitTick
 .text.HAL_IncTick
                0x0000000008002e1c       0x28 ./Drivers/STM32F4xx_HAL_Driver/Src/stm32f4xx_hal.o
                0x0000000008002e1c                HAL_IncTick
 .text.HAL_GetTick
                0x0000000008002e44       0x18 ./Drivers/STM32F4xx_HAL_Driver/Src/stm32f4xx_hal.o
                0x0000000008002e44                HAL_GetTick
 .text.HAL_Delay
                0x0000000008002e5c       0x48 ./Drivers/STM32F4xx_HAL_Driver/Src/stm32f4xx_hal.o
                0x0000000008002e5c                HAL_Delay
 .text.__NVIC_SetPriorityGrouping
                0x0000000008002ea4       0x48 ./Drivers/STM32F4xx_HAL_Driver/Src/stm32f4xx_hal_cortex.o
 .text.__NVIC_GetPriorityGrouping
                0x0000000008002eec       0x1c ./Drivers/STM32F4xx_HAL_Driver/Src/stm32f4xx_hal_cortex.o
 .text.__NVIC_EnableIRQ
                0x0000000008002f08       0x3c ./Drivers/STM32F4xx_HAL_Driver/Src/stm32f4xx_hal_cortex.o
 .text.__NVIC_SetPriority
                0x0000000008002f44       0x54 ./Drivers/STM32F4xx_HAL_Driver/Src/stm32f4xx_hal_cortex.o
 .text.NVIC_EncodePriority
                0x0000000008002f98       0x66 ./Drivers/STM32F4xx_HAL_Driver/Src/stm32f4xx_hal_cortex.o
 *fill*         0x0000000008002ffe        0x2 
 .text.SysTick_Config
                0x0000000008003000       0x44 ./Drivers/STM32F4xx_HAL_Driver/Src/stm32f4xx_hal_cortex.o
 .text.HAL_NVIC_SetPriorityGrouping
                0x0000000008003044       0x16 ./Drivers/STM32F4xx_HAL_Driver/Src/stm32f4xx_hal_cortex.o
                0x0000000008003044                HAL_NVIC_SetPriorityGrouping
 .text.HAL_NVIC_SetPriority
                0x000000000800305a       0x38 ./Drivers/STM32F4xx_HAL_Driver/Src/stm32f4xx_hal_cortex.o
                0x000000000800305a                HAL_NVIC_SetPriority
 .text.HAL_NVIC_EnableIRQ
                0x0000000008003092       0x1c ./Drivers/STM32F4xx_HAL_Driver/Src/stm32f4xx_hal_cortex.o
                0x0000000008003092                HAL_NVIC_EnableIRQ
 .text.HAL_SYSTICK_Config
                0x00000000080030ae       0x18 ./Drivers/STM32F4xx_HAL_Driver/Src/stm32f4xx_hal_cortex.o
                0x00000000080030ae                HAL_SYSTICK_Config
 *fill*         0x00000000080030c6        0x2 
 .text.HAL_DMA_Init
                0x00000000080030c8      0x15c ./Drivers/STM32F4xx_HAL_Driver/Src/stm32f4xx_hal_dma.o
                0x00000000080030c8                HAL_DMA_Init
 .text.HAL_DMA_DeInit
                0x0000000008003224       0xbc ./Drivers/STM32F4xx_HAL_Driver/Src/stm32f4xx_hal_dma.o
                0x0000000008003224                HAL_DMA_DeInit
 .text.DMA_CalcBaseAndBitshift
                0x00000000080032e0       0x6c ./Drivers/STM32F4xx_HAL_Driver/Src/stm32f4xx_hal_dma.o
 .text.DMA_CheckFifoParam
                0x000000000800334c       0xf8 ./Drivers/STM32F4xx_HAL_Driver/Src/stm32f4xx_hal_dma.o
 .text.HAL_GPIO_Init
                0x0000000008003444      0x358 ./Drivers/STM32F4xx_HAL_Driver/Src/stm32f4xx_hal_gpio.o
                0x0000000008003444                HAL_GPIO_Init
 .text.HAL_GPIO_WritePin
                0x000000000800379c       0x32 ./Drivers/STM32F4xx_HAL_Driver/Src/stm32f4xx_hal_gpio.o
                0x000000000800379c                HAL_GPIO_WritePin
 *fill*         0x00000000080037ce        0x2 
 .text.HAL_PWREx_EnableOverDrive
                0x00000000080037d0       0xa0 ./Drivers/STM32F4xx_HAL_Driver/Src/stm32f4xx_hal_pwr_ex.o
                0x00000000080037d0                HAL_PWREx_EnableOverDrive
 .text.HAL_RCC_OscConfig
                0x0000000008003870      0x4f0 ./Drivers/STM32F4xx_HAL_Driver/Src/stm32f4xx_hal_rcc.o
                0x0000000008003870                HAL_RCC_OscConfig
 .text.HAL_RCC_ClockConfig
                0x0000000008003d60      0x1cc ./Drivers/STM32F4xx_HAL_Driver/Src/stm32f4xx_hal_rcc.o
                0x0000000008003d60                HAL_RCC_ClockConfig
 .text.HAL_RCC_GetSysClockFreq
                0x0000000008003f2c      0x20c ./Drivers/STM32F4xx_HAL_Driver/Src/stm32f4xx_hal_rcc.o
                0x0000000008003f2c                HAL_RCC_GetSysClockFreq
 .text.HAL_RCCEx_PeriphCLKConfig
                0x0000000008004138      0x380 ./Drivers/STM32F4xx_HAL_Driver/Src/stm32f4xx_hal_rcc_ex.o
                0x0000000008004138                HAL_RCCEx_PeriphCLKConfig
 .text.HAL_DMA2D_Init
                0x00000000080044b8       0x92 ./Drivers/STM32F4xx_HAL_Driver/stm32f4xx_hal_dma2d.o
                0x00000000080044b8                HAL_DMA2D_Init
 .text.HAL_DMA2D_MspInit
                0x000000000800454a       0x14 ./Drivers/STM32F4xx_HAL_Driver/stm32f4xx_hal_dma2d.o
                0x000000000800454a                HAL_DMA2D_MspInit
 .text.HAL_DMA2D_Start
                0x000000000800455e       0x56 ./Drivers/STM32F4xx_HAL_Driver/stm32f4xx_hal_dma2d.o
                0x000000000800455e                HAL_DMA2D_Start
 .text.HAL_DMA2D_PollForTransfer
                0x00000000080045b4      0x1d2 ./Drivers/STM32F4xx_HAL_Driver/stm32f4xx_hal_dma2d.o
                0x00000000080045b4                HAL_DMA2D_PollForTransfer
 *fill*         0x0000000008004786        0x2 
 .text.HAL_DMA2D_ConfigLayer
                0x0000000008004788      0x124 ./Drivers/STM32F4xx_HAL_Driver/stm32f4xx_hal_dma2d.o
                0x0000000008004788                HAL_DMA2D_ConfigLayer
 .text.DMA2D_SetConfig
                0x00000000080048ac      0x138 ./Drivers/STM32F4xx_HAL_Driver/stm32f4xx_hal_dma2d.o
 .text.HAL_LTDC_Init
                0x00000000080049e4      0x1a0 ./Drivers/STM32F4xx_HAL_Driver/stm32f4xx_hal_ltdc.o
                0x00000000080049e4                HAL_LTDC_Init
 .text.HAL_LTDC_MspInit
                0x0000000008004b84       0x14 ./Drivers/STM32F4xx_HAL_Driver/stm32f4xx_hal_ltdc.o
                0x0000000008004b84                HAL_LTDC_MspInit
 .text.HAL_LTDC_ConfigLayer
                0x0000000008004b98       0x7c ./Drivers/STM32F4xx_HAL_Driver/stm32f4xx_hal_ltdc.o
                0x0000000008004b98                HAL_LTDC_ConfigLayer
 .text.HAL_LTDC_EnableDither
                0x0000000008004c14       0x54 ./Drivers/STM32F4xx_HAL_Driver/stm32f4xx_hal_ltdc.o
                0x0000000008004c14                HAL_LTDC_EnableDither
 .text.LTDC_SetConfig
                0x0000000008004c68      0x32e ./Drivers/STM32F4xx_HAL_Driver/stm32f4xx_hal_ltdc.o
 .text.HAL_SDRAM_Init
                0x0000000008004f96       0x68 ./Drivers/STM32F4xx_HAL_Driver/stm32f4xx_hal_sdram.o
                0x0000000008004f96                HAL_SDRAM_Init
 .text.HAL_SDRAM_MspInit
                0x0000000008004ffe       0x14 ./Drivers/STM32F4xx_HAL_Driver/stm32f4xx_hal_sdram.o
                0x0000000008004ffe                HAL_SDRAM_MspInit
 .text.HAL_SDRAM_SendCommand
                0x0000000008005012       0x6a ./Drivers/STM32F4xx_HAL_Driver/stm32f4xx_hal_sdram.o
                0x0000000008005012                HAL_SDRAM_SendCommand
 .text.HAL_SDRAM_ProgramRefreshRate
                0x000000000800507c       0x50 ./Drivers/STM32F4xx_HAL_Driver/stm32f4xx_hal_sdram.o
                0x000000000800507c                HAL_SDRAM_ProgramRefreshRate
 .text.HAL_SPI_Init
                0x00000000080050cc      0x112 ./Drivers/STM32F4xx_HAL_Driver/stm32f4xx_hal_spi.o
                0x00000000080050cc                HAL_SPI_Init
 .text.HAL_SPI_DeInit
                0x00000000080051de       0x50 ./Drivers/STM32F4xx_HAL_Driver/stm32f4xx_hal_spi.o
                0x00000000080051de                HAL_SPI_DeInit
 .text.HAL_SPI_MspInit
                0x000000000800522e       0x14 ./Drivers/STM32F4xx_HAL_Driver/stm32f4xx_hal_spi.o
                0x000000000800522e                HAL_SPI_MspInit
 .text.HAL_SPI_MspDeInit
                0x0000000008005242       0x14 ./Drivers/STM32F4xx_HAL_Driver/stm32f4xx_hal_spi.o
                0x0000000008005242                HAL_SPI_MspDeInit
 .text.HAL_SPI_Transmit
                0x0000000008005256      0x278 ./Drivers/STM32F4xx_HAL_Driver/stm32f4xx_hal_spi.o
                0x0000000008005256                HAL_SPI_Transmit
 .text.HAL_SPI_Receive
                0x00000000080054ce      0x222 ./Drivers/STM32F4xx_HAL_Driver/stm32f4xx_hal_spi.o
                0x00000000080054ce                HAL_SPI_Receive
 .text.HAL_SPI_TransmitReceive
                0x00000000080056f0      0x344 ./Drivers/STM32F4xx_HAL_Driver/stm32f4xx_hal_spi.o
                0x00000000080056f0                HAL_SPI_TransmitReceive
 .text.HAL_SPI_GetState
                0x0000000008005a34       0x1c ./Drivers/STM32F4xx_HAL_Driver/stm32f4xx_hal_spi.o
                0x0000000008005a34                HAL_SPI_GetState
 .text.SPI_WaitFlagStateUntilTimeout
                0x0000000008005a50      0x110 ./Drivers/STM32F4xx_HAL_Driver/stm32f4xx_hal_spi.o
 .text.SPI_EndRxTransaction
                0x0000000008005b60       0xca ./Drivers/STM32F4xx_HAL_Driver/stm32f4xx_hal_spi.o
 *fill*         0x0000000008005c2a        0x2 
 .text.SPI_EndRxTxTransaction
                0x0000000008005c2c       0x84 ./Drivers/STM32F4xx_HAL_Driver/stm32f4xx_hal_spi.o
 .text.FMC_SDRAM_Init
                0x0000000008005cb0       0xba ./Drivers/STM32F4xx_HAL_Driver/stm32f4xx_ll_fmc.o
                0x0000000008005cb0                FMC_SDRAM_Init
 .text.FMC_SDRAM_Timing_Init
                0x0000000008005d6a       0xd2 ./Drivers/STM32F4xx_HAL_Driver/stm32f4xx_ll_fmc.o
                0x0000000008005d6a                FMC_SDRAM_Timing_Init
 .text.FMC_SDRAM_SendCommand
                0x0000000008005e3c       0x7a ./Drivers/STM32F4xx_HAL_Driver/stm32f4xx_ll_fmc.o
                0x0000000008005e3c                FMC_SDRAM_SendCommand
 .text.FMC_SDRAM_ProgramRefreshRate
                0x0000000008005eb6       0x2e ./Drivers/STM32F4xx_HAL_Driver/stm32f4xx_ll_fmc.o
                0x0000000008005eb6                FMC_SDRAM_ProgramRefreshRate
 .text.__cvt    0x0000000008005ee4       0xc4 E:/Program/STM32CubeIDE_1.13.1/STM32CubeIDE/plugins/com.st.stm32cube.ide.mcu.externaltools.gnu-tools-for-stm32.11.3.rel1.win32_1.1.0.202305231506/tools/bin/../lib/gcc/arm-none-eabi/11.3.1/../../../../arm-none-eabi/lib/thumb/v7e-m+fp/hard\libc_nano.a(libc_a-nano-vfprintf_float.o)
                0x0000000008005ee4                __cvt
 .text.__exponent
                0x0000000008005fa8       0x7c E:/Program/STM32CubeIDE_1.13.1/STM32CubeIDE/plugins/com.st.stm32cube.ide.mcu.externaltools.gnu-tools-for-stm32.11.3.rel1.win32_1.1.0.202305231506/tools/bin/../lib/gcc/arm-none-eabi/11.3.1/../../../../arm-none-eabi/lib/thumb/v7e-m+fp/hard\libc_nano.a(libc_a-nano-vfprintf_float.o)
                0x0000000008005fa8                __exponent
 .text._printf_float
                0x0000000008006024      0x46c E:/Program/STM32CubeIDE_1.13.1/STM32CubeIDE/plugins/com.st.stm32cube.ide.mcu.externaltools.gnu-tools-for-stm32.11.3.rel1.win32_1.1.0.202305231506/tools/bin/../lib/gcc/arm-none-eabi/11.3.1/../../../../arm-none-eabi/lib/thumb/v7e-m+fp/hard\libc_nano.a(libc_a-nano-vfprintf_float.o)
                0x0000000008006024                _printf_float
 .text._printf_common
                0x0000000008006490       0xda E:/Program/STM32CubeIDE_1.13.1/STM32CubeIDE/plugins/com.st.stm32cube.ide.mcu.externaltools.gnu-tools-for-stm32.11.3.rel1.win32_1.1.0.202305231506/tools/bin/../lib/gcc/arm-none-eabi/11.3.1/../../../../arm-none-eabi/lib/thumb/v7e-m+fp/hard\libc_nano.a(libc_a-nano-vfprintf_i.o)
                0x0000000008006490                _printf_common
 *fill*         0x000000000800656a        0x2 
 .text._printf_i
                0x000000000800656c      0x244 E:/Program/STM32CubeIDE_1.13.1/STM32CubeIDE/plugins/com.st.stm32cube.ide.mcu.externaltools.gnu-tools-for-stm32.11.3.rel1.win32_1.1.0.202305231506/tools/bin/../lib/gcc/arm-none-eabi/11.3.1/../../../../arm-none-eabi/lib/thumb/v7e-m+fp/hard\libc_nano.a(libc_a-nano-vfprintf_i.o)
                0x000000000800656c                _printf_i
 .text.std      0x00000000080067b0       0x48 E:/Program/STM32CubeIDE_1.13.1/STM32CubeIDE/plugins/com.st.stm32cube.ide.mcu.externaltools.gnu-tools-for-stm32.11.3.rel1.win32_1.1.0.202305231506/tools/bin/../lib/gcc/arm-none-eabi/11.3.1/../../../../arm-none-eabi/lib/thumb/v7e-m+fp/hard\libc_nano.a(libc_a-findfp.o)
 .text.stdio_exit_handler
                0x00000000080067f8       0x18 E:/Program/STM32CubeIDE_1.13.1/STM32CubeIDE/plugins/com.st.stm32cube.ide.mcu.externaltools.gnu-tools-for-stm32.11.3.rel1.win32_1.1.0.202305231506/tools/bin/../lib/gcc/arm-none-eabi/11.3.1/../../../../arm-none-eabi/lib/thumb/v7e-m+fp/hard\libc_nano.a(libc_a-findfp.o)
 .text.cleanup_stdio
                0x0000000008006810       0x40 E:/Program/STM32CubeIDE_1.13.1/STM32CubeIDE/plugins/com.st.stm32cube.ide.mcu.externaltools.gnu-tools-for-stm32.11.3.rel1.win32_1.1.0.202305231506/tools/bin/../lib/gcc/arm-none-eabi/11.3.1/../../../../arm-none-eabi/lib/thumb/v7e-m+fp/hard\libc_nano.a(libc_a-findfp.o)
 .text.global_stdio_init.part.0
                0x0000000008006850       0x3c E:/Program/STM32CubeIDE_1.13.1/STM32CubeIDE/plugins/com.st.stm32cube.ide.mcu.externaltools.gnu-tools-for-stm32.11.3.rel1.win32_1.1.0.202305231506/tools/bin/../lib/gcc/arm-none-eabi/11.3.1/../../../../arm-none-eabi/lib/thumb/v7e-m+fp/hard\libc_nano.a(libc_a-findfp.o)
 .text.__sfp_lock_acquire
                0x000000000800688c        0xc E:/Program/STM32CubeIDE_1.13.1/STM32CubeIDE/plugins/com.st.stm32cube.ide.mcu.externaltools.gnu-tools-for-stm32.11.3.rel1.win32_1.1.0.202305231506/tools/bin/../lib/gcc/arm-none-eabi/11.3.1/../../../../arm-none-eabi/lib/thumb/v7e-m+fp/hard\libc_nano.a(libc_a-findfp.o)
                0x000000000800688c                __sfp_lock_acquire
 .text.__sfp_lock_release
                0x0000000008006898        0xc E:/Program/STM32CubeIDE_1.13.1/STM32CubeIDE/plugins/com.st.stm32cube.ide.mcu.externaltools.gnu-tools-for-stm32.11.3.rel1.win32_1.1.0.202305231506/tools/bin/../lib/gcc/arm-none-eabi/11.3.1/../../../../arm-none-eabi/lib/thumb/v7e-m+fp/hard\libc_nano.a(libc_a-findfp.o)
                0x0000000008006898                __sfp_lock_release
 .text.__sinit  0x00000000080068a4       0x30 E:/Program/STM32CubeIDE_1.13.1/STM32CubeIDE/plugins/com.st.stm32cube.ide.mcu.externaltools.gnu-tools-for-stm32.11.3.rel1.win32_1.1.0.202305231506/tools/bin/../lib/gcc/arm-none-eabi/11.3.1/../../../../arm-none-eabi/lib/thumb/v7e-m+fp/hard\libc_nano.a(libc_a-findfp.o)
                0x00000000080068a4                __sinit
 .text._fwalk_sglue
                0x00000000080068d4       0x3c E:/Program/STM32CubeIDE_1.13.1/STM32CubeIDE/plugins/com.st.stm32cube.ide.mcu.externaltools.gnu-tools-for-stm32.11.3.rel1.win32_1.1.0.202305231506/tools/bin/../lib/gcc/arm-none-eabi/11.3.1/../../../../arm-none-eabi/lib/thumb/v7e-m+fp/hard\libc_nano.a(libc_a-fwalk.o)
                0x00000000080068d4                _fwalk_sglue
 .text.sprintf  0x0000000008006910       0x40 E:/Program/STM32CubeIDE_1.13.1/STM32CubeIDE/plugins/com.st.stm32cube.ide.mcu.externaltools.gnu-tools-for-stm32.11.3.rel1.win32_1.1.0.202305231506/tools/bin/../lib/gcc/arm-none-eabi/11.3.1/../../../../arm-none-eabi/lib/thumb/v7e-m+fp/hard\libc_nano.a(libc_a-sprintf.o)
                0x0000000008006910                siprintf
                0x0000000008006910                sprintf
 .text.__sread  0x0000000008006950       0x22 E:/Program/STM32CubeIDE_1.13.1/STM32CubeIDE/plugins/com.st.stm32cube.ide.mcu.externaltools.gnu-tools-for-stm32.11.3.rel1.win32_1.1.0.202305231506/tools/bin/../lib/gcc/arm-none-eabi/11.3.1/../../../../arm-none-eabi/lib/thumb/v7e-m+fp/hard\libc_nano.a(libc_a-stdio.o)
                0x0000000008006950                __sread
 .text.__swrite
                0x0000000008006972       0x38 E:/Program/STM32CubeIDE_1.13.1/STM32CubeIDE/plugins/com.st.stm32cube.ide.mcu.externaltools.gnu-tools-for-stm32.11.3.rel1.win32_1.1.0.202305231506/tools/bin/../lib/gcc/arm-none-eabi/11.3.1/../../../../arm-none-eabi/lib/thumb/v7e-m+fp/hard\libc_nano.a(libc_a-stdio.o)
                0x0000000008006972                __swrite
 .text.__sseek  0x00000000080069aa       0x24 E:/Program/STM32CubeIDE_1.13.1/STM32CubeIDE/plugins/com.st.stm32cube.ide.mcu.externaltools.gnu-tools-for-stm32.11.3.rel1.win32_1.1.0.202305231506/tools/bin/../lib/gcc/arm-none-eabi/11.3.1/../../../../arm-none-eabi/lib/thumb/v7e-m+fp/hard\libc_nano.a(libc_a-stdio.o)
                0x00000000080069aa                __sseek
 .text.__sclose
                0x00000000080069ce        0x8 E:/Program/STM32CubeIDE_1.13.1/STM32CubeIDE/plugins/com.st.stm32cube.ide.mcu.externaltools.gnu-tools-for-stm32.11.3.rel1.win32_1.1.0.202305231506/tools/bin/../lib/gcc/arm-none-eabi/11.3.1/../../../../arm-none-eabi/lib/thumb/v7e-m+fp/hard\libc_nano.a(libc_a-stdio.o)
                0x00000000080069ce                __sclose
 .text.memset   0x00000000080069d6       0x10 E:/Program/STM32CubeIDE_1.13.1/STM32CubeIDE/plugins/com.st.stm32cube.ide.mcu.externaltools.gnu-tools-for-stm32.11.3.rel1.win32_1.1.0.202305231506/tools/bin/../lib/gcc/arm-none-eabi/11.3.1/../../../../arm-none-eabi/lib/thumb/v7e-m+fp/hard\libc_nano.a(libc_a-memset.o)
                0x00000000080069d6                memset
 *fill*         0x00000000080069e6        0x2 
 .text._localeconv_r
                0x00000000080069e8        0x8 E:/Program/STM32CubeIDE_1.13.1/STM32CubeIDE/plugins/com.st.stm32cube.ide.mcu.externaltools.gnu-tools-for-stm32.11.3.rel1.win32_1.1.0.202305231506/tools/bin/../lib/gcc/arm-none-eabi/11.3.1/../../../../arm-none-eabi/lib/thumb/v7e-m+fp/hard\libc_nano.a(libc_a-localeconv.o)
                0x00000000080069e8                _localeconv_r
 .text._close_r
                0x00000000080069f0       0x20 E:/Program/STM32CubeIDE_1.13.1/STM32CubeIDE/plugins/com.st.stm32cube.ide.mcu.externaltools.gnu-tools-for-stm32.11.3.rel1.win32_1.1.0.202305231506/tools/bin/../lib/gcc/arm-none-eabi/11.3.1/../../../../arm-none-eabi/lib/thumb/v7e-m+fp/hard\libc_nano.a(libc_a-closer.o)
                0x00000000080069f0                _close_r
 .text._lseek_r
                0x0000000008006a10       0x24 E:/Program/STM32CubeIDE_1.13.1/STM32CubeIDE/plugins/com.st.stm32cube.ide.mcu.externaltools.gnu-tools-for-stm32.11.3.rel1.win32_1.1.0.202305231506/tools/bin/../lib/gcc/arm-none-eabi/11.3.1/../../../../arm-none-eabi/lib/thumb/v7e-m+fp/hard\libc_nano.a(libc_a-lseekr.o)
                0x0000000008006a10                _lseek_r
 .text._read_r  0x0000000008006a34       0x24 E:/Program/STM32CubeIDE_1.13.1/STM32CubeIDE/plugins/com.st.stm32cube.ide.mcu.externaltools.gnu-tools-for-stm32.11.3.rel1.win32_1.1.0.202305231506/tools/bin/../lib/gcc/arm-none-eabi/11.3.1/../../../../arm-none-eabi/lib/thumb/v7e-m+fp/hard\libc_nano.a(libc_a-readr.o)
                0x0000000008006a34                _read_r
 .text._write_r
                0x0000000008006a58       0x24 E:/Program/STM32CubeIDE_1.13.1/STM32CubeIDE/plugins/com.st.stm32cube.ide.mcu.externaltools.gnu-tools-for-stm32.11.3.rel1.win32_1.1.0.202305231506/tools/bin/../lib/gcc/arm-none-eabi/11.3.1/../../../../arm-none-eabi/lib/thumb/v7e-m+fp/hard\libc_nano.a(libc_a-writer.o)
                0x0000000008006a58                _write_r
 .text.__errno  0x0000000008006a7c        0xc E:/Program/STM32CubeIDE_1.13.1/STM32CubeIDE/plugins/com.st.stm32cube.ide.mcu.externaltools.gnu-tools-for-stm32.11.3.rel1.win32_1.1.0.202305231506/tools/bin/../lib/gcc/arm-none-eabi/11.3.1/../../../../arm-none-eabi/lib/thumb/v7e-m+fp/hard\libc_nano.a(libc_a-errno.o)
                0x0000000008006a7c                __errno
 .text.__libc_init_array
                0x0000000008006a88       0x48 E:/Program/STM32CubeIDE_1.13.1/STM32CubeIDE/plugins/com.st.stm32cube.ide.mcu.externaltools.gnu-tools-for-stm32.11.3.rel1.win32_1.1.0.202305231506/tools/bin/../lib/gcc/arm-none-eabi/11.3.1/../../../../arm-none-eabi/lib/thumb/v7e-m+fp/hard\libc_nano.a(libc_a-init.o)
                0x0000000008006a88                __libc_init_array
 .text.__retarget_lock_acquire_recursive
                0x0000000008006ad0        0x2 E:/Program/STM32CubeIDE_1.13.1/STM32CubeIDE/plugins/com.st.stm32cube.ide.mcu.externaltools.gnu-tools-for-stm32.11.3.rel1.win32_1.1.0.202305231506/tools/bin/../lib/gcc/arm-none-eabi/11.3.1/../../../../arm-none-eabi/lib/thumb/v7e-m+fp/hard\libc_nano.a(libc_a-lock.o)
                0x0000000008006ad0                __retarget_lock_acquire_recursive
 .text.__retarget_lock_release_recursive
                0x0000000008006ad2        0x2 E:/Program/STM32CubeIDE_1.13.1/STM32CubeIDE/plugins/com.st.stm32cube.ide.mcu.externaltools.gnu-tools-for-stm32.11.3.rel1.win32_1.1.0.202305231506/tools/bin/../lib/gcc/arm-none-eabi/11.3.1/../../../../arm-none-eabi/lib/thumb/v7e-m+fp/hard\libc_nano.a(libc_a-lock.o)
                0x0000000008006ad2                __retarget_lock_release_recursive
 .text.quorem   0x0000000008006ad4      0x110 E:/Program/STM32CubeIDE_1.13.1/STM32CubeIDE/plugins/com.st.stm32cube.ide.mcu.externaltools.gnu-tools-for-stm32.11.3.rel1.win32_1.1.0.202305231506/tools/bin/../lib/gcc/arm-none-eabi/11.3.1/../../../../arm-none-eabi/lib/thumb/v7e-m+fp/hard\libc_nano.a(libc_a-dtoa.o)
 *fill*         0x0000000008006be4        0x4 
 .text._dtoa_r  0x0000000008006be8      0xbe4 E:/Program/STM32CubeIDE_1.13.1/STM32CubeIDE/plugins/com.st.stm32cube.ide.mcu.externaltools.gnu-tools-for-stm32.11.3.rel1.win32_1.1.0.202305231506/tools/bin/../lib/gcc/arm-none-eabi/11.3.1/../../../../arm-none-eabi/lib/thumb/v7e-m+fp/hard\libc_nano.a(libc_a-dtoa.o)
                0x0000000008006be8                _dtoa_r
 .text._free_r  0x00000000080077cc       0x98 E:/Program/STM32CubeIDE_1.13.1/STM32CubeIDE/plugins/com.st.stm32cube.ide.mcu.externaltools.gnu-tools-for-stm32.11.3.rel1.win32_1.1.0.202305231506/tools/bin/../lib/gcc/arm-none-eabi/11.3.1/../../../../arm-none-eabi/lib/thumb/v7e-m+fp/hard\libc_nano.a(libc_a-freer.o)
                0x00000000080077cc                _free_r
 .text.malloc   0x0000000008007864       0x10 E:/Program/STM32CubeIDE_1.13.1/STM32CubeIDE/plugins/com.st.stm32cube.ide.mcu.externaltools.gnu-tools-for-stm32.11.3.rel1.win32_1.1.0.202305231506/tools/bin/../lib/gcc/arm-none-eabi/11.3.1/../../../../arm-none-eabi/lib/thumb/v7e-m+fp/hard\libc_nano.a(libc_a-malloc.o)
                0x0000000008007864                malloc
 .text.sbrk_aligned
                0x0000000008007874       0x40 E:/Program/STM32CubeIDE_1.13.1/STM32CubeIDE/plugins/com.st.stm32cube.ide.mcu.externaltools.gnu-tools-for-stm32.11.3.rel1.win32_1.1.0.202305231506/tools/bin/../lib/gcc/arm-none-eabi/11.3.1/../../../../arm-none-eabi/lib/thumb/v7e-m+fp/hard\libc_nano.a(libc_a-mallocr.o)
 .text._malloc_r
                0x00000000080078b4      0x100 E:/Program/STM32CubeIDE_1.13.1/STM32CubeIDE/plugins/com.st.stm32cube.ide.mcu.externaltools.gnu-tools-for-stm32.11.3.rel1.win32_1.1.0.202305231506/tools/bin/../lib/gcc/arm-none-eabi/11.3.1/../../../../arm-none-eabi/lib/thumb/v7e-m+fp/hard\libc_nano.a(libc_a-mallocr.o)
                0x00000000080078b4                _malloc_r
 .text.__malloc_lock
                0x00000000080079b4        0xc E:/Program/STM32CubeIDE_1.13.1/STM32CubeIDE/plugins/com.st.stm32cube.ide.mcu.externaltools.gnu-tools-for-stm32.11.3.rel1.win32_1.1.0.202305231506/tools/bin/../lib/gcc/arm-none-eabi/11.3.1/../../../../arm-none-eabi/lib/thumb/v7e-m+fp/hard\libc_nano.a(libc_a-mlock.o)
                0x00000000080079b4                __malloc_lock
 .text.__malloc_unlock
                0x00000000080079c0        0xc E:/Program/STM32CubeIDE_1.13.1/STM32CubeIDE/plugins/com.st.stm32cube.ide.mcu.externaltools.gnu-tools-for-stm32.11.3.rel1.win32_1.1.0.202305231506/tools/bin/../lib/gcc/arm-none-eabi/11.3.1/../../../../arm-none-eabi/lib/thumb/v7e-m+fp/hard\libc_nano.a(libc_a-mlock.o)
                0x00000000080079c0                __malloc_unlock
 .text._Balloc  0x00000000080079cc       0x80 E:/Program/STM32CubeIDE_1.13.1/STM32CubeIDE/plugins/com.st.stm32cube.ide.mcu.externaltools.gnu-tools-for-stm32.11.3.rel1.win32_1.1.0.202305231506/tools/bin/../lib/gcc/arm-none-eabi/11.3.1/../../../../arm-none-eabi/lib/thumb/v7e-m+fp/hard\libc_nano.a(libc_a-mprec.o)
                0x00000000080079cc                _Balloc
 .text._Bfree   0x0000000008007a4c       0x44 E:/Program/STM32CubeIDE_1.13.1/STM32CubeIDE/plugins/com.st.stm32cube.ide.mcu.externaltools.gnu-tools-for-stm32.11.3.rel1.win32_1.1.0.202305231506/tools/bin/../lib/gcc/arm-none-eabi/11.3.1/../../../../arm-none-eabi/lib/thumb/v7e-m+fp/hard\libc_nano.a(libc_a-mprec.o)
                0x0000000008007a4c                _Bfree
 .text.__multadd
                0x0000000008007a90       0x8c E:/Program/STM32CubeIDE_1.13.1/STM32CubeIDE/plugins/com.st.stm32cube.ide.mcu.externaltools.gnu-tools-for-stm32.11.3.rel1.win32_1.1.0.202305231506/tools/bin/../lib/gcc/arm-none-eabi/11.3.1/../../../../arm-none-eabi/lib/thumb/v7e-m+fp/hard\libc_nano.a(libc_a-mprec.o)
                0x0000000008007a90                __multadd
 .text.__hi0bits
                0x0000000008007b1c       0x40 E:/Program/STM32CubeIDE_1.13.1/STM32CubeIDE/plugins/com.st.stm32cube.ide.mcu.externaltools.gnu-tools-for-stm32.11.3.rel1.win32_1.1.0.202305231506/tools/bin/../lib/gcc/arm-none-eabi/11.3.1/../../../../arm-none-eabi/lib/thumb/v7e-m+fp/hard\libc_nano.a(libc_a-mprec.o)
                0x0000000008007b1c                __hi0bits
 .text.__lo0bits
                0x0000000008007b5c       0x5a E:/Program/STM32CubeIDE_1.13.1/STM32CubeIDE/plugins/com.st.stm32cube.ide.mcu.externaltools.gnu-tools-for-stm32.11.3.rel1.win32_1.1.0.202305231506/tools/bin/../lib/gcc/arm-none-eabi/11.3.1/../../../../arm-none-eabi/lib/thumb/v7e-m+fp/hard\libc_nano.a(libc_a-mprec.o)
                0x0000000008007b5c                __lo0bits
 *fill*         0x0000000008007bb6        0x2 
 .text.__i2b    0x0000000008007bb8       0x2c E:/Program/STM32CubeIDE_1.13.1/STM32CubeIDE/plugins/com.st.stm32cube.ide.mcu.externaltools.gnu-tools-for-stm32.11.3.rel1.win32_1.1.0.202305231506/tools/bin/../lib/gcc/arm-none-eabi/11.3.1/../../../../arm-none-eabi/lib/thumb/v7e-m+fp/hard\libc_nano.a(libc_a-mprec.o)
                0x0000000008007bb8                __i2b
 .text.__multiply
                0x0000000008007be4      0x154 E:/Program/STM32CubeIDE_1.13.1/STM32CubeIDE/plugins/com.st.stm32cube.ide.mcu.externaltools.gnu-tools-for-stm32.11.3.rel1.win32_1.1.0.202305231506/tools/bin/../lib/gcc/arm-none-eabi/11.3.1/../../../../arm-none-eabi/lib/thumb/v7e-m+fp/hard\libc_nano.a(libc_a-mprec.o)
                0x0000000008007be4                __multiply
 .text.__pow5mult
                0x0000000008007d38       0xb4 E:/Program/STM32CubeIDE_1.13.1/STM32CubeIDE/plugins/com.st.stm32cube.ide.mcu.externaltools.gnu-tools-for-stm32.11.3.rel1.win32_1.1.0.202305231506/tools/bin/../lib/gcc/arm-none-eabi/11.3.1/../../../../arm-none-eabi/lib/thumb/v7e-m+fp/hard\libc_nano.a(libc_a-mprec.o)
                0x0000000008007d38                __pow5mult
 .text.__lshift
                0x0000000008007dec       0xd8 E:/Program/STM32CubeIDE_1.13.1/STM32CubeIDE/plugins/com.st.stm32cube.ide.mcu.externaltools.gnu-tools-for-stm32.11.3.rel1.win32_1.1.0.202305231506/tools/bin/../lib/gcc/arm-none-eabi/11.3.1/../../../../arm-none-eabi/lib/thumb/v7e-m+fp/hard\libc_nano.a(libc_a-mprec.o)
                0x0000000008007dec                __lshift
 .text.__mcmp   0x0000000008007ec4       0x38 E:/Program/STM32CubeIDE_1.13.1/STM32CubeIDE/plugins/com.st.stm32cube.ide.mcu.externaltools.gnu-tools-for-stm32.11.3.rel1.win32_1.1.0.202305231506/tools/bin/../lib/gcc/arm-none-eabi/11.3.1/../../../../arm-none-eabi/lib/thumb/v7e-m+fp/hard\libc_nano.a(libc_a-mprec.o)
                0x0000000008007ec4                __mcmp
 .text.__mdiff  0x0000000008007efc      0x114 E:/Program/STM32CubeIDE_1.13.1/STM32CubeIDE/plugins/com.st.stm32cube.ide.mcu.externaltools.gnu-tools-for-stm32.11.3.rel1.win32_1.1.0.202305231506/tools/bin/../lib/gcc/arm-none-eabi/11.3.1/../../../../arm-none-eabi/lib/thumb/v7e-m+fp/hard\libc_nano.a(libc_a-mprec.o)
                0x0000000008007efc                __mdiff
 .text.__d2b    0x0000000008008010       0xb4 E:/Program/STM32CubeIDE_1.13.1/STM32CubeIDE/plugins/com.st.stm32cube.ide.mcu.externaltools.gnu-tools-for-stm32.11.3.rel1.win32_1.1.0.202305231506/tools/bin/../lib/gcc/arm-none-eabi/11.3.1/../../../../arm-none-eabi/lib/thumb/v7e-m+fp/hard\libc_nano.a(libc_a-mprec.o)
                0x0000000008008010                __d2b
 .text.__ssputs_r
                0x00000000080080c4       0xb4 E:/Program/STM32CubeIDE_1.13.1/STM32CubeIDE/plugins/com.st.stm32cube.ide.mcu.externaltools.gnu-tools-for-stm32.11.3.rel1.win32_1.1.0.202305231506/tools/bin/../lib/gcc/arm-none-eabi/11.3.1/../../../../arm-none-eabi/lib/thumb/v7e-m+fp/hard\libc_nano.a(libc_a-nano-svfprintf.o)
                0x00000000080080c4                __ssputs_r
 .text._svfprintf_r
                0x0000000008008178      0x1fc E:/Program/STM32CubeIDE_1.13.1/STM32CubeIDE/plugins/com.st.stm32cube.ide.mcu.externaltools.gnu-tools-for-stm32.11.3.rel1.win32_1.1.0.202305231506/tools/bin/../lib/gcc/arm-none-eabi/11.3.1/../../../../arm-none-eabi/lib/thumb/v7e-m+fp/hard\libc_nano.a(libc_a-nano-svfprintf.o)
                0x0000000008008178                _svfiprintf_r
                0x0000000008008178                _svfprintf_r
 .text.__sflush_r
                0x0000000008008374      0x10c E:/Program/STM32CubeIDE_1.13.1/STM32CubeIDE/plugins/com.st.stm32cube.ide.mcu.externaltools.gnu-tools-for-stm32.11.3.rel1.win32_1.1.0.202305231506/tools/bin/../lib/gcc/arm-none-eabi/11.3.1/../../../../arm-none-eabi/lib/thumb/v7e-m+fp/hard\libc_nano.a(libc_a-fflush.o)
                0x0000000008008374                __sflush_r
 .text._fflush_r
                0x0000000008008480       0x50 E:/Program/STM32CubeIDE_1.13.1/STM32CubeIDE/plugins/com.st.stm32cube.ide.mcu.externaltools.gnu-tools-for-stm32.11.3.rel1.win32_1.1.0.202305231506/tools/bin/../lib/gcc/arm-none-eabi/11.3.1/../../../../arm-none-eabi/lib/thumb/v7e-m+fp/hard\libc_nano.a(libc_a-fflush.o)
                0x0000000008008480                _fflush_r
 .text.memmove  0x00000000080084d0       0x34 E:/Program/STM32CubeIDE_1.13.1/STM32CubeIDE/plugins/com.st.stm32cube.ide.mcu.externaltools.gnu-tools-for-stm32.11.3.rel1.win32_1.1.0.202305231506/tools/bin/../lib/gcc/arm-none-eabi/11.3.1/../../../../arm-none-eabi/lib/thumb/v7e-m+fp/hard\libc_nano.a(libc_a-memmove.o)
                0x00000000080084d0                memmove
 .text._sbrk_r  0x0000000008008504       0x20 E:/Program/STM32CubeIDE_1.13.1/STM32CubeIDE/plugins/com.st.stm32cube.ide.mcu.externaltools.gnu-tools-for-stm32.11.3.rel1.win32_1.1.0.202305231506/tools/bin/../lib/gcc/arm-none-eabi/11.3.1/../../../../arm-none-eabi/lib/thumb/v7e-m+fp/hard\libc_nano.a(libc_a-sbrkr.o)
                0x0000000008008504                _sbrk_r
 .text.memcpy   0x0000000008008524       0x1c E:/Program/STM32CubeIDE_1.13.1/STM32CubeIDE/plugins/com.st.stm32cube.ide.mcu.externaltools.gnu-tools-for-stm32.11.3.rel1.win32_1.1.0.202305231506/tools/bin/../lib/gcc/arm-none-eabi/11.3.1/../../../../arm-none-eabi/lib/thumb/v7e-m+fp/hard\libc_nano.a(libc_a-memcpy-stub.o)
                0x0000000008008524                memcpy
 .text.__assert_func
                0x0000000008008540       0x3c E:/Program/STM32CubeIDE_1.13.1/STM32CubeIDE/plugins/com.st.stm32cube.ide.mcu.externaltools.gnu-tools-for-stm32.11.3.rel1.win32_1.1.0.202305231506/tools/bin/../lib/gcc/arm-none-eabi/11.3.1/../../../../arm-none-eabi/lib/thumb/v7e-m+fp/hard\libc_nano.a(libc_a-assert.o)
                0x0000000008008540                __assert_func
 .text._calloc_r
                0x000000000800857c       0x2c E:/Program/STM32CubeIDE_1.13.1/STM32CubeIDE/plugins/com.st.stm32cube.ide.mcu.externaltools.gnu-tools-for-stm32.11.3.rel1.win32_1.1.0.202305231506/tools/bin/../lib/gcc/arm-none-eabi/11.3.1/../../../../arm-none-eabi/lib/thumb/v7e-m+fp/hard\libc_nano.a(libc_a-callocr.o)
                0x000000000800857c                _calloc_r
 .text.__ascii_mbtowc
                0x00000000080085a8       0x24 E:/Program/STM32CubeIDE_1.13.1/STM32CubeIDE/plugins/com.st.stm32cube.ide.mcu.externaltools.gnu-tools-for-stm32.11.3.rel1.win32_1.1.0.202305231506/tools/bin/../lib/gcc/arm-none-eabi/11.3.1/../../../../arm-none-eabi/lib/thumb/v7e-m+fp/hard\libc_nano.a(libc_a-mbtowc_r.o)
                0x00000000080085a8                __ascii_mbtowc
 .text._realloc_r
                0x00000000080085cc       0x5e E:/Program/STM32CubeIDE_1.13.1/STM32CubeIDE/plugins/com.st.stm32cube.ide.mcu.externaltools.gnu-tools-for-stm32.11.3.rel1.win32_1.1.0.202305231506/tools/bin/../lib/gcc/arm-none-eabi/11.3.1/../../../../arm-none-eabi/lib/thumb/v7e-m+fp/hard\libc_nano.a(libc_a-reallocr.o)
                0x00000000080085cc                _realloc_r
 .text.__ascii_wctomb
                0x000000000800862a       0x1a E:/Program/STM32CubeIDE_1.13.1/STM32CubeIDE/plugins/com.st.stm32cube.ide.mcu.externaltools.gnu-tools-for-stm32.11.3.rel1.win32_1.1.0.202305231506/tools/bin/../lib/gcc/arm-none-eabi/11.3.1/../../../../arm-none-eabi/lib/thumb/v7e-m+fp/hard\libc_nano.a(libc_a-wctomb_r.o)
                0x000000000800862a                __ascii_wctomb
 .text.fprintf  0x0000000008008644       0x24 E:/Program/STM32CubeIDE_1.13.1/STM32CubeIDE/plugins/com.st.stm32cube.ide.mcu.externaltools.gnu-tools-for-stm32.11.3.rel1.win32_1.1.0.202305231506/tools/bin/../lib/gcc/arm-none-eabi/11.3.1/../../../../arm-none-eabi/lib/thumb/v7e-m+fp/hard\libc_nano.a(libc_a-fprintf.o)
                0x0000000008008644                fiprintf
                0x0000000008008644                fprintf
 .text.abort    0x0000000008008668        0xe E:/Program/STM32CubeIDE_1.13.1/STM32CubeIDE/plugins/com.st.stm32cube.ide.mcu.externaltools.gnu-tools-for-stm32.11.3.rel1.win32_1.1.0.202305231506/tools/bin/../lib/gcc/arm-none-eabi/11.3.1/../../../../arm-none-eabi/lib/thumb/v7e-m+fp/hard\libc_nano.a(libc_a-abort.o)
                0x0000000008008668                abort
 .text._malloc_usable_size_r
                0x0000000008008676       0x10 E:/Program/STM32CubeIDE_1.13.1/STM32CubeIDE/plugins/com.st.stm32cube.ide.mcu.externaltools.gnu-tools-for-stm32.11.3.rel1.win32_1.1.0.202305231506/tools/bin/../lib/gcc/arm-none-eabi/11.3.1/../../../../arm-none-eabi/lib/thumb/v7e-m+fp/hard\libc_nano.a(libc_a-msizer.o)
                0x0000000008008676                _malloc_usable_size_r
 .text.__sfputc_r
                0x0000000008008686       0x2e E:/Program/STM32CubeIDE_1.13.1/STM32CubeIDE/plugins/com.st.stm32cube.ide.mcu.externaltools.gnu-tools-for-stm32.11.3.rel1.win32_1.1.0.202305231506/tools/bin/../lib/gcc/arm-none-eabi/11.3.1/../../../../arm-none-eabi/lib/thumb/v7e-m+fp/hard\libc_nano.a(libc_a-nano-vfprintf.o)
 .text.__sfputs_r
                0x00000000080086b4       0x24 E:/Program/STM32CubeIDE_1.13.1/STM32CubeIDE/plugins/com.st.stm32cube.ide.mcu.externaltools.gnu-tools-for-stm32.11.3.rel1.win32_1.1.0.202305231506/tools/bin/../lib/gcc/arm-none-eabi/11.3.1/../../../../arm-none-eabi/lib/thumb/v7e-m+fp/hard\libc_nano.a(libc_a-nano-vfprintf.o)
                0x00000000080086b4                __sfputs_r
 .text._vfprintf_r
                0x00000000080086d8      0x234 E:/Program/STM32CubeIDE_1.13.1/STM32CubeIDE/plugins/com.st.stm32cube.ide.mcu.externaltools.gnu-tools-for-stm32.11.3.rel1.win32_1.1.0.202305231506/tools/bin/../lib/gcc/arm-none-eabi/11.3.1/../../../../arm-none-eabi/lib/thumb/v7e-m+fp/hard\libc_nano.a(libc_a-nano-vfprintf.o)
                0x00000000080086d8                _vfprintf_r
                0x00000000080086d8                _vfiprintf_r
 .text.__swbuf_r
                0x000000000800890c       0x7a E:/Program/STM32CubeIDE_1.13.1/STM32CubeIDE/plugins/com.st.stm32cube.ide.mcu.externaltools.gnu-tools-for-stm32.11.3.rel1.win32_1.1.0.202305231506/tools/bin/../lib/gcc/arm-none-eabi/11.3.1/../../../../arm-none-eabi/lib/thumb/v7e-m+fp/hard\libc_nano.a(libc_a-wbuf.o)
                0x000000000800890c                __swbuf_r
 *fill*         0x0000000008008986        0x2 
 .text.__swsetup_r
                0x0000000008008988       0xb0 E:/Program/STM32CubeIDE_1.13.1/STM32CubeIDE/plugins/com.st.stm32cube.ide.mcu.externaltools.gnu-tools-for-stm32.11.3.rel1.win32_1.1.0.202305231506/tools/bin/../lib/gcc/arm-none-eabi/11.3.1/../../../../arm-none-eabi/lib/thumb/v7e-m+fp/hard\libc_nano.a(libc_a-wsetup.o)
                0x0000000008008988                __swsetup_r
 .text._raise_r
                0x0000000008008a38       0x50 E:/Program/STM32CubeIDE_1.13.1/STM32CubeIDE/plugins/com.st.stm32cube.ide.mcu.externaltools.gnu-tools-for-stm32.11.3.rel1.win32_1.1.0.202305231506/tools/bin/../lib/gcc/arm-none-eabi/11.3.1/../../../../arm-none-eabi/lib/thumb/v7e-m+fp/hard\libc_nano.a(libc_a-signal.o)
                0x0000000008008a38                _raise_r
 .text.raise    0x0000000008008a88       0x10 E:/Program/STM32CubeIDE_1.13.1/STM32CubeIDE/plugins/com.st.stm32cube.ide.mcu.externaltools.gnu-tools-for-stm32.11.3.rel1.win32_1.1.0.202305231506/tools/bin/../lib/gcc/arm-none-eabi/11.3.1/../../../../arm-none-eabi/lib/thumb/v7e-m+fp/hard\libc_nano.a(libc_a-signal.o)
                0x0000000008008a88                raise
 .text._kill_r  0x0000000008008a98       0x24 E:/Program/STM32CubeIDE_1.13.1/STM32CubeIDE/plugins/com.st.stm32cube.ide.mcu.externaltools.gnu-tools-for-stm32.11.3.rel1.win32_1.1.0.202305231506/tools/bin/../lib/gcc/arm-none-eabi/11.3.1/../../../../arm-none-eabi/lib/thumb/v7e-m+fp/hard\libc_nano.a(libc_a-signalr.o)
                0x0000000008008a98                _kill_r
 .text._getpid_r
                0x0000000008008abc        0x4 E:/Program/STM32CubeIDE_1.13.1/STM32CubeIDE/plugins/com.st.stm32cube.ide.mcu.externaltools.gnu-tools-for-stm32.11.3.rel1.win32_1.1.0.202305231506/tools/bin/../lib/gcc/arm-none-eabi/11.3.1/../../../../arm-none-eabi/lib/thumb/v7e-m+fp/hard\libc_nano.a(libc_a-signalr.o)
                0x0000000008008abc                _getpid_r
 .text.__swhatbuf_r
                0x0000000008008ac0       0x4c E:/Program/STM32CubeIDE_1.13.1/STM32CubeIDE/plugins/com.st.stm32cube.ide.mcu.externaltools.gnu-tools-for-stm32.11.3.rel1.win32_1.1.0.202305231506/tools/bin/../lib/gcc/arm-none-eabi/11.3.1/../../../../arm-none-eabi/lib/thumb/v7e-m+fp/hard\libc_nano.a(libc_a-makebuf.o)
                0x0000000008008ac0                __swhatbuf_r
 .text.__smakebuf_r
                0x0000000008008b0c       0x78 E:/Program/STM32CubeIDE_1.13.1/STM32CubeIDE/plugins/com.st.stm32cube.ide.mcu.externaltools.gnu-tools-for-stm32.11.3.rel1.win32_1.1.0.202305231506/tools/bin/../lib/gcc/arm-none-eabi/11.3.1/../../../../arm-none-eabi/lib/thumb/v7e-m+fp/hard\libc_nano.a(libc_a-makebuf.o)
                0x0000000008008b0c                __smakebuf_r
 .text._fstat_r
                0x0000000008008b84       0x24 E:/Program/STM32CubeIDE_1.13.1/STM32CubeIDE/plugins/com.st.stm32cube.ide.mcu.externaltools.gnu-tools-for-stm32.11.3.rel1.win32_1.1.0.202305231506/tools/bin/../lib/gcc/arm-none-eabi/11.3.1/../../../../arm-none-eabi/lib/thumb/v7e-m+fp/hard\libc_nano.a(libc_a-fstatr.o)
                0x0000000008008b84                _fstat_r
 .text._isatty_r
                0x0000000008008ba8       0x20 E:/Program/STM32CubeIDE_1.13.1/STM32CubeIDE/plugins/com.st.stm32cube.ide.mcu.externaltools.gnu-tools-for-stm32.11.3.rel1.win32_1.1.0.202305231506/tools/bin/../lib/gcc/arm-none-eabi/11.3.1/../../../../arm-none-eabi/lib/thumb/v7e-m+fp/hard\libc_nano.a(libc_a-isattyr.o)
                0x0000000008008ba8                _isatty_r
 *(.glue_7)
 .glue_7        0x0000000008008bc8        0x0 linker stubs
 *(.glue_7t)
 .glue_7t       0x0000000008008bc8        0x0 linker stubs
 *(.eh_frame)
 .eh_frame      0x0000000008008bc8        0x0 E:/Program/STM32CubeIDE_1.13.1/STM32CubeIDE/plugins/com.st.stm32cube.ide.mcu.externaltools.gnu-tools-for-stm32.11.3.rel1.win32_1.1.0.202305231506/tools/bin/../lib/gcc/arm-none-eabi/11.3.1/thumb/v7e-m+fp/hard/crtbegin.o
 *(.init)
 .init          0x0000000008008bc8        0x4 E:/Program/STM32CubeIDE_1.13.1/STM32CubeIDE/plugins/com.st.stm32cube.ide.mcu.externaltools.gnu-tools-for-stm32.11.3.rel1.win32_1.1.0.202305231506/tools/bin/../lib/gcc/arm-none-eabi/11.3.1/thumb/v7e-m+fp/hard/crti.o
                0x0000000008008bc8                _init
 .init          0x0000000008008bcc        0x8 E:/Program/STM32CubeIDE_1.13.1/STM32CubeIDE/plugins/com.st.stm32cube.ide.mcu.externaltools.gnu-tools-for-stm32.11.3.rel1.win32_1.1.0.202305231506/tools/bin/../lib/gcc/arm-none-eabi/11.3.1/thumb/v7e-m+fp/hard/crtn.o
 *(.fini)
 .fini          0x0000000008008bd4        0x4 E:/Program/STM32CubeIDE_1.13.1/STM32CubeIDE/plugins/com.st.stm32cube.ide.mcu.externaltools.gnu-tools-for-stm32.11.3.rel1.win32_1.1.0.202305231506/tools/bin/../lib/gcc/arm-none-eabi/11.3.1/thumb/v7e-m+fp/hard/crti.o
                0x0000000008008bd4                _fini
 .fini          0x0000000008008bd8        0x8 E:/Program/STM32CubeIDE_1.13.1/STM32CubeIDE/plugins/com.st.stm32cube.ide.mcu.externaltools.gnu-tools-for-stm32.11.3.rel1.win32_1.1.0.202305231506/tools/bin/../lib/gcc/arm-none-eabi/11.3.1/thumb/v7e-m+fp/hard/crtn.o
                0x0000000008008be0                . = ALIGN (0x4)
                0x0000000008008be0                _etext = .

.vfp11_veneer   0x0000000008008be0        0x0
 .vfp11_veneer  0x0000000008008be0        0x0 linker stubs

.v4_bx          0x0000000008008be0        0x0
 .v4_bx         0x0000000008008be0        0x0 linker stubs

.iplt           0x0000000008008be0        0x0
 .iplt          0x0000000008008be0        0x0 E:/Program/STM32CubeIDE_1.13.1/STM32CubeIDE/plugins/com.st.stm32cube.ide.mcu.externaltools.gnu-tools-for-stm32.11.3.rel1.win32_1.1.0.202305231506/tools/bin/../lib/gcc/arm-none-eabi/11.3.1/thumb/v7e-m+fp/hard/crtbegin.o

.rodata         0x0000000008008be0     0x1e5c
                0x0000000008008be0                . = ALIGN (0x4)
 *(.rodata)
 .rodata        0x0000000008008be0       0x15 ./Core/Src/main.o
 *(.rodata*)
 *fill*         0x0000000008008bf5        0x3 
 .rodata.AHBPrescTable
                0x0000000008008bf8       0x10 ./Core/Src/system_stm32f4xx.o
                0x0000000008008bf8                AHBPrescTable
 .rodata.Font24_Table
                0x0000000008008c08     0x1ab8 ./Drivers/BSP/STM32F429I-Discovery/stm32f429i_discovery_lcd.o
                0x0000000008008c08                Font24_Table
 .rodata.flagBitshiftOffset.0
                0x000000000800a6c0        0x8 ./Drivers/STM32F4xx_HAL_Driver/Src/stm32f4xx_hal_dma.o
 .rodata._printf_float.str1.1
                0x000000000800a6c8       0x12 E:/Program/STM32CubeIDE_1.13.1/STM32CubeIDE/plugins/com.st.stm32cube.ide.mcu.externaltools.gnu-tools-for-stm32.11.3.rel1.win32_1.1.0.202305231506/tools/bin/../lib/gcc/arm-none-eabi/11.3.1/../../../../arm-none-eabi/lib/thumb/v7e-m+fp/hard\libc_nano.a(libc_a-nano-vfprintf_float.o)
 .rodata._printf_i.str1.1
                0x000000000800a6da       0x22 E:/Program/STM32CubeIDE_1.13.1/STM32CubeIDE/plugins/com.st.stm32cube.ide.mcu.externaltools.gnu-tools-for-stm32.11.3.rel1.win32_1.1.0.202305231506/tools/bin/../lib/gcc/arm-none-eabi/11.3.1/../../../../arm-none-eabi/lib/thumb/v7e-m+fp/hard\libc_nano.a(libc_a-nano-vfprintf_i.o)
 .rodata._dtoa_r.str1.1
                0x000000000800a6fc       0x8d E:/Program/STM32CubeIDE_1.13.1/STM32CubeIDE/plugins/com.st.stm32cube.ide.mcu.externaltools.gnu-tools-for-stm32.11.3.rel1.win32_1.1.0.202305231506/tools/bin/../lib/gcc/arm-none-eabi/11.3.1/../../../../arm-none-eabi/lib/thumb/v7e-m+fp/hard\libc_nano.a(libc_a-dtoa.o)
                                         0x8f (size before relaxing)
 .rodata._Balloc.str1.1
                0x000000000800a789       0x59 E:/Program/STM32CubeIDE_1.13.1/STM32CubeIDE/plugins/com.st.stm32cube.ide.mcu.externaltools.gnu-tools-for-stm32.11.3.rel1.win32_1.1.0.202305231506/tools/bin/../lib/gcc/arm-none-eabi/11.3.1/../../../../arm-none-eabi/lib/thumb/v7e-m+fp/hard\libc_nano.a(libc_a-mprec.o)
                                         0x70 (size before relaxing)
 .rodata.__multadd.str1.1
                0x000000000800a7e2       0x11 E:/Program/STM32CubeIDE_1.13.1/STM32CubeIDE/plugins/com.st.stm32cube.ide.mcu.externaltools.gnu-tools-for-stm32.11.3.rel1.win32_1.1.0.202305231506/tools/bin/../lib/gcc/arm-none-eabi/11.3.1/../../../../arm-none-eabi/lib/thumb/v7e-m+fp/hard\libc_nano.a(libc_a-mprec.o)
 *fill*         0x000000000800a7e2        0x6 
 .rodata.__mprec_bigtens
                0x000000000800a7e8       0x28 E:/Program/STM32CubeIDE_1.13.1/STM32CubeIDE/plugins/com.st.stm32cube.ide.mcu.externaltools.gnu-tools-for-stm32.11.3.rel1.win32_1.1.0.202305231506/tools/bin/../lib/gcc/arm-none-eabi/11.3.1/../../../../arm-none-eabi/lib/thumb/v7e-m+fp/hard\libc_nano.a(libc_a-mprec.o)
                0x000000000800a7e8                __mprec_bigtens
 .rodata.__mprec_tens
                0x000000000800a810       0xc8 E:/Program/STM32CubeIDE_1.13.1/STM32CubeIDE/plugins/com.st.stm32cube.ide.mcu.externaltools.gnu-tools-for-stm32.11.3.rel1.win32_1.1.0.202305231506/tools/bin/../lib/gcc/arm-none-eabi/11.3.1/../../../../arm-none-eabi/lib/thumb/v7e-m+fp/hard\libc_nano.a(libc_a-mprec.o)
                0x000000000800a810                __mprec_tens
 .rodata.p05.0  0x000000000800a8d8        0xc E:/Program/STM32CubeIDE_1.13.1/STM32CubeIDE/plugins/com.st.stm32cube.ide.mcu.externaltools.gnu-tools-for-stm32.11.3.rel1.win32_1.1.0.202305231506/tools/bin/../lib/gcc/arm-none-eabi/11.3.1/../../../../arm-none-eabi/lib/thumb/v7e-m+fp/hard\libc_nano.a(libc_a-mprec.o)
 .rodata._svfprintf_r.str1.1
                0x000000000800a8e4       0x11 E:/Program/STM32CubeIDE_1.13.1/STM32CubeIDE/plugins/com.st.stm32cube.ide.mcu.externaltools.gnu-tools-for-stm32.11.3.rel1.win32_1.1.0.202305231506/tools/bin/../lib/gcc/arm-none-eabi/11.3.1/../../../../arm-none-eabi/lib/thumb/v7e-m+fp/hard\libc_nano.a(libc_a-nano-svfprintf.o)
 .rodata._setlocale_r.str1.1
                0x000000000800a8f5        0x8 E:/Program/STM32CubeIDE_1.13.1/STM32CubeIDE/plugins/com.st.stm32cube.ide.mcu.externaltools.gnu-tools-for-stm32.11.3.rel1.win32_1.1.0.202305231506/tools/bin/../lib/gcc/arm-none-eabi/11.3.1/../../../../arm-none-eabi/lib/thumb/v7e-m+fp/hard\libc_nano.a(libc_a-locale.o)
                                          0x9 (size before relaxing)
 .rodata.str1.1
                0x000000000800a8fd        0x2 E:/Program/STM32CubeIDE_1.13.1/STM32CubeIDE/plugins/com.st.stm32cube.ide.mcu.externaltools.gnu-tools-for-stm32.11.3.rel1.win32_1.1.0.202305231506/tools/bin/../lib/gcc/arm-none-eabi/11.3.1/../../../../arm-none-eabi/lib/thumb/v7e-m+fp/hard\libc_nano.a(libc_a-locale.o)
 .rodata.__assert_func.str1.1
                0x000000000800a8ff       0x3c E:/Program/STM32CubeIDE_1.13.1/STM32CubeIDE/plugins/com.st.stm32cube.ide.mcu.externaltools.gnu-tools-for-stm32.11.3.rel1.win32_1.1.0.202305231506/tools/bin/../lib/gcc/arm-none-eabi/11.3.1/../../../../arm-none-eabi/lib/thumb/v7e-m+fp/hard\libc_nano.a(libc_a-assert.o)
                                         0x3d (size before relaxing)
 .rodata._ctype_
                0x000000000800a93b      0x101 E:/Program/STM32CubeIDE_1.13.1/STM32CubeIDE/plugins/com.st.stm32cube.ide.mcu.externaltools.gnu-tools-for-stm32.11.3.rel1.win32_1.1.0.202305231506/tools/bin/../lib/gcc/arm-none-eabi/11.3.1/../../../../arm-none-eabi/lib/thumb/v7e-m+fp/hard\libc_nano.a(libc_a-ctype_.o)
                0x000000000800a93b                _ctype_
 .rodata._vfprintf_r.str1.1
                0x000000000800aa3c       0x11 E:/Program/STM32CubeIDE_1.13.1/STM32CubeIDE/plugins/com.st.stm32cube.ide.mcu.externaltools.gnu-tools-for-stm32.11.3.rel1.win32_1.1.0.202305231506/tools/bin/../lib/gcc/arm-none-eabi/11.3.1/../../../../arm-none-eabi/lib/thumb/v7e-m+fp/hard\libc_nano.a(libc_a-nano-vfprintf.o)
                0x000000000800aa50                . = ALIGN (0x4)

.ARM.extab      0x000000000800aa3c        0x0
                0x000000000800aa3c                . = ALIGN (0x4)
 *(.ARM.extab* .gnu.linkonce.armextab.*)
                0x000000000800aa3c                . = ALIGN (0x4)

.ARM            0x000000000800aa3c        0x8
                0x000000000800aa3c                . = ALIGN (0x4)
                0x000000000800aa3c                __exidx_start = .
 *(.ARM.exidx*)
 .ARM.exidx     0x000000000800aa3c        0x8 E:/Program/STM32CubeIDE_1.13.1/STM32CubeIDE/plugins/com.st.stm32cube.ide.mcu.externaltools.gnu-tools-for-stm32.11.3.rel1.win32_1.1.0.202305231506/tools/bin/../lib/gcc/arm-none-eabi/11.3.1/thumb/v7e-m+fp/hard\libgcc.a(_udivmoddi4.o)
                0x000000000800aa44                __exidx_end = .
                0x000000000800aa44                . = ALIGN (0x4)

.rel.dyn        0x000000000800aa44        0x0
 .rel.iplt      0x000000000800aa44        0x0 E:/Program/STM32CubeIDE_1.13.1/STM32CubeIDE/plugins/com.st.stm32cube.ide.mcu.externaltools.gnu-tools-for-stm32.11.3.rel1.win32_1.1.0.202305231506/tools/bin/../lib/gcc/arm-none-eabi/11.3.1/thumb/v7e-m+fp/hard/crtbegin.o

.preinit_array  0x000000000800aa44        0x0
                0x000000000800aa44                . = ALIGN (0x4)
                0x000000000800aa44                PROVIDE (__preinit_array_start = .)
 *(.preinit_array*)
                0x000000000800aa44                PROVIDE (__preinit_array_end = .)
                0x000000000800aa44                . = ALIGN (0x4)

.init_array     0x000000000800aa44        0x4
                0x000000000800aa44                . = ALIGN (0x4)
                0x000000000800aa44                PROVIDE (__init_array_start = .)
 *(SORT_BY_NAME(.init_array.*))
 *(.init_array*)
 .init_array    0x000000000800aa44        0x4 E:/Program/STM32CubeIDE_1.13.1/STM32CubeIDE/plugins/com.st.stm32cube.ide.mcu.externaltools.gnu-tools-for-stm32.11.3.rel1.win32_1.1.0.202305231506/tools/bin/../lib/gcc/arm-none-eabi/11.3.1/thumb/v7e-m+fp/hard/crtbegin.o
                0x000000000800aa48                PROVIDE (__init_array_end = .)
                0x000000000800aa48                . = ALIGN (0x4)

.fini_array     0x000000000800aa48        0x4
                0x000000000800aa48                . = ALIGN (0x4)
                [!provide]                        PROVIDE (__fini_array_start = .)
 *(SORT_BY_NAME(.fini_array.*))
 *(.fini_array*)
 .fini_array    0x000000000800aa48        0x4 E:/Program/STM32CubeIDE_1.13.1/STM32CubeIDE/plugins/com.st.stm32cube.ide.mcu.externaltools.gnu-tools-for-stm32.11.3.rel1.win32_1.1.0.202305231506/tools/bin/../lib/gcc/arm-none-eabi/11.3.1/thumb/v7e-m+fp/hard/crtbegin.o
                [!provide]                        PROVIDE (__fini_array_end = .)
                0x000000000800aa4c                . = ALIGN (0x4)
                0x000000000800aa4c                _sidata = LOADADDR (.data)

.data           0x0000000020000000      0x250 load address 0x000000000800aa4c
                0x0000000020000000                . = ALIGN (0x4)
                0x0000000020000000                _sdata = .
 *(.data)
 *(.data*)
 .data.SystemCoreClock
                0x0000000020000000        0x4 ./Core/Src/system_stm32f4xx.o
                0x0000000020000000                SystemCoreClock
 .data.ili9341_drv
                0x0000000020000004       0x38 ./Drivers/BSP/Components/ili9341/ili9341.o
                0x0000000020000004                ili9341_drv
 .data.L3gd20Drv
                0x000000002000003c       0x34 ./Drivers/BSP/Components/l3gd20/l3gd20.o
                0x000000002000003c                L3gd20Drv
 .data.SpixTimeout
                0x0000000020000070        0x4 ./Drivers/BSP/STM32F429I-Discovery/stm32f429i_discovery.o
                0x0000000020000070                SpixTimeout
 .data.Font24   0x0000000020000074        0x8 ./Drivers/BSP/STM32F429I-Discovery/stm32f429i_discovery_lcd.o
                0x0000000020000074                Font24
 .data.sdramstatus.2
                0x000000002000007c        0x1 ./Drivers/BSP/STM32F429I-Discovery/stm32f429i_discovery_sdram.o
 *fill*         0x000000002000007d        0x3 
 .data.uwTickPrio
                0x0000000020000080        0x4 ./Drivers/STM32F4xx_HAL_Driver/Src/stm32f4xx_hal.o
                0x0000000020000080                uwTickPrio
 .data.uwTickFreq
                0x0000000020000084        0x1 ./Drivers/STM32F4xx_HAL_Driver/Src/stm32f4xx_hal.o
                0x0000000020000084                uwTickFreq
 *fill*         0x0000000020000085        0x3 
 .data.__sglue  0x0000000020000088        0xc E:/Program/STM32CubeIDE_1.13.1/STM32CubeIDE/plugins/com.st.stm32cube.ide.mcu.externaltools.gnu-tools-for-stm32.11.3.rel1.win32_1.1.0.202305231506/tools/bin/../lib/gcc/arm-none-eabi/11.3.1/../../../../arm-none-eabi/lib/thumb/v7e-m+fp/hard\libc_nano.a(libc_a-findfp.o)
                0x0000000020000088                __sglue
 .data._impure_data
                0x0000000020000094       0x4c E:/Program/STM32CubeIDE_1.13.1/STM32CubeIDE/plugins/com.st.stm32cube.ide.mcu.externaltools.gnu-tools-for-stm32.11.3.rel1.win32_1.1.0.202305231506/tools/bin/../lib/gcc/arm-none-eabi/11.3.1/../../../../arm-none-eabi/lib/thumb/v7e-m+fp/hard\libc_nano.a(libc_a-impure.o)
                0x0000000020000094                _impure_data
 .data._impure_ptr
                0x00000000200000e0        0x4 E:/Program/STM32CubeIDE_1.13.1/STM32CubeIDE/plugins/com.st.stm32cube.ide.mcu.externaltools.gnu-tools-for-stm32.11.3.rel1.win32_1.1.0.202305231506/tools/bin/../lib/gcc/arm-none-eabi/11.3.1/../../../../arm-none-eabi/lib/thumb/v7e-m+fp/hard\libc_nano.a(libc_a-impure.o)
                0x00000000200000e0                _impure_ptr
 .data.__global_locale
                0x00000000200000e4      0x16c E:/Program/STM32CubeIDE_1.13.1/STM32CubeIDE/plugins/com.st.stm32cube.ide.mcu.externaltools.gnu-tools-for-stm32.11.3.rel1.win32_1.1.0.202305231506/tools/bin/../lib/gcc/arm-none-eabi/11.3.1/../../../../arm-none-eabi/lib/thumb/v7e-m+fp/hard\libc_nano.a(libc_a-locale.o)
                0x00000000200000e4                __global_locale
 *(.RamFunc)
 *(.RamFunc*)
                0x0000000020000250                . = ALIGN (0x4)
                0x0000000020000250                _edata = .
                0x000000000800ac9c                _siccmram = LOADADDR (.ccmram)

.igot.plt       0x0000000020000250        0x0 load address 0x000000000800ac9c
 .igot.plt      0x0000000020000250        0x0 E:/Program/STM32CubeIDE_1.13.1/STM32CubeIDE/plugins/com.st.stm32cube.ide.mcu.externaltools.gnu-tools-for-stm32.11.3.rel1.win32_1.1.0.202305231506/tools/bin/../lib/gcc/arm-none-eabi/11.3.1/thumb/v7e-m+fp/hard/crtbegin.o

.ccmram         0x0000000010000000        0x0 load address 0x000000000800ac9c
                0x0000000010000000                . = ALIGN (0x4)
                0x0000000010000000                _sccmram = .
 *(.ccmram)
 *(.ccmram*)
                0x0000000010000000                . = ALIGN (0x4)
                0x0000000010000000                _eccmram = .
                0x0000000010000000                . = ALIGN (0x4)

.bss            0x0000000020000250      0x4a0
                0x0000000020000250                _sbss = .
                0x0000000020000250                __bss_start__ = _sbss
 *(.bss)
 .bss           0x0000000020000250       0x1c E:/Program/STM32CubeIDE_1.13.1/STM32CubeIDE/plugins/com.st.stm32cube.ide.mcu.externaltools.gnu-tools-for-stm32.11.3.rel1.win32_1.1.0.202305231506/tools/bin/../lib/gcc/arm-none-eabi/11.3.1/thumb/v7e-m+fp/hard/crtbegin.o
 *(.bss*)
 .bss.value     0x000000002000026c        0x4 ./Core/Src/main.o
                0x000000002000026c                value
 .bss.valxyz    0x0000000020000270        0xc ./Core/Src/main.o
                0x0000000020000270                valxyz
 .bss.buffer    0x000000002000027c       0xc8 ./Core/Src/main.o
                0x000000002000027c                buffer
 .bss.__sbrk_heap_end
                0x0000000020000344        0x4 ./Core/Src/sysmem.o
 .bss.SpiHandle
                0x0000000020000348       0x58 ./Drivers/BSP/STM32F429I-Discovery/stm32f429i_discovery.o
 .bss.Is_LCD_IO_Initialized
                0x00000000200003a0        0x1 ./Drivers/BSP/STM32F429I-Discovery/stm32f429i_discovery.o
 *fill*         0x00000000200003a1        0x3 
 .bss.GyroscopeDrv
                0x00000000200003a4        0x4 ./Drivers/BSP/STM32F429I-Discovery/stm32f429i_discovery_gyroscope.o
 .bss.LtdcHandler
                0x00000000200003a8       0xa8 ./Drivers/BSP/STM32F429I-Discovery/stm32f429i_discovery_lcd.o
                0x00000000200003a8                LtdcHandler
 .bss.Dma2dHandler
                0x0000000020000450       0x40 ./Drivers/BSP/STM32F429I-Discovery/stm32f429i_discovery_lcd.o
 .bss.PeriphClkInitStruct
                0x0000000020000490       0x30 ./Drivers/BSP/STM32F429I-Discovery/stm32f429i_discovery_lcd.o
 .bss.ActiveLayer
                0x00000000200004c0        0x4 ./Drivers/BSP/STM32F429I-Discovery/stm32f429i_discovery_lcd.o
 .bss.DrawProp  0x00000000200004c4       0x18 ./Drivers/BSP/STM32F429I-Discovery/stm32f429i_discovery_lcd.o
 .bss.LcdDrv    0x00000000200004dc        0x4 ./Drivers/BSP/STM32F429I-Discovery/stm32f429i_discovery_lcd.o
                0x00000000200004dc                LcdDrv
 .bss.SdramHandle
                0x00000000200004e0       0x34 ./Drivers/BSP/STM32F429I-Discovery/stm32f429i_discovery_sdram.o
 .bss.Timing    0x0000000020000514       0x1c ./Drivers/BSP/STM32F429I-Discovery/stm32f429i_discovery_sdram.o
 .bss.Command   0x0000000020000530       0x10 ./Drivers/BSP/STM32F429I-Discovery/stm32f429i_discovery_sdram.o
 .bss.dmaHandle.1
                0x0000000020000540       0x60 ./Drivers/BSP/STM32F429I-Discovery/stm32f429i_discovery_sdram.o
 .bss.uwTick    0x00000000200005a0        0x4 ./Drivers/STM32F4xx_HAL_Driver/Src/stm32f4xx_hal.o
                0x00000000200005a0                uwTick
 .bss.__sf      0x00000000200005a4      0x138 E:/Program/STM32CubeIDE_1.13.1/STM32CubeIDE/plugins/com.st.stm32cube.ide.mcu.externaltools.gnu-tools-for-stm32.11.3.rel1.win32_1.1.0.202305231506/tools/bin/../lib/gcc/arm-none-eabi/11.3.1/../../../../arm-none-eabi/lib/thumb/v7e-m+fp/hard\libc_nano.a(libc_a-findfp.o)
                0x00000000200005a4                __sf
 .bss.__stdio_exit_handler
                0x00000000200006dc        0x4 E:/Program/STM32CubeIDE_1.13.1/STM32CubeIDE/plugins/com.st.stm32cube.ide.mcu.externaltools.gnu-tools-for-stm32.11.3.rel1.win32_1.1.0.202305231506/tools/bin/../lib/gcc/arm-none-eabi/11.3.1/../../../../arm-none-eabi/lib/thumb/v7e-m+fp/hard\libc_nano.a(libc_a-findfp.o)
                0x00000000200006dc                __stdio_exit_handler
 .bss.errno     0x00000000200006e0        0x4 E:/Program/STM32CubeIDE_1.13.1/STM32CubeIDE/plugins/com.st.stm32cube.ide.mcu.externaltools.gnu-tools-for-stm32.11.3.rel1.win32_1.1.0.202305231506/tools/bin/../lib/gcc/arm-none-eabi/11.3.1/../../../../arm-none-eabi/lib/thumb/v7e-m+fp/hard\libc_nano.a(libc_a-reent.o)
                0x00000000200006e0                errno
 .bss.__lock___malloc_recursive_mutex
                0x00000000200006e4        0x1 E:/Program/STM32CubeIDE_1.13.1/STM32CubeIDE/plugins/com.st.stm32cube.ide.mcu.externaltools.gnu-tools-for-stm32.11.3.rel1.win32_1.1.0.202305231506/tools/bin/../lib/gcc/arm-none-eabi/11.3.1/../../../../arm-none-eabi/lib/thumb/v7e-m+fp/hard\libc_nano.a(libc_a-lock.o)
                0x00000000200006e4                __lock___malloc_recursive_mutex
 .bss.__lock___sfp_recursive_mutex
                0x00000000200006e5        0x1 E:/Program/STM32CubeIDE_1.13.1/STM32CubeIDE/plugins/com.st.stm32cube.ide.mcu.externaltools.gnu-tools-for-stm32.11.3.rel1.win32_1.1.0.202305231506/tools/bin/../lib/gcc/arm-none-eabi/11.3.1/../../../../arm-none-eabi/lib/thumb/v7e-m+fp/hard\libc_nano.a(libc_a-lock.o)
                0x00000000200006e5                __lock___sfp_recursive_mutex
 *fill*         0x00000000200006e6        0x2 
 .bss.__malloc_free_list
                0x00000000200006e8        0x4 E:/Program/STM32CubeIDE_1.13.1/STM32CubeIDE/plugins/com.st.stm32cube.ide.mcu.externaltools.gnu-tools-for-stm32.11.3.rel1.win32_1.1.0.202305231506/tools/bin/../lib/gcc/arm-none-eabi/11.3.1/../../../../arm-none-eabi/lib/thumb/v7e-m+fp/hard\libc_nano.a(libc_a-mallocr.o)