Archive member included to satisfy reference by file (symbol)

E:/Program/STM32CubeIDE_1.13.1/STM32CubeIDE/plugins/com.st.stm32cube.ide.mcu.externaltools.gnu-tools-for-stm32.11.3.rel1.win32_1.1.0.202305231506/tools/bin/../lib/gcc/arm-none-eabi/11.3.1/../../../../arm-none-eabi/lib/thumb/v7e-m+fp/hard\libc_nano.a(libc_a-exit.o)
                              E:/Program/STM32CubeIDE_1.13.1/STM32CubeIDE/plugins/com.st.stm32cube.ide.mcu.externaltools.gnu-tools-for-stm32.11.3.rel1.win32_1.1.0.202305231506/tools/bin/../lib/gcc/arm-none-eabi/11.3.1/../../../../arm-none-eabi/lib/thumb/v7e-m+fp/hard/crt0.o (exit)
E:/Program/STM32CubeIDE_1.13.1/STM32CubeIDE/plugins/com.st.stm32cube.ide.mcu.externaltools.gnu-tools-for-stm32.11.3.rel1.win32_1.1.0.202305231506/tools/bin/../lib/gcc/arm-none-eabi/11.3.1/../../../../arm-none-eabi/lib/thumb/v7e-m+fp/hard\libc_nano.a(libc_a-findfp.o)
                              E:/Program/STM32CubeIDE_1.13.1/STM32CubeIDE/plugins/com.st.stm32cube.ide.mcu.externaltools.gnu-tools-for-stm32.11.3.rel1.win32_1.1.0.202305231506/tools/bin/../lib/gcc/arm-none-eabi/11.3.1/../../../../arm-none-eabi/lib/thumb/v7e-m+fp/hard\libc_nano.a(libc_a-exit.o) (__stdio_exit_handler)
E:/Program/STM32CubeIDE_1.13.1/STM32CubeIDE/plugins/com.st.stm32cube.ide.mcu.externaltools.gnu-tools-for-stm32.11.3.rel1.win32_1.1.0.202305231506/tools/bin/../lib/gcc/arm-none-eabi/11.3.1/../../../../arm-none-eabi/lib/thumb/v7e-m+fp/hard\libc_nano.a(libc_a-fwalk.o)
                              E:/Program/STM32CubeIDE_1.13.1/STM32CubeIDE/plugins/com.st.stm32cube.ide.mcu.externaltools.gnu-tools-for-stm32.11.3.rel1.win32_1.1.0.202305231506/tools/bin/../lib/gcc/arm-none-eabi/11.3.1/../../../../arm-none-eabi/lib/thumb/v7e-m+fp/hard\libc_nano.a(libc_a-findfp.o) (_fwalk_sglue)
E:/Program/STM32CubeIDE_1.13.1/STM32CubeIDE/plugins/com.st.stm32cube.ide.mcu.externaltools.gnu-tools-for-stm32.11.3.rel1.win32_1.1.0.202305231506/tools/bin/../lib/gcc/arm-none-eabi/11.3.1/../../../../arm-none-eabi/lib/thumb/v7e-m+fp/hard\libc_nano.a(libc_a-stdio.o)
                              E:/Program/STM32CubeIDE_1.13.1/STM32CubeIDE/plugins/com.st.stm32cube.ide.mcu.externaltools.gnu-tools-for-stm32.11.3.rel1.win32_1.1.0.202305231506/tools/bin/../lib/gcc/arm-none-eabi/11.3.1/../../../../arm-none-eabi/lib/thumb/v7e-m+fp/hard\libc_nano.a(libc_a-findfp.o) (__sread)
E:/Program/STM32CubeIDE_1.13.1/STM32CubeIDE/plugins/com.st.stm32cube.ide.mcu.externaltools.gnu-tools-for-stm32.11.3.rel1.win32_1.1.0.202305231506/tools/bin/../lib/gcc/arm-none-eabi/11.3.1/../../../../arm-none-eabi/lib/thumb/v7e-m+fp/hard\libc_nano.a(libc_a-memset.o)
                              E:/Program/STM32CubeIDE_1.13.1/STM32CubeIDE/plugins/com.st.stm32cube.ide.mcu.externaltools.gnu-tools-for-stm32.11.3.rel1.win32_1.1.0.202305231506/tools/bin/../lib/gcc/arm-none-eabi/11.3.1/../../../../arm-none-eabi/lib/thumb/v7e-m+fp/hard/crt0.o (memset)
E:/Program/STM32CubeIDE_1.13.1/STM32CubeIDE/plugins/com.st.stm32cube.ide.mcu.externaltools.gnu-tools-for-stm32.11.3.rel1.win32_1.1.0.202305231506/tools/bin/../lib/gcc/arm-none-eabi/11.3.1/../../../../arm-none-eabi/lib/thumb/v7e-m+fp/hard\libc_nano.a(libc_a-closer.o)
                              E:/Program/STM32CubeIDE_1.13.1/STM32CubeIDE/plugins/com.st.stm32cube.ide.mcu.externaltools.gnu-tools-for-stm32.11.3.rel1.win32_1.1.0.202305231506/tools/bin/../lib/gcc/arm-none-eabi/11.3.1/../../../../arm-none-eabi/lib/thumb/v7e-m+fp/hard\libc_nano.a(libc_a-stdio.o) (_close_r)
E:/Program/STM32CubeIDE_1.13.1/STM32CubeIDE/plugins/com.st.stm32cube.ide.mcu.externaltools.gnu-tools-for-stm32.11.3.rel1.win32_1.1.0.202305231506/tools/bin/../lib/gcc/arm-none-eabi/11.3.1/../../../../arm-none-eabi/lib/thumb/v7e-m+fp/hard\libc_nano.a(libc_a-reent.o)
                              E:/Program/STM32CubeIDE_1.13.1/STM32CubeIDE/plugins/com.st.stm32cube.ide.mcu.externaltools.gnu-tools-for-stm32.11.3.rel1.win32_1.1.0.202305231506/tools/bin/../lib/gcc/arm-none-eabi/11.3.1/../../../../arm-none-eabi/lib/thumb/v7e-m+fp/hard\libc_nano.a(libc_a-closer.o) (errno)
E:/Program/STM32CubeIDE_1.13.1/STM32CubeIDE/plugins/com.st.stm32cube.ide.mcu.externaltools.gnu-tools-for-stm32.11.3.rel1.win32_1.1.0.202305231506/tools/bin/../lib/gcc/arm-none-eabi/11.3.1/../../../../arm-none-eabi/lib/thumb/v7e-m+fp/hard\libc_nano.a(libc_a-impure.o)
                              E:/Program/STM32CubeIDE_1.13.1/STM32CubeIDE/plugins/com.st.stm32cube.ide.mcu.externaltools.gnu-tools-for-stm32.11.3.rel1.win32_1.1.0.202305231506/tools/bin/../lib/gcc/arm-none-eabi/11.3.1/../../../../arm-none-eabi/lib/thumb/v7e-m+fp/hard\libc_nano.a(libc_a-reent.o) (_impure_ptr)
E:/Program/STM32CubeIDE_1.13.1/STM32CubeIDE/plugins/com.st.stm32cube.ide.mcu.externaltools.gnu-tools-for-stm32.11.3.rel1.win32_1.1.0.202305231506/tools/bin/../lib/gcc/arm-none-eabi/11.3.1/../../../../arm-none-eabi/lib/thumb/v7e-m+fp/hard\libc_nano.a(libc_a-lseekr.o)
[...]
Memory Configuration

Name             Origin             Length             Attributes
CCMRAM           0x0000000010000000 0x0000000000010000 xrw
RAM              0x0000000020000000 0x0000000000030000 xrw
FLASH            0x0000000008000000 0x0000000000200000 xr
*default*        0x0000000000000000 0xffffffffffffffff

Linker script and memory map

LOAD E:/Program/STM32CubeIDE_1.13.1/STM32CubeIDE/plugins/com.st.stm32cube.ide.mcu.externaltools.gnu-tools-for-stm32.11.3.rel1.win32_1.1.0.202305231506/tools/bin/../lib/gcc/arm-none-eabi/11.3.1/thumb/v7e-m+fp/hard/crti.o
LOAD E:/Program/STM32CubeIDE_1.13.1/STM32CubeIDE/plugins/com.st.stm32cube.ide.mcu.externaltools.gnu-tools-for-stm32.11.3.rel1.win32_1.1.0.202305231506/tools/bin/../lib/gcc/arm-none-eabi/11.3.1/thumb/v7e-m+fp/hard/crtbegin.o
LOAD E:/Program/STM32CubeIDE_1.13.1/STM32CubeIDE/plugins/com.st.stm32cube.ide.mcu.externaltools.gnu-tools-for-stm32.11.3.rel1.win32_1.1.0.202305231506/tools/bin/../lib/gcc/arm-none-eabi/11.3.1/../../../../arm-none-eabi/lib/thumb/v7e-m+fp/hard/crt0.o
LOAD ./Core/Src/main.o
LOAD ./Core/Src/stm32f4xx_hal_msp.o
LOAD ./Core/Src/stm32f4xx_it.o
LOAD ./Core/Src/syscalls.o
LOAD ./Core/Src/sysmem.o
LOAD ./Core/Src/system_stm32f4xx.o
LOAD ./Core/Startup/startup_stm32f429zitx.o
LOAD ./Drivers/BSP/Components/cs43l22/cs43l22.o
LOAD ./Drivers/BSP/Components/dp83848/dp83848.o
LOAD ./Drivers/BSP/Components/exc7200/exc7200.o
LOAD ./Drivers/BSP/Components/ft3x67/ft3x67.o
LOAD ./Drivers/BSP/Components/ft6x06/ft6x06.o
LOAD ./Drivers/BSP/Components/i3g4250d/i3g4250d.o
LOAD ./Drivers/BSP/Components/ili9325/ili9325.o
LOAD ./Drivers/BSP/Components/ili9341/ili9341.o
LOAD ./Drivers/BSP/Components/l3gd20/l3gd20.o
LOAD ./Drivers/BSP/Components/lan8742/lan8742.o
LOAD ./Drivers/BSP/Components/lis302dl/lis302dl.o
LOAD ./Drivers/BSP/Components/lis3dsh/lis3dsh.o
LOAD ./Drivers/BSP/Components/ls016b8uy/ls016b8uy.o
LOAD ./Drivers/BSP/Components/lsm303agr/lsm303agr.o
LOAD ./Drivers/BSP/Components/lsm303dlhc/lsm303dlhc.o
LOAD ./Drivers/BSP/Components/mfxstm32l152/mfxstm32l152.o
LOAD ./Drivers/BSP/Components/nt35510/nt35510.o
LOAD ./Drivers/BSP/Components/otm8009a/otm8009a.o
LOAD ./Drivers/BSP/Components/ov2640/ov2640.o
LOAD ./Drivers/BSP/Components/ov5640/ov5640.o
LOAD ./Drivers/BSP/Components/s5k5cag/s5k5cag.o
LOAD ./Drivers/BSP/Components/st7735/st7735.o
LOAD ./Drivers/BSP/Components/st7789h2/st7789h2.o
LOAD ./Drivers/BSP/Components/stmpe1600/stmpe1600.o
LOAD ./Drivers/BSP/Components/stmpe811/stmpe811.o
LOAD ./Drivers/BSP/Components/ts3510/ts3510.o
LOAD ./Drivers/BSP/Components/wm8994/wm8994.o
LOAD ./Drivers/BSP/STM32F429I-Discovery/stm32f429i_discovery.o
LOAD ./Drivers/BSP/STM32F429I-Discovery/stm32f429i_discovery_eeprom.o
LOAD ./Drivers/BSP/STM32F429I-Discovery/stm32f429i_discovery_gyroscope.o
LOAD ./Drivers/BSP/STM32F429I-Discovery/stm32f429i_discovery_io.o
LOAD ./Drivers/BSP/STM32F429I-Discovery/stm32f429i_discovery_lcd.o
LOAD ./Drivers/BSP/STM32F429I-Discovery/stm32f429i_discovery_sdram.o
LOAD ./Drivers/BSP/STM32F429I-Discovery/stm32f429i_discovery_ts.o
LOAD ./Drivers/STM32F4xx_HAL_Driver/Src/stm32f4xx_hal.o
LOAD ./Drivers/STM32F4xx_HAL_Driver/Src/stm32f4xx_hal_cortex.o
LOAD ./Drivers/STM32F4xx_HAL_Driver/Src/stm32f4xx_hal_dma.o
LOAD ./Drivers/STM32F4xx_HAL_Driver/Src/stm32f4xx_hal_dma_ex.o
LOAD ./Drivers/STM32F4xx_HAL_Driver/Src/stm32f4xx_hal_exti.o
LOAD ./Drivers/STM32F4xx_HAL_Driver/Src/stm32f4xx_hal_flash.o
LOAD ./Drivers/STM32F4xx_HAL_Driver/Src/stm32f4xx_hal_flash_ex.o
LOAD ./Drivers/STM32F4xx_HAL_Driver/Src/stm32f4xx_hal_flash_ramfunc.o
LOAD ./Drivers/STM32F4xx_HAL_Driver/Src/stm32f4xx_hal_gpio.o
LOAD ./Drivers/STM32F4xx_HAL_Driver/Src/stm32f4xx_hal_pcd.o
LOAD ./Drivers/STM32F4xx_HAL_Driver/Src/stm32f4xx_hal_pcd_ex.o
LOAD ./Drivers/STM32F4xx_HAL_Driver/Src/stm32f4xx_hal_pwr.o
LOAD ./Drivers/STM32F4xx_HAL_Driver/Src/stm32f4xx_hal_pwr_ex.o
LOAD ./Drivers/STM32F4xx_HAL_Driver/Src/stm32f4xx_hal_rcc.o
LOAD ./Drivers/STM32F4xx_HAL_Driver/Src/stm32f4xx_hal_rcc_ex.o
LOAD ./Drivers/STM32F4xx_HAL_Driver/Src/stm32f4xx_ll_usb.o
LOAD ./Drivers/STM32F4xx_HAL_Driver/stm32f4xx_hal_dma2d.o
LOAD ./Drivers/STM32F4xx_HAL_Driver/stm32f4xx_hal_i2c.o
LOAD ./Drivers/STM32F4xx_HAL_Driver/stm32f4xx_hal_ltdc.o
LOAD ./Drivers/STM32F4xx_HAL_Driver/stm32f4xx_hal_sdram.o
LOAD ./Drivers/STM32F4xx_HAL_Driver/stm32f4xx_hal_spi.o
LOAD ./Drivers/STM32F4xx_HAL_Driver/stm32f4xx_ll_fmc.o
LOAD ./Middlewares/ST/STM32_USB_Device_Library/Class/CDC/Src/usbd_cdc.o
LOAD ./Middlewares/ST/STM32_USB_Device_Library/Core/Src/usbd_core.o
LOAD ./Middlewares/ST/STM32_USB_Device_Library/Core/Src/usbd_ctlreq.o
LOAD ./Middlewares/ST/STM32_USB_Device_Library/Core/Src/usbd_ioreq.o
LOAD ./USB_DEVICE/App/usb_device.o
LOAD ./USB_DEVICE/App/usbd_cdc_if.o
LOAD ./USB_DEVICE/App/usbd_desc.o
LOAD ./USB_DEVICE/Target/usbd_conf.o
START GROUP
LOAD E:/Program/STM32CubeIDE_1.13.1/STM32CubeIDE/plugins/com.st.stm32cube.ide.mcu.externaltools.gnu-tools-for-stm32.11.3.rel1.win32_1.1.0.202305231506/tools/bin/../lib/gcc/arm-none-eabi/11.3.1/../../../../arm-none-eabi/lib/thumb/v7e-m+fp/hard\libc_nano.a
LOAD E:/Program/STM32CubeIDE_1.13.1/STM32CubeIDE/plugins/com.st.stm32cube.ide.mcu.externaltools.gnu-tools-for-stm32.11.3.rel1.win32_1.1.0.202305231506/tools/bin/../lib/gcc/arm-none-eabi/11.3.1/../../../../arm-none-eabi/lib/thumb/v7e-m+fp/hard\libm.a
END GROUP
START GROUP
LOAD E:/Program/STM32CubeIDE_1.13.1/STM32CubeIDE/plugins/com.st.stm32cube.ide.mcu.externaltools.gnu-tools-for-stm32.11.3.rel1.win32_1.1.0.202305231506/tools/bin/../lib/gcc/arm-none-eabi/11.3.1/thumb/v7e-m+fp/hard\libgcc.a
LOAD E:/Program/STM32CubeIDE_1.13.1/STM32CubeIDE/plugins/com.st.stm32cube.ide.mcu.externaltools.gnu-tools-for-stm32.11.3.rel1.win32_1.1.0.202305231506/tools/bin/../lib/gcc/arm-none-eabi/11.3.1/../../../../arm-none-eabi/lib/thumb/v7e-m+fp/hard\libc_nano.a
END GROUP
START GROUP
LOAD E:/Program/STM32CubeIDE_1.13.1/STM32CubeIDE/plugins/com.st.stm32cube.ide.mcu.externaltools.gnu-tools-for-stm32.11.3.rel1.win32_1.1.0.202305231506/tools/bin/../lib/gcc/arm-none-eabi/11.3.1/thumb/v7e-m+fp/hard\libgcc.a
LOAD E:/Program/STM32CubeIDE_1.13.1/STM32CubeIDE/plugins/com.st.stm32cube.ide.mcu.externaltools.gnu-tools-for-stm32.11.3.rel1.win32_1.1.0.202305231506/tools/bin/../lib/gcc/arm-none-eabi/11.3.1/../../../../arm-none-eabi/lib/thumb/v7e-m+fp/hard\libc_nano.a
LOAD E:/Program/STM32CubeIDE_1.13.1/STM32CubeIDE/plugins/com.st.stm32cube.ide.mcu.externaltools.gnu-tools-for-stm32.11.3.rel1.win32_1.1.0.202305231506/tools/bin/../lib/gcc/arm-none-eabi/11.3.1/../../../../arm-none-eabi/lib/thumb/v7e-m+fp/hard\libnosys.a
END GROUP
START GROUP
LOAD E:/Program/STM32CubeIDE_1.13.1/STM32CubeIDE/plugins/com.st.stm32cube.ide.mcu.externaltools.gnu-tools-for-stm32.11.3.rel1.win32_1.1.0.202305231506/tools/bin/../lib/gcc/arm-none-eabi/11.3.1/thumb/v7e-m+fp/hard\libgcc.a
LOAD E:/Program/STM32CubeIDE_1.13.1/STM32CubeIDE/plugins/com.st.stm32cube.ide.mcu.externaltools.gnu-tools-for-stm32.11.3.rel1.win32_1.1.0.202305231506/tools/bin/../lib/gcc/arm-none-eabi/11.3.1/../../../../arm-none-eabi/lib/thumb/v7e-m+fp/hard\libc_nano.a
LOAD E:/Program/STM32CubeIDE_1.13.1/STM32CubeIDE/plugins/com.st.stm32cube.ide.mcu.externaltools.gnu-tools-for-stm32.11.3.rel1.win32_1.1.0.202305231506/tools/bin/../lib/gcc/arm-none-eabi/11.3.1/../../../../arm-none-eabi/lib/thumb/v7e-m+fp/hard\libnosys.a
END GROUP
LOAD E:/Program/STM32CubeIDE_1.13.1/STM32CubeIDE/plugins/com.st.stm32cube.ide.mcu.externaltools.gnu-tools-for-stm32.11.3.rel1.win32_1.1.0.202305231506/tools/bin/../lib/gcc/arm-none-eabi/11.3.1/thumb/v7e-m+fp/hard/crtend.o
LOAD E:/Program/STM32CubeIDE_1.13.1/STM32CubeIDE/plugins/com.st.stm32cube.ide.mcu.externaltools.gnu-tools-for-stm32.11.3.rel1.win32_1.1.0.202305231506/tools/bin/../lib/gcc/arm-none-eabi/11.3.1/thumb/v7e-m+fp/hard/crtn.o
                0x0000000020030000                _estack = (ORIGIN (RAM) + LENGTH (RAM))
                0x0000000000002000                _Min_Heap_Size = 0x2000
                0x0000000000000400                _Min_Stack_Size = 0x400

.isr_vector     0x0000000008000000      0x1ac
                0x0000000008000000                . = ALIGN (0x4)
 *(.isr_vector)
 .isr_vector    0x0000000008000000      0x1ac ./Core/Startup/startup_stm32f429zitx.o
                0x0000000008000000                g_pfnVectors
                0x00000000080001ac                . = ALIGN (0x4)

.text           0x00000000080001ac     0xa3b4
                0x00000000080001ac                . = ALIGN (0x4)
 *(.text)
 .text          0x00000000080001ac       0x40 E:/Program/STM32CubeIDE_1.13.1/STM32CubeIDE/plugins/com.st.stm32cube.ide.mcu.externaltools.gnu-tools-for-stm32.11.3.rel1.win32_1.1.0.202305231506/tools/bin/../lib/gcc/arm-none-eabi/11.3.1/thumb/v7e-m+fp/hard/crtbegin.o
 .text          0x00000000080001ec       0x14 E:/Program/STM32CubeIDE_1.13.1/STM32CubeIDE/plugins/com.st.stm32cube.ide.mcu.externaltools.gnu-tools-for-stm32.11.3.rel1.win32_1.1.0.202305231506/tools/bin/../lib/gcc/arm-none-eabi/11.3.1/../../../../arm-none-eabi/lib/thumb/v7e-m+fp/hard\libc_nano.a(libc_a-strcmp.o)
                0x00000000080001ec                strcmp
 .text          0x0000000008000200       0x30 E:/Program/STM32CubeIDE_1.13.1/STM32CubeIDE/plugins/com.st.stm32cube.ide.mcu.externaltools.gnu-tools-for-stm32.11.3.rel1.win32_1.1.0.202305231506/tools/bin/../lib/gcc/arm-none-eabi/11.3.1/thumb/v7e-m+fp/hard\libgcc.a(_aeabi_uldivmod.o)
                0x0000000008000200                __aeabi_uldivmod
 .text          0x0000000008000230      0x2c8 E:/Program/STM32CubeIDE_1.13.1/STM32CubeIDE/plugins/com.st.stm32cube.ide.mcu.externaltools.gnu-tools-for-stm32.11.3.rel1.win32_1.1.0.202305231506/tools/bin/../lib/gcc/arm-none-eabi/11.3.1/thumb/v7e-m+fp/hard\libgcc.a(_udivmoddi4.o)
                0x0000000008000230                __udivmoddi4
 .text          0x00000000080004f8        0x4 E:/Program/STM32CubeIDE_1.13.1/STM32CubeIDE/plugins/com.st.stm32cube.ide.mcu.externaltools.gnu-tools-for-stm32.11.3.rel1.win32_1.1.0.202305231506/tools/bin/../lib/gcc/arm-none-eabi/11.3.1/thumb/v7e-m+fp/hard\libgcc.a(_dvmd_tls.o)
                0x00000000080004f8                __aeabi_idiv0
                0x00000000080004f8                __aeabi_ldiv0
 *(.text*)
 .text.main     0x00000000080004fc      0x144 ./Core/Src/main.o
                0x00000000080004fc                main
 .text.SystemClock_Config
                0x0000000008000640       0xd4 ./Core/Src/main.o
                0x0000000008000640                SystemClock_Config
 .text.MX_GPIO_Init
                0x0000000008000714       0xa4 ./Core/Src/main.o
 .text.Error_Handler
                0x00000000080007b8        0xa ./Core/Src/main.o
                0x00000000080007b8                Error_Handler
 *fill*         0x00000000080007c2        0x2 
 .text.HAL_MspInit
                0x00000000080007c4       0x50 ./Core/Src/stm32f4xx_hal_msp.o
                0x00000000080007c4                HAL_MspInit
 .text.NMI_Handler
                0x0000000008000814        0x6 ./Core/Src/stm32f4xx_it.o
                0x0000000008000814                NMI_Handler
 .text.HardFault_Handler
                0x000000000800081a        0x6 ./Core/Src/stm32f4xx_it.o
                0x000000000800081a                HardFault_Handler
 .text.MemManage_Handler
                0x0000000008000820        0x6 ./Core/Src/stm32f4xx_it.o
                0x0000000008000820                MemManage_Handler
 .text.BusFault_Handler
                0x0000000008000826        0x6 ./Core/Src/stm32f4xx_it.o
                0x0000000008000826                BusFault_Handler
 .text.UsageFault_Handler
                0x000000000800082c        0x6 ./Core/Src/stm32f4xx_it.o
                0x000000000800082c                UsageFault_Handler
 .text.SVC_Handler
                0x0000000008000832        0xe ./Core/Src/stm32f4xx_it.o
                0x0000000008000832                SVC_Handler
 .text.DebugMon_Handler
                0x0000000008000840        0xe ./Core/Src/stm32f4xx_it.o
                0x0000000008000840                DebugMon_Handler
 .text.PendSV_Handler
                0x000000000800084e        0xe ./Core/Src/stm32f4xx_it.o
                0x000000000800084e                PendSV_Handler
 .text.SysTick_Handler
                0x000000000800085c        0xc ./Core/Src/stm32f4xx_it.o
                0x000000000800085c                SysTick_Handler
 .text.OTG_HS_IRQHandler
                0x0000000008000868       0x14 ./Core/Src/stm32f4xx_it.o
                0x0000000008000868                OTG_HS_IRQHandler
 .text.SystemInit
                0x000000000800087c       0x24 ./Core/Src/system_stm32f4xx.o
                0x000000000800087c                SystemInit
 .text.Reset_Handler
                0x00000000080008a0       0x50 ./Core/Startup/startup_stm32f429zitx.o
                0x00000000080008a0                Reset_Handler
 .text.Default_Handler
                0x00000000080008f0        0x2 ./Core/Startup/startup_stm32f429zitx.o
                0x00000000080008f0                RTC_Alarm_IRQHandler
                0x00000000080008f0                HASH_RNG_IRQHandler
                0x00000000080008f0                EXTI2_IRQHandler
                0x00000000080008f0                TIM8_CC_IRQHandler
                0x00000000080008f0                UART8_IRQHandler
                0x00000000080008f0                SPI4_IRQHandler
                0x00000000080008f0                TIM1_CC_IRQHandler
                0x00000000080008f0                DMA2_Stream5_IRQHandler
                0x00000000080008f0                DMA1_Stream5_IRQHandler
                0x00000000080008f0                PVD_IRQHandler
                0x00000000080008f0                SDIO_IRQHandler
                0x00000000080008f0                TAMP_STAMP_IRQHandler
                0x00000000080008f0                CAN2_RX1_IRQHandler
                0x00000000080008f0                EXTI3_IRQHandler
                0x00000000080008f0                TIM8_TRG_COM_TIM14_IRQHandler
                0x00000000080008f0                TIM1_UP_TIM10_IRQHandler
                0x00000000080008f0                TIM8_UP_TIM13_IRQHandler
                0x00000000080008f0                I2C3_ER_IRQHandler
                0x00000000080008f0                EXTI0_IRQHandler
                0x00000000080008f0                I2C2_EV_IRQHandler
                0x00000000080008f0                DMA1_Stream2_IRQHandler
                0x00000000080008f0                CAN1_RX0_IRQHandler
                0x00000000080008f0                FPU_IRQHandler
                0x00000000080008f0                OTG_HS_WKUP_IRQHandler
                0x00000000080008f0                LTDC_ER_IRQHandler
                0x00000000080008f0                CAN2_SCE_IRQHandler
                0x00000000080008f0                DMA2_Stream2_IRQHandler
                0x00000000080008f0                SPI1_IRQHandler
                0x00000000080008f0                TIM6_DAC_IRQHandler
                0x00000000080008f0                TIM1_BRK_TIM9_IRQHandler
                0x00000000080008f0                DCMI_IRQHandler
                0x00000000080008f0                CAN2_RX0_IRQHandler
                0x00000000080008f0                DMA2_Stream3_IRQHandler
                0x00000000080008f0                USART6_IRQHandler
                0x00000000080008f0                USART3_IRQHandler
                0x00000000080008f0                CAN1_RX1_IRQHandler
                0x00000000080008f0                UART5_IRQHandler
                0x00000000080008f0                DMA2_Stream0_IRQHandler
                0x00000000080008f0                TIM4_IRQHandler
                0x00000000080008f0                I2C1_EV_IRQHandler
                0x00000000080008f0                DMA1_Stream6_IRQHandler
                0x00000000080008f0                DMA1_Stream1_IRQHandler
                0x00000000080008f0                UART4_IRQHandler
                0x00000000080008f0                TIM3_IRQHandler
                0x00000000080008f0                RCC_IRQHandler
                0x00000000080008f0                TIM8_BRK_TIM12_IRQHandler
                0x00000000080008f0                Default_Handler
                0x00000000080008f0                EXTI15_10_IRQHandler
                0x00000000080008f0                ADC_IRQHandler
                0x00000000080008f0                DMA1_Stream7_IRQHandler
                0x00000000080008f0                SPI5_IRQHandler
                0x00000000080008f0                TIM7_IRQHandler
                0x00000000080008f0                CAN2_TX_IRQHandler
                0x00000000080008f0                TIM5_IRQHandler
                0x00000000080008f0                DMA2_Stream7_IRQHandler
                0x00000000080008f0                I2C3_EV_IRQHandler
                0x00000000080008f0                EXTI9_5_IRQHandler
                0x00000000080008f0                RTC_WKUP_IRQHandler
                0x00000000080008f0                LTDC_IRQHandler
                0x00000000080008f0                ETH_WKUP_IRQHandler
                0x00000000080008f0                SPI2_IRQHandler
                0x00000000080008f0                OTG_HS_EP1_IN_IRQHandler
                0x00000000080008f0                DMA1_Stream0_IRQHandler
                0x00000000080008f0                CAN1_TX_IRQHandler
                0x00000000080008f0                EXTI4_IRQHandler
                0x00000000080008f0                ETH_IRQHandler
                0x00000000080008f0                OTG_HS_EP1_OUT_IRQHandler
                0x00000000080008f0                WWDG_IRQHandler
                0x00000000080008f0                SPI6_IRQHandler
                0x00000000080008f0                TIM2_IRQHandler
                0x00000000080008f0                OTG_FS_WKUP_IRQHandler
                0x00000000080008f0                TIM1_TRG_COM_TIM11_IRQHandler
                0x00000000080008f0                DMA2D_IRQHandler
                0x00000000080008f0                EXTI1_IRQHandler
                0x00000000080008f0                UART7_IRQHandler
                0x00000000080008f0                USART2_IRQHandler
                0x00000000080008f0                I2C2_ER_IRQHandler
                0x00000000080008f0                DMA2_Stream1_IRQHandler
                0x00000000080008f0                CAN1_SCE_IRQHandler
                0x00000000080008f0                FLASH_IRQHandler
                0x00000000080008f0                DMA2_Stream4_IRQHandler
                0x00000000080008f0                USART1_IRQHandler
                0x00000000080008f0                OTG_FS_IRQHandler
                0x00000000080008f0                SPI3_IRQHandler
                0x00000000080008f0                DMA1_Stream4_IRQHandler
                0x00000000080008f0                I2C1_ER_IRQHandler
                0x00000000080008f0                FMC_IRQHandler
                0x00000000080008f0                DMA2_Stream6_IRQHandler
                0x00000000080008f0                SAI1_IRQHandler
                0x00000000080008f0                DMA1_Stream3_IRQHandler
 .text.ili9341_Init
                0x00000000080008f2      0x294 ./Drivers/BSP/Components/ili9341/ili9341.o
                0x00000000080008f2                ili9341_Init
 .text.ili9341_ReadID
                0x0000000008000b86       0x18 ./Drivers/BSP/Components/ili9341/ili9341.o
                0x0000000008000b86                ili9341_ReadID
 .text.ili9341_DisplayOn
                0x0000000008000b9e        0xe ./Drivers/BSP/Components/ili9341/ili9341.o
                0x0000000008000b9e                ili9341_DisplayOn
 .text.ili9341_DisplayOff
                0x0000000008000bac        0xe ./Drivers/BSP/Components/ili9341/ili9341.o
                0x0000000008000bac                ili9341_DisplayOff
 .text.ili9341_WriteReg
                0x0000000008000bba       0x1a ./Drivers/BSP/Components/ili9341/ili9341.o
                0x0000000008000bba                ili9341_WriteReg
 .text.ili9341_WriteData
                0x0000000008000bd4       0x1a ./Drivers/BSP/Components/ili9341/ili9341.o
                0x0000000008000bd4                ili9341_WriteData
 .text.ili9341_ReadData
                0x0000000008000bee       0x26 ./Drivers/BSP/Components/ili9341/ili9341.o
                0x0000000008000bee                ili9341_ReadData
 .text.ili9341_GetLcdPixelWidth
                0x0000000008000c14       0x10 ./Drivers/BSP/Components/ili9341/ili9341.o
                0x0000000008000c14                ili9341_GetLcdPixelWidth
 .text.ili9341_GetLcdPixelHeight
                0x0000000008000c24       0x12 ./Drivers/BSP/Components/ili9341/ili9341.o
                0x0000000008000c24                ili9341_GetLcdPixelHeight
 *fill*         0x0000000008000c36        0x2 
 .text.SPIx_Init
                0x0000000008000c38       0x74 ./Drivers/BSP/STM32F429I-Discovery/stm32f429i_discovery.o
 .text.SPIx_Read
                0x0000000008000cac       0x40 ./Drivers/BSP/STM32F429I-Discovery/stm32f429i_discovery.o
 .text.SPIx_Write
                0x0000000008000cec       0x3c ./Drivers/BSP/STM32F429I-Discovery/stm32f429i_discovery.o
 .text.SPIx_Error
                0x0000000008000d28       0x18 ./Drivers/BSP/STM32F429I-Discovery/stm32f429i_discovery.o
 .text.SPIx_MspInit
                0x0000000008000d40       0x74 ./Drivers/BSP/STM32F429I-Discovery/stm32f429i_discovery.o
 .text.LCD_IO_Init
                0x0000000008000db4       0xf0 ./Drivers/BSP/STM32F429I-Discovery/stm32f429i_discovery.o
                0x0000000008000db4                LCD_IO_Init
 .text.LCD_IO_WriteData
                0x0000000008000ea4       0x44 ./Drivers/BSP/STM32F429I-Discovery/stm32f429i_discovery.o
                0x0000000008000ea4                LCD_IO_WriteData
 .text.LCD_IO_WriteReg
                0x0000000008000ee8       0x44 ./Drivers/BSP/STM32F429I-Discovery/stm32f429i_discovery.o
                0x0000000008000ee8                LCD_IO_WriteReg
 .text.LCD_IO_ReadData
                0x0000000008000f2c       0x64 ./Drivers/BSP/STM32F429I-Discovery/stm32f429i_discovery.o
                0x0000000008000f2c                LCD_IO_ReadData
 .text.LCD_Delay
                0x0000000008000f90       0x16 ./Drivers/BSP/STM32F429I-Discovery/stm32f429i_discovery.o
                0x0000000008000f90                LCD_Delay
 *fill*         0x0000000008000fa6        0x2 
 .text.BSP_LCD_Init
                0x0000000008000fa8       0xd4 ./Drivers/BSP/STM32F429I-Discovery/stm32f429i_discovery_lcd.o
                0x0000000008000fa8                BSP_LCD_Init
 .text.BSP_LCD_GetXSize
                0x000000000800107c       0x18 ./Drivers/BSP/STM32F429I-Discovery/stm32f429i_discovery_lcd.o
                0x000000000800107c                BSP_LCD_GetXSize
 .text.BSP_LCD_GetYSize
                0x0000000008001094       0x18 ./Drivers/BSP/STM32F429I-Discovery/stm32f429i_discovery_lcd.o
                0x0000000008001094                BSP_LCD_GetYSize
 .text.BSP_LCD_LayerDefaultInit
                0x00000000080010ac       0xc8 ./Drivers/BSP/STM32F429I-Discovery/stm32f429i_discovery_lcd.o
                0x00000000080010ac                BSP_LCD_LayerDefaultInit
 .text.BSP_LCD_SelectLayer
                0x0000000008001174       0x20 ./Drivers/BSP/STM32F429I-Discovery/stm32f429i_discovery_lcd.o
                0x0000000008001174                BSP_LCD_SelectLayer
 .text.BSP_LCD_SetTextColor
                0x0000000008001194       0x30 ./Drivers/BSP/STM32F429I-Discovery/stm32f429i_discovery_lcd.o
                0x0000000008001194                BSP_LCD_SetTextColor
 .text.BSP_LCD_SetBackColor
                0x00000000080011c4       0x34 ./Drivers/BSP/STM32F429I-Discovery/stm32f429i_discovery_lcd.o
                0x00000000080011c4                BSP_LCD_SetBackColor
 .text.BSP_LCD_SetFont
                0x00000000080011f8       0x34 ./Drivers/BSP/STM32F429I-Discovery/stm32f429i_discovery_lcd.o
                0x00000000080011f8                BSP_LCD_SetFont
 .text.BSP_LCD_GetFont
                0x000000000800122c       0x2c ./Drivers/BSP/STM32F429I-Discovery/stm32f429i_discovery_lcd.o
                0x000000000800122c                BSP_LCD_GetFont
 .text.BSP_LCD_Clear
                0x0000000008001258       0x50 ./Drivers/BSP/STM32F429I-Discovery/stm32f429i_discovery_lcd.o
                0x0000000008001258                BSP_LCD_Clear
 .text.BSP_LCD_DisplayChar
                0x00000000080012a8       0x88 ./Drivers/BSP/STM32F429I-Discovery/stm32f429i_discovery_lcd.o
                0x00000000080012a8                BSP_LCD_DisplayChar
 .text.BSP_LCD_DisplayStringAt
                0x0000000008001330      0x17c ./Drivers/BSP/STM32F429I-Discovery/stm32f429i_discovery_lcd.o
                0x0000000008001330                BSP_LCD_DisplayStringAt
 .text.BSP_LCD_DisplayStringAtLine
                0x00000000080014ac       0x2e ./Drivers/BSP/STM32F429I-Discovery/stm32f429i_discovery_lcd.o
                0x00000000080014ac                BSP_LCD_DisplayStringAtLine
 *fill*         0x00000000080014da        0x2 
 .text.BSP_LCD_DisplayOn
                0x00000000080014dc       0x20 ./Drivers/BSP/STM32F429I-Discovery/stm32f429i_discovery_lcd.o
                0x00000000080014dc                BSP_LCD_DisplayOn
 .text.BSP_LCD_MspInit
                0x00000000080014fc      0x1ac ./Drivers/BSP/STM32F429I-Discovery/stm32f429i_discovery_lcd.o
                0x00000000080014fc                BSP_LCD_MspInit
 .text.BSP_LCD_DrawPixel
                0x00000000080016a8       0x4c ./Drivers/BSP/STM32F429I-Discovery/stm32f429i_discovery_lcd.o
                0x00000000080016a8                BSP_LCD_DrawPixel
 .text.DrawChar
                0x00000000080016f4      0x174 ./Drivers/BSP/STM32F429I-Discovery/stm32f429i_discovery_lcd.o
 .text.FillBuffer
                0x0000000008001868       0x70 ./Drivers/BSP/STM32F429I-Discovery/stm32f429i_discovery_lcd.o
 .text.BSP_SDRAM_Init
                0x00000000080018d8       0xbc ./Drivers/BSP/STM32F429I-Discovery/stm32f429i_discovery_sdram.o
                0x00000000080018d8                BSP_SDRAM_Init
 .text.BSP_SDRAM_Initialization_sequence
                0x0000000008001994       0xc0 ./Drivers/BSP/STM32F429I-Discovery/stm32f429i_discovery_sdram.o
                0x0000000008001994                BSP_SDRAM_Initialization_sequence
 .text.BSP_SDRAM_MspInit
                0x0000000008001a54      0x218 ./Drivers/BSP/STM32F429I-Discovery/stm32f429i_discovery_sdram.o
                0x0000000008001a54                BSP_SDRAM_MspInit
 .text.HAL_Init
                0x0000000008001c6c       0x44 ./Drivers/STM32F4xx_HAL_Driver/Src/stm32f4xx_hal.o
                0x0000000008001c6c                HAL_Init
 .text.HAL_InitTick
                0x0000000008001cb0       0x60 ./Drivers/STM32F4xx_HAL_Driver/Src/stm32f4xx_hal.o
                0x0000000008001cb0                HAL_InitTick
 .text.HAL_IncTick
                0x0000000008001d10       0x28 ./Drivers/STM32F4xx_HAL_Driver/Src/stm32f4xx_hal.o
                0x0000000008001d10                HAL_IncTick
 .text.HAL_GetTick
                0x0000000008001d38       0x18 ./Drivers/STM32F4xx_HAL_Driver/Src/stm32f4xx_hal.o
                0x0000000008001d38                HAL_GetTick
 .text.HAL_Delay
                0x0000000008001d50       0x48 ./Drivers/STM32F4xx_HAL_Driver/Src/stm32f4xx_hal.o
                0x0000000008001d50                HAL_Delay
 .text.__NVIC_SetPriorityGrouping
                0x0000000008001d98       0x48 ./Drivers/STM32F4xx_HAL_Driver/Src/stm32f4xx_hal_cortex.o
 .text.__NVIC_GetPriorityGrouping
                0x0000000008001de0       0x1c ./Drivers/STM32F4xx_HAL_Driver/Src/stm32f4xx_hal_cortex.o
 .text.__NVIC_EnableIRQ
                0x0000000008001dfc       0x3c ./Drivers/STM32F4xx_HAL_Driver/Src/stm32f4xx_hal_cortex.o
 .text.__NVIC_SetPriority
                0x0000000008001e38       0x54 ./Drivers/STM32F4xx_HAL_Driver/Src/stm32f4xx_hal_cortex.o
 .text.NVIC_EncodePriority
                0x0000000008001e8c       0x66 ./Drivers/STM32F4xx_HAL_Driver/Src/stm32f4xx_hal_cortex.o
 *fill*         0x0000000008001ef2        0x2 
 .text.SysTick_Config
                0x0000000008001ef4       0x44 ./Drivers/STM32F4xx_HAL_Driver/Src/stm32f4xx_hal_cortex.o
 .text.HAL_NVIC_SetPriorityGrouping
                0x0000000008001f38       0x16 ./Drivers/STM32F4xx_HAL_Driver/Src/stm32f4xx_hal_cortex.o
                0x0000000008001f38                HAL_NVIC_SetPriorityGrouping
 .text.HAL_NVIC_SetPriority
                0x0000000008001f4e       0x38 ./Drivers/STM32F4xx_HAL_Driver/Src/stm32f4xx_hal_cortex.o
                0x0000000008001f4e                HAL_NVIC_SetPriority
 .text.HAL_NVIC_EnableIRQ
                0x0000000008001f86       0x1c ./Drivers/STM32F4xx_HAL_Driver/Src/stm32f4xx_hal_cortex.o
                0x0000000008001f86                HAL_NVIC_EnableIRQ
 .text.HAL_SYSTICK_Config
                0x0000000008001fa2       0x18 ./Drivers/STM32F4xx_HAL_Driver/Src/stm32f4xx_hal_cortex.o
                0x0000000008001fa2                HAL_SYSTICK_Config
 *fill*         0x0000000008001fba        0x2 
 .text.HAL_DMA_Init
                0x0000000008001fbc      0x15c ./Drivers/STM32F4xx_HAL_Driver/Src/stm32f4xx_hal_dma.o
                0x0000000008001fbc                HAL_DMA_Init
 .text.HAL_DMA_DeInit
                0x0000000008002118       0xbc ./Drivers/STM32F4xx_HAL_Driver/Src/stm32f4xx_hal_dma.o
                0x0000000008002118                HAL_DMA_DeInit
 .text.DMA_CalcBaseAndBitshift
                0x00000000080021d4       0x6c ./Drivers/STM32F4xx_HAL_Driver/Src/stm32f4xx_hal_dma.o
 .text.DMA_CheckFifoParam
                0x0000000008002240       0xf8 ./Drivers/STM32F4xx_HAL_Driver/Src/stm32f4xx_hal_dma.o
 .text.HAL_GPIO_Init
                0x0000000008002338      0x358 ./Drivers/STM32F4xx_HAL_Driver/Src/stm32f4xx_hal_gpio.o
                0x0000000008002338                HAL_GPIO_Init
 .text.HAL_GPIO_WritePin
                0x0000000008002690       0x32 ./Drivers/STM32F4xx_HAL_Driver/Src/stm32f4xx_hal_gpio.o
                0x0000000008002690                HAL_GPIO_WritePin
 .text.HAL_PCD_Init
                0x00000000080026c2      0x23a ./Drivers/STM32F4xx_HAL_Driver/Src/stm32f4xx_hal_pcd.o
                0x00000000080026c2                HAL_PCD_Init
 .text.HAL_PCD_Start
                0x00000000080028fc       0x66 ./Drivers/STM32F4xx_HAL_Driver/Src/stm32f4xx_hal_pcd.o
                0x00000000080028fc                HAL_PCD_Start
 .text.HAL_PCD_IRQHandler
                0x0000000008002962      0x93e ./Drivers/STM32F4xx_HAL_Driver/Src/stm32f4xx_hal_pcd.o
                0x0000000008002962                HAL_PCD_IRQHandler
 .text.HAL_PCD_SetAddress
                0x00000000080032a0       0x4a ./Drivers/STM32F4xx_HAL_Driver/Src/stm32f4xx_hal_pcd.o
                0x00000000080032a0                HAL_PCD_SetAddress
 .text.HAL_PCD_EP_Open
                0x00000000080032ea       0xd0 ./Drivers/STM32F4xx_HAL_Driver/Src/stm32f4xx_hal_pcd.o
                0x00000000080032ea                HAL_PCD_EP_Open
 .text.HAL_PCD_EP_Close
                0x00000000080033ba       0x94 ./Drivers/STM32F4xx_HAL_Driver/Src/stm32f4xx_hal_pcd.o
                0x00000000080033ba                HAL_PCD_EP_Close
 .text.HAL_PCD_EP_Receive
                0x000000000800344e       0x96 ./Drivers/STM32F4xx_HAL_Driver/Src/stm32f4xx_hal_pcd.o
                0x000000000800344e                HAL_PCD_EP_Receive
 .text.HAL_PCD_EP_GetRxCount
                0x00000000080034e4       0x30 ./Drivers/STM32F4xx_HAL_Driver/Src/stm32f4xx_hal_pcd.o
                0x00000000080034e4                HAL_PCD_EP_GetRxCount
 .text.HAL_PCD_EP_Transmit
                0x0000000008003514       0x94 ./Drivers/STM32F4xx_HAL_Driver/Src/stm32f4xx_hal_pcd.o
                0x0000000008003514                HAL_PCD_EP_Transmit
 .text.HAL_PCD_EP_SetStall
                0x00000000080035a8       0xc8 ./Drivers/STM32F4xx_HAL_Driver/Src/stm32f4xx_hal_pcd.o
                0x00000000080035a8                HAL_PCD_EP_SetStall
 .text.HAL_PCD_EP_ClrStall
                0x0000000008003670       0xac ./Drivers/STM32F4xx_HAL_Driver/Src/stm32f4xx_hal_pcd.o
                0x0000000008003670                HAL_PCD_EP_ClrStall
 .text.HAL_PCD_EP_Abort
                0x000000000800371c       0x62 ./Drivers/STM32F4xx_HAL_Driver/Src/stm32f4xx_hal_pcd.o
                0x000000000800371c                HAL_PCD_EP_Abort
 .text.PCD_WriteEmptyTxFifo
                0x000000000800377e      0x11a ./Drivers/STM32F4xx_HAL_Driver/Src/stm32f4xx_hal_pcd.o
 .text.PCD_EP_OutXfrComplete_int
                0x0000000008003898      0x1d0 ./Drivers/STM32F4xx_HAL_Driver/Src/stm32f4xx_hal_pcd.o
 .text.PCD_EP_OutSetupPacket_int
                0x0000000008003a68       0x8c ./Drivers/STM32F4xx_HAL_Driver/Src/stm32f4xx_hal_pcd.o
 .text.HAL_PCDEx_SetTxFiFo
                0x0000000008003af4       0x8e ./Drivers/STM32F4xx_HAL_Driver/Src/stm32f4xx_hal_pcd_ex.o
                0x0000000008003af4                HAL_PCDEx_SetTxFiFo
 .text.HAL_PCDEx_SetRxFiFo
                0x0000000008003b82       0x22 ./Drivers/STM32F4xx_HAL_Driver/Src/stm32f4xx_hal_pcd_ex.o
                0x0000000008003b82                HAL_PCDEx_SetRxFiFo
 .text.HAL_PCDEx_LPM_Callback
                0x0000000008003ba4       0x18 ./Drivers/STM32F4xx_HAL_Driver/Src/stm32f4xx_hal_pcd_ex.o
                0x0000000008003ba4                HAL_PCDEx_LPM_Callback
 .text.HAL_RCC_OscConfig
                0x0000000008003bbc      0x4f0 ./Drivers/STM32F4xx_HAL_Driver/Src/stm32f4xx_hal_rcc.o
                0x0000000008003bbc                HAL_RCC_OscConfig
 .text.HAL_RCC_ClockConfig
                0x00000000080040ac      0x1cc ./Drivers/STM32F4xx_HAL_Driver/Src/stm32f4xx_hal_rcc.o
                0x00000000080040ac                HAL_RCC_ClockConfig
 .text.HAL_RCC_GetSysClockFreq
                0x0000000008004278      0x20c ./Drivers/STM32F4xx_HAL_Driver/Src/stm32f4xx_hal_rcc.o
                0x0000000008004278                HAL_RCC_GetSysClockFreq
 .text.HAL_RCC_GetHCLKFreq
                0x0000000008004484       0x18 ./Drivers/STM32F4xx_HAL_Driver/Src/stm32f4xx_hal_rcc.o
                0x0000000008004484                HAL_RCC_GetHCLKFreq
 .text.HAL_RCCEx_PeriphCLKConfig
                0x000000000800449c      0x380 ./Drivers/STM32F4xx_HAL_Driver/Src/stm32f4xx_hal_rcc_ex.o
                0x000000000800449c                HAL_RCCEx_PeriphCLKConfig
 .text.USB_CoreInit
                0x000000000800481c       0xc2 ./Drivers/STM32F4xx_HAL_Driver/Src/stm32f4xx_ll_usb.o
                0x000000000800481c                USB_CoreInit
 *fill*         0x00000000080048de        0x2 
 .text.USB_SetTurnaroundTime
                0x00000000080048e0      0x144 ./Drivers/STM32F4xx_HAL_Driver/Src/stm32f4xx_ll_usb.o
                0x00000000080048e0                USB_SetTurnaroundTime
 .text.USB_EnableGlobalInt
                0x0000000008004a24       0x22 ./Drivers/STM32F4xx_HAL_Driver/Src/stm32f4xx_ll_usb.o
                0x0000000008004a24                USB_EnableGlobalInt
 .text.USB_DisableGlobalInt
                0x0000000008004a46       0x22 ./Drivers/STM32F4xx_HAL_Driver/Src/stm32f4xx_ll_usb.o
                0x0000000008004a46                USB_DisableGlobalInt
 .text.USB_SetCurrentMode
                0x0000000008004a68       0x98 ./Drivers/STM32F4xx_HAL_Driver/Src/stm32f4xx_ll_usb.o
                0x0000000008004a68                USB_SetCurrentMode
 .text.USB_DevInit
                0x0000000008004b00      0x2c8 ./Drivers/STM32F4xx_HAL_Driver/Src/stm32f4xx_ll_usb.o
                0x0000000008004b00                USB_DevInit
 .text.USB_FlushTxFifo
                0x0000000008004dc8       0x68 ./Drivers/STM32F4xx_HAL_Driver/Src/stm32f4xx_ll_usb.o
                0x0000000008004dc8                USB_FlushTxFifo
 .text.USB_FlushRxFifo
                0x0000000008004e30       0x60 ./Drivers/STM32F4xx_HAL_Driver/Src/stm32f4xx_ll_usb.o
                0x0000000008004e30                USB_FlushRxFifo
 .text.USB_SetDevSpeed
                0x0000000008004e90       0x32 ./Drivers/STM32F4xx_HAL_Driver/Src/stm32f4xx_ll_usb.o
                0x0000000008004e90                USB_SetDevSpeed
 .text.USB_GetDevSpeed
                0x0000000008004ec2       0x4a ./Drivers/STM32F4xx_HAL_Driver/Src/stm32f4xx_ll_usb.o
                0x0000000008004ec2                USB_GetDevSpeed
 .text.USB_ActivateEndpoint
                0x0000000008004f0c      0x10e ./Drivers/STM32F4xx_HAL_Driver/Src/stm32f4xx_ll_usb.o
                0x0000000008004f0c                USB_ActivateEndpoint
 *fill*         0x000000000800501a        0x2 
 .text.USB_DeactivateEndpoint
                0x000000000800501c      0x1b8 ./Drivers/STM32F4xx_HAL_Driver/Src/stm32f4xx_ll_usb.o
                0x000000000800501c                USB_DeactivateEndpoint
 .text.USB_EPStartXfer
                0x00000000080051d4      0x490 ./Drivers/STM32F4xx_HAL_Driver/Src/stm32f4xx_ll_usb.o
                0x00000000080051d4                USB_EPStartXfer
 .text.USB_EP0StartXfer
                0x0000000008005664      0x2b0 ./Drivers/STM32F4xx_HAL_Driver/Src/stm32f4xx_ll_usb.o
                0x0000000008005664                USB_EP0StartXfer
 .text.USB_EPStopXfer
                0x0000000008005914      0x154 ./Drivers/STM32F4xx_HAL_Driver/Src/stm32f4xx_ll_usb.o
                0x0000000008005914                USB_EPStopXfer
 .text.USB_WritePacket
                0x0000000008005a68       0x7c ./Drivers/STM32F4xx_HAL_Driver/Src/stm32f4xx_ll_usb.o
                0x0000000008005a68                USB_WritePacket
 .text.USB_ReadPacket
                0x0000000008005ae4       0xb0 ./Drivers/STM32F4xx_HAL_Driver/Src/stm32f4xx_ll_usb.o
                0x0000000008005ae4                USB_ReadPacket
 .text.USB_EPSetStall
                0x0000000008005b94       0xdc ./Drivers/STM32F4xx_HAL_Driver/Src/stm32f4xx_ll_usb.o
                0x0000000008005b94                USB_EPSetStall
 .text.USB_EPClearStall
                0x0000000008005c70       0xcc ./Drivers/STM32F4xx_HAL_Driver/Src/stm32f4xx_ll_usb.o
                0x0000000008005c70                USB_EPClearStall
 .text.USB_SetDevAddress
                0x0000000008005d3c       0x4c ./Drivers/STM32F4xx_HAL_Driver/Src/stm32f4xx_ll_usb.o
                0x0000000008005d3c                USB_SetDevAddress
 .text.USB_DevConnect
                0x0000000008005d88       0x42 ./Drivers/STM32F4xx_HAL_Driver/Src/stm32f4xx_ll_usb.o
                0x0000000008005d88                USB_DevConnect
 .text.USB_DevDisconnect
                0x0000000008005dca       0x42 ./Drivers/STM32F4xx_HAL_Driver/Src/stm32f4xx_ll_usb.o
                0x0000000008005dca                USB_DevDisconnect
 .text.USB_ReadInterrupts
                0x0000000008005e0c       0x26 ./Drivers/STM32F4xx_HAL_Driver/Src/stm32f4xx_ll_usb.o
                0x0000000008005e0c                USB_ReadInterrupts
 .text.USB_ReadDevAllOutEpInterrupt
                0x0000000008005e32       0x34 ./Drivers/STM32F4xx_HAL_Driver/Src/stm32f4xx_ll_usb.o
                0x0000000008005e32                USB_ReadDevAllOutEpInterrupt
 .text.USB_ReadDevAllInEpInterrupt
                0x0000000008005e66       0x34 ./Drivers/STM32F4xx_HAL_Driver/Src/stm32f4xx_ll_usb.o
                0x0000000008005e66                USB_ReadDevAllInEpInterrupt
 .text.USB_ReadDevOutEPInterrupt
                0x0000000008005e9a       0x3c ./Drivers/STM32F4xx_HAL_Driver/Src/stm32f4xx_ll_usb.o
                0x0000000008005e9a                USB_ReadDevOutEPInterrupt
 .text.USB_ReadDevInEPInterrupt
                0x0000000008005ed6       0x5c ./Drivers/STM32F4xx_HAL_Driver/Src/stm32f4xx_ll_usb.o
                0x0000000008005ed6                USB_ReadDevInEPInterrupt
 .text.USB_GetMode
                0x0000000008005f32       0x1c ./Drivers/STM32F4xx_HAL_Driver/Src/stm32f4xx_ll_usb.o
                0x0000000008005f32                USB_GetMode
 .text.USB_ActivateSetup
                0x0000000008005f4e       0x46 ./Drivers/STM32F4xx_HAL_Driver/Src/stm32f4xx_ll_usb.o
                0x0000000008005f4e                USB_ActivateSetup
 .text.USB_EP0_OutStart
                0x0000000008005f94       0xbc ./Drivers/STM32F4xx_HAL_Driver/Src/stm32f4xx_ll_usb.o
                0x0000000008005f94                USB_EP0_OutStart
 .text.USB_CoreReset
                0x0000000008006050       0x68 ./Drivers/STM32F4xx_HAL_Driver/Src/stm32f4xx_ll_usb.o
 .text.HAL_DMA2D_Init
                0x00000000080060b8       0x92 ./Drivers/STM32F4xx_HAL_Driver/stm32f4xx_hal_dma2d.o
                0x00000000080060b8                HAL_DMA2D_Init
 .text.HAL_DMA2D_MspInit
                0x000000000800614a       0x14 ./Drivers/STM32F4xx_HAL_Driver/stm32f4xx_hal_dma2d.o
                0x000000000800614a                HAL_DMA2D_MspInit
 .text.HAL_DMA2D_Start
                0x000000000800615e       0x56 ./Drivers/STM32F4xx_HAL_Driver/stm32f4xx_hal_dma2d.o
                0x000000000800615e                HAL_DMA2D_Start
 .text.HAL_DMA2D_PollForTransfer
                0x00000000080061b4      0x1d2 ./Drivers/STM32F4xx_HAL_Driver/stm32f4xx_hal_dma2d.o
                0x00000000080061b4                HAL_DMA2D_PollForTransfer
 *fill*         0x0000000008006386        0x2 
 .text.HAL_DMA2D_ConfigLayer
                0x0000000008006388      0x124 ./Drivers/STM32F4xx_HAL_Driver/stm32f4xx_hal_dma2d.o
                0x0000000008006388                HAL_DMA2D_ConfigLayer
 .text.DMA2D_SetConfig
                0x00000000080064ac      0x138 ./Drivers/STM32F4xx_HAL_Driver/stm32f4xx_hal_dma2d.o
 .text.HAL_LTDC_Init
                0x00000000080065e4      0x1a0 ./Drivers/STM32F4xx_HAL_Driver/stm32f4xx_hal_ltdc.o
                0x00000000080065e4                HAL_LTDC_Init
 .text.HAL_LTDC_MspInit
                0x0000000008006784       0x14 ./Drivers/STM32F4xx_HAL_Driver/stm32f4xx_hal_ltdc.o
                0x0000000008006784                HAL_LTDC_MspInit
 .text.HAL_LTDC_ConfigLayer
                0x0000000008006798       0x7c ./Drivers/STM32F4xx_HAL_Driver/stm32f4xx_hal_ltdc.o
                0x0000000008006798                HAL_LTDC_ConfigLayer
 .text.HAL_LTDC_EnableDither
                0x0000000008006814       0x54 ./Drivers/STM32F4xx_HAL_Driver/stm32f4xx_hal_ltdc.o
                0x0000000008006814                HAL_LTDC_EnableDither
 .text.LTDC_SetConfig
                0x0000000008006868      0x32e ./Drivers/STM32F4xx_HAL_Driver/stm32f4xx_hal_ltdc.o
 .text.HAL_SDRAM_Init
                0x0000000008006b96       0x68 ./Drivers/STM32F4xx_HAL_Driver/stm32f4xx_hal_sdram.o
                0x0000000008006b96                HAL_SDRAM_Init
 .text.HAL_SDRAM_MspInit
                0x0000000008006bfe       0x14 ./Drivers/STM32F4xx_HAL_Driver/stm32f4xx_hal_sdram.o
                0x0000000008006bfe                HAL_SDRAM_MspInit
 .text.HAL_SDRAM_SendCommand
                0x0000000008006c12       0x6a ./Drivers/STM32F4xx_HAL_Driver/stm32f4xx_hal_sdram.o
                0x0000000008006c12                HAL_SDRAM_SendCommand
 .text.HAL_SDRAM_ProgramRefreshRate
                0x0000000008006c7c       0x50 ./Drivers/STM32F4xx_HAL_Driver/stm32f4xx_hal_sdram.o
                0x0000000008006c7c                HAL_SDRAM_ProgramRefreshRate
 .text.HAL_SPI_Init
                0x0000000008006ccc      0x112 ./Drivers/STM32F4xx_HAL_Driver/stm32f4xx_hal_spi.o
                0x0000000008006ccc                HAL_SPI_Init
 .text.HAL_SPI_DeInit
                0x0000000008006dde       0x50 ./Drivers/STM32F4xx_HAL_Driver/stm32f4xx_hal_spi.o
                0x0000000008006dde                HAL_SPI_DeInit
 .text.HAL_SPI_MspInit
                0x0000000008006e2e       0x14 ./Drivers/STM32F4xx_HAL_Driver/stm32f4xx_hal_spi.o
                0x0000000008006e2e                HAL_SPI_MspInit
 .text.HAL_SPI_MspDeInit
                0x0000000008006e42       0x14 ./Drivers/STM32F4xx_HAL_Driver/stm32f4xx_hal_spi.o
                0x0000000008006e42                HAL_SPI_MspDeInit
 .text.HAL_SPI_Transmit
                0x0000000008006e56      0x278 ./Drivers/STM32F4xx_HAL_Driver/stm32f4xx_hal_spi.o
                0x0000000008006e56                HAL_SPI_Transmit
 .text.HAL_SPI_Receive
                0x00000000080070ce      0x222 ./Drivers/STM32F4xx_HAL_Driver/stm32f4xx_hal_spi.o
                0x00000000080070ce                HAL_SPI_Receive
 .text.HAL_SPI_TransmitReceive
                0x00000000080072f0      0x344 ./Drivers/STM32F4xx_HAL_Driver/stm32f4xx_hal_spi.o
                0x00000000080072f0                HAL_SPI_TransmitReceive
 .text.HAL_SPI_GetState
                0x0000000008007634       0x1c ./Drivers/STM32F4xx_HAL_Driver/stm32f4xx_hal_spi.o
                0x0000000008007634                HAL_SPI_GetState
 .text.SPI_WaitFlagStateUntilTimeout
                0x0000000008007650      0x110 ./Drivers/STM32F4xx_HAL_Driver/stm32f4xx_hal_spi.o
 .text.SPI_EndRxTransaction
                0x0000000008007760       0xca ./Drivers/STM32F4xx_HAL_Driver/stm32f4xx_hal_spi.o
 *fill*         0x000000000800782a        0x2 
 .text.SPI_EndRxTxTransaction
                0x000000000800782c       0x84 ./Drivers/STM32F4xx_HAL_Driver/stm32f4xx_hal_spi.o
 .text.FMC_SDRAM_Init
                0x00000000080078b0       0xba ./Drivers/STM32F4xx_HAL_Driver/stm32f4xx_ll_fmc.o
                0x00000000080078b0                FMC_SDRAM_Init
 .text.FMC_SDRAM_Timing_Init
                0x000000000800796a       0xd2 ./Drivers/STM32F4xx_HAL_Driver/stm32f4xx_ll_fmc.o
                0x000000000800796a                FMC_SDRAM_Timing_Init
 .text.FMC_SDRAM_SendCommand
                0x0000000008007a3c       0x7a ./Drivers/STM32F4xx_HAL_Driver/stm32f4xx_ll_fmc.o
                0x0000000008007a3c                FMC_SDRAM_SendCommand
 .text.FMC_SDRAM_ProgramRefreshRate
                0x0000000008007ab6       0x2e ./Drivers/STM32F4xx_HAL_Driver/stm32f4xx_ll_fmc.o
                0x0000000008007ab6                FMC_SDRAM_ProgramRefreshRate
 .text.USBD_CDC_Init
                0x0000000008007ae4      0x1f0 ./Middlewares/ST/STM32_USB_Device_Library/Class/CDC/Src/usbd_cdc.o
 .text.USBD_CDC_DeInit
                0x0000000008007cd4      0x104 ./Middlewares/ST/STM32_USB_Device_Library/Class/CDC/Src/usbd_cdc.o
 .text.USBD_CDC_Setup
                0x0000000008007dd8      0x1b8 ./Middlewares/ST/STM32_USB_Device_Library/Class/CDC/Src/usbd_cdc.o
 .text.USBD_CDC_DataIn
                0x0000000008007f90       0xfe ./Middlewares/ST/STM32_USB_Device_Library/Class/CDC/Src/usbd_cdc.o
 .text.USBD_CDC_DataOut
                0x000000000800808e       0x70 ./Middlewares/ST/STM32_USB_Device_Library/Class/CDC/Src/usbd_cdc.o
 .text.USBD_CDC_EP0_RxReady
                0x00000000080080fe       0x76 ./Middlewares/ST/STM32_USB_Device_Library/Class/CDC/Src/usbd_cdc.o
 .text.USBD_CDC_GetFSCfgDesc
                0x0000000008008174       0x70 ./Middlewares/ST/STM32_USB_Device_Library/Class/CDC/Src/usbd_cdc.o
 .text.USBD_CDC_GetHSCfgDesc
                0x00000000080081e4       0x70 ./Middlewares/ST/STM32_USB_Device_Library/Class/CDC/Src/usbd_cdc.o
 .text.USBD_CDC_GetOtherSpeedCfgDesc
                0x0000000008008254       0x70 ./Middlewares/ST/STM32_USB_Device_Library/Class/CDC/Src/usbd_cdc.o
 .text.USBD_CDC_GetDeviceQualifierDescriptor
                0x00000000080082c4       0x20 ./Middlewares/ST/STM32_USB_Device_Library/Class/CDC/Src/usbd_cdc.o
                0x00000000080082c4                USBD_CDC_GetDeviceQualifierDescriptor
 .text.USBD_CDC_RegisterInterface
                0x00000000080082e4       0x34 ./Middlewares/ST/STM32_USB_Device_Library/Class/CDC/Src/usbd_cdc.o
                0x00000000080082e4                USBD_CDC_RegisterInterface
 .text.USBD_CDC_SetTxBuffer
                0x0000000008008318       0x44 ./Middlewares/ST/STM32_USB_Device_Library/Class/CDC/Src/usbd_cdc.o
                0x0000000008008318                USBD_CDC_SetTxBuffer
 .text.USBD_CDC_SetRxBuffer
                0x000000000800835c       0x3a ./Middlewares/ST/STM32_USB_Device_Library/Class/CDC/Src/usbd_cdc.o
                0x000000000800835c                USBD_CDC_SetRxBuffer
 *fill*         0x0000000008008396        0x2 
 .text.USBD_CDC_TransmitPacket
                0x0000000008008398       0x8c ./Middlewares/ST/STM32_USB_Device_Library/Class/CDC/Src/usbd_cdc.o
                0x0000000008008398                USBD_CDC_TransmitPacket
 .text.USBD_CDC_ReceivePacket
                0x0000000008008424       0x6c ./Middlewares/ST/STM32_USB_Device_Library/Class/CDC/Src/usbd_cdc.o
                0x0000000008008424                USBD_CDC_ReceivePacket
 .text.USBD_Init
                0x0000000008008490       0x60 ./Middlewares/ST/STM32_USB_Device_Library/Core/Src/usbd_core.o
                0x0000000008008490                USBD_Init
 .text.USBD_RegisterClass
                0x00000000080084f0       0x6c ./Middlewares/ST/STM32_USB_Device_Library/Core/Src/usbd_core.o
                0x00000000080084f0                USBD_RegisterClass
 .text.USBD_Start
                0x000000000800855c       0x18 ./Middlewares/ST/STM32_USB_Device_Library/Core/Src/usbd_core.o
                0x000000000800855c                USBD_Start
 .text.USBD_RunTestMode
                0x0000000008008574       0x16 ./Middlewares/ST/STM32_USB_Device_Library/Core/Src/usbd_core.o
                0x0000000008008574                USBD_RunTestMode
 .text.USBD_SetClassConfig
                0x000000000800858a       0x38 ./Middlewares/ST/STM32_USB_Device_Library/Core/Src/usbd_core.o
                0x000000000800858a                USBD_SetClassConfig
 .text.USBD_ClrClassConfig
                0x00000000080085c2       0x34 ./Middlewares/ST/STM32_USB_Device_Library/Core/Src/usbd_core.o
                0x00000000080085c2                USBD_ClrClassConfig
 .text.USBD_LL_SetupStage
                0x00000000080085f6       0xaa ./Middlewares/ST/STM32_USB_Device_Library/Core/Src/usbd_core.o
                0x00000000080085f6                USBD_LL_SetupStage
 .text.USBD_LL_DataOutStage
                0x00000000080086a0      0x166 ./Middlewares/ST/STM32_USB_Device_Library/Core/Src/usbd_core.o
                0x00000000080086a0                USBD_LL_DataOutStage
 .text.USBD_LL_DataInStage
                0x0000000008008806      0x164 ./Middlewares/ST/STM32_USB_Device_Library/Core/Src/usbd_core.o
                0x0000000008008806                USBD_LL_DataInStage
 .text.USBD_LL_Reset
                0x000000000800896a       0xa4 ./Middlewares/ST/STM32_USB_Device_Library/Core/Src/usbd_core.o
                0x000000000800896a                USBD_LL_Reset
 .text.USBD_LL_SetSpeed
                0x0000000008008a0e       0x20 ./Middlewares/ST/STM32_USB_Device_Library/Core/Src/usbd_core.o
                0x0000000008008a0e                USBD_LL_SetSpeed
 .text.USBD_LL_Suspend
                0x0000000008008a2e       0x2c ./Middlewares/ST/STM32_USB_Device_Library/Core/Src/usbd_core.o
                0x0000000008008a2e                USBD_LL_Suspend
 .text.USBD_LL_Resume
                0x0000000008008a5a       0x30 ./Middlewares/ST/STM32_USB_Device_Library/Core/Src/usbd_core.o
                0x0000000008008a5a                USBD_LL_Resume
 .text.USBD_LL_SOF
                0x0000000008008a8a       0x40 ./Middlewares/ST/STM32_USB_Device_Library/Core/Src/usbd_core.o
                0x0000000008008a8a                USBD_LL_SOF
 .text.USBD_LL_IsoINIncomplete
                0x0000000008008aca       0x64 ./Middlewares/ST/STM32_USB_Device_Library/Core/Src/usbd_core.o
                0x0000000008008aca                USBD_LL_IsoINIncomplete
 .text.USBD_LL_IsoOUTIncomplete
                0x0000000008008b2e       0x64 ./Middlewares/ST/STM32_USB_Device_Library/Core/Src/usbd_core.o
                0x0000000008008b2e                USBD_LL_IsoOUTIncomplete
 .text.USBD_LL_DevConnected
                0x0000000008008b92       0x16 ./Middlewares/ST/STM32_USB_Device_Library/Core/Src/usbd_core.o
                0x0000000008008b92                USBD_LL_DevConnected
 .text.USBD_LL_DevDisconnected
                0x0000000008008ba8       0x46 ./Middlewares/ST/STM32_USB_Device_Library/Core/Src/usbd_core.o
                0x0000000008008ba8                USBD_LL_DevDisconnected
 .text.USBD_CoreFindIF
                0x0000000008008bee       0x1a ./Middlewares/ST/STM32_USB_Device_Library/Core/Src/usbd_core.o
                0x0000000008008bee                USBD_CoreFindIF
 .text.USBD_CoreFindEP
                0x0000000008008c08       0x1a ./Middlewares/ST/STM32_USB_Device_Library/Core/Src/usbd_core.o
                0x0000000008008c08                USBD_CoreFindEP
 .text.USBD_GetEpDesc
                0x0000000008008c22       0x74 ./Middlewares/ST/STM32_USB_Device_Library/Core/Src/usbd_core.o
                0x0000000008008c22                USBD_GetEpDesc
 .text.USBD_GetNextDesc
                0x0000000008008c96       0x3a ./Middlewares/ST/STM32_USB_Device_Library/Core/Src/usbd_core.o
                0x0000000008008c96                USBD_GetNextDesc
 .text.SWAPBYTE
                0x0000000008008cd0       0x3c ./Middlewares/ST/STM32_USB_Device_Library/Core/Src/usbd_ctlreq.o
 .text.USBD_StdDevReq
                0x0000000008008d0c       0xe4 ./Middlewares/ST/STM32_USB_Device_Library/Core/Src/usbd_ctlreq.o
                0x0000000008008d0c                USBD_StdDevReq
 .text.USBD_StdItfReq
                0x0000000008008df0       0xd8 ./Middlewares/ST/STM32_USB_Device_Library/Core/Src/usbd_ctlreq.o
                0x0000000008008df0                USBD_StdItfReq
 .text.USBD_StdEPReq
                0x0000000008008ec8      0x33a ./Middlewares/ST/STM32_USB_Device_Library/Core/Src/usbd_ctlreq.o
                0x0000000008008ec8                USBD_StdEPReq
 *fill*         0x0000000008009202        0x2 
 .text.USBD_GetDescriptor
                0x0000000008009204      0x2d4 ./Middlewares/ST/STM32_USB_Device_Library/Core/Src/usbd_ctlreq.o
 .text.USBD_SetAddress
                0x00000000080094d8       0x88 ./Middlewares/ST/STM32_USB_Device_Library/Core/Src/usbd_ctlreq.o
 .text.USBD_SetConfig
                0x0000000008009560      0x154 ./Middlewares/ST/STM32_USB_Device_Library/Core/Src/usbd_ctlreq.o
 .text.USBD_GetConfig
                0x00000000080096b4       0x6c ./Middlewares/ST/STM32_USB_Device_Library/Core/Src/usbd_ctlreq.o
 .text.USBD_GetStatus
                0x0000000008009720       0x68 ./Middlewares/ST/STM32_USB_Device_Library/Core/Src/usbd_ctlreq.o
 .text.USBD_SetFeature
                0x0000000008009788       0x52 ./Middlewares/ST/STM32_USB_Device_Library/Core/Src/usbd_ctlreq.o
 .text.USBD_ClrFeature
                0x00000000080097da       0x44 ./Middlewares/ST/STM32_USB_Device_Library/Core/Src/usbd_ctlreq.o
 .text.USBD_ParseSetupRequest
                0x000000000800981e       0x74 ./Middlewares/ST/STM32_USB_Device_Library/Core/Src/usbd_ctlreq.o
                0x000000000800981e                USBD_ParseSetupRequest
 .text.USBD_CtlError
                0x0000000008009892       0x22 ./Middlewares/ST/STM32_USB_Device_Library/Core/Src/usbd_ctlreq.o
                0x0000000008009892                USBD_CtlError
 .text.USBD_GetString
                0x00000000080098b4       0x8c ./Middlewares/ST/STM32_USB_Device_Library/Core/Src/usbd_ctlreq.o
                0x00000000080098b4                USBD_GetString
 .text.USBD_GetLen
                0x0000000008009940       0x34 ./Middlewares/ST/STM32_USB_Device_Library/Core/Src/usbd_ctlreq.o
 .text.USBD_CtlSendData
                0x0000000008009974       0x36 ./Middlewares/ST/STM32_USB_Device_Library/Core/Src/usbd_ioreq.o
                0x0000000008009974                USBD_CtlSendData
 .text.USBD_CtlContinueSendData
                0x00000000080099aa       0x22 ./Middlewares/ST/STM32_USB_Device_Library/Core/Src/usbd_ioreq.o
                0x00000000080099aa                USBD_CtlContinueSendData
 .text.USBD_CtlPrepareRx
                0x00000000080099cc       0x3a ./Middlewares/ST/STM32_USB_Device_Library/Core/Src/usbd_ioreq.o
                0x00000000080099cc                USBD_CtlPrepareRx
 .text.USBD_CtlContinueRx
                0x0000000008009a06       0x22 ./Middlewares/ST/STM32_USB_Device_Library/Core/Src/usbd_ioreq.o
                0x0000000008009a06                USBD_CtlContinueRx
 .text.USBD_CtlSendStatus
                0x0000000008009a28       0x26 ./Middlewares/ST/STM32_USB_Device_Library/Core/Src/usbd_ioreq.o
                0x0000000008009a28                USBD_CtlSendStatus
 .text.USBD_CtlReceiveStatus
                0x0000000008009a4e       0x26 ./Middlewares/ST/STM32_USB_Device_Library/Core/Src/usbd_ioreq.o
                0x0000000008009a4e                USBD_CtlReceiveStatus
 .text.MX_USB_DEVICE_Init
                0x0000000008009a74       0x60 ./USB_DEVICE/App/usb_device.o
                0x0000000008009a74                MX_USB_DEVICE_Init
 .text.CDC_Init_HS
                0x0000000008009ad4       0x28 ./USB_DEVICE/App/usbd_cdc_if.o
 .text.CDC_DeInit_HS
                0x0000000008009afc       0x10 ./USB_DEVICE/App/usbd_cdc_if.o
 .text.CDC_Control_HS
                0x0000000008009b0c       0xbc ./USB_DEVICE/App/usbd_cdc_if.o
 .text.CDC_Receive_HS
                0x0000000008009bc8       0x50 ./USB_DEVICE/App/usbd_cdc_if.o
 .text.CDC_Transmit_HS
                0x0000000008009c18       0x4c ./USB_DEVICE/App/usbd_cdc_if.o
                0x0000000008009c18                CDC_Transmit_HS
 .text.CDC_TransmitCplt_HS
                0x0000000008009c64       0x22 ./USB_DEVICE/App/usbd_cdc_if.o
 *fill*         0x0000000008009c86        0x2 
 .text.USBD_HS_DeviceDescriptor
                0x0000000008009c88       0x24 ./USB_DEVICE/App/usbd_desc.o
                0x0000000008009c88                USBD_HS_DeviceDescriptor
 .text.USBD_HS_LangIDStrDescriptor
                0x0000000008009cac       0x24 ./USB_DEVICE/App/usbd_desc.o
                0x0000000008009cac                USBD_HS_LangIDStrDescriptor
 .text.USBD_HS_ProductStrDescriptor
                0x0000000008009cd0       0x3c ./USB_DEVICE/App/usbd_desc.o
                0x0000000008009cd0                USBD_HS_ProductStrDescriptor
 .text.USBD_HS_ManufacturerStrDescriptor
                0x0000000008009d0c       0x28 ./USB_DEVICE/App/usbd_desc.o
                0x0000000008009d0c                USBD_HS_ManufacturerStrDescriptor
 .text.USBD_HS_SerialStrDescriptor
                0x0000000008009d34       0x24 ./USB_DEVICE/App/usbd_desc.o
                0x0000000008009d34                USBD_HS_SerialStrDescriptor
 .text.USBD_HS_ConfigStrDescriptor
                0x0000000008009d58       0x3c ./USB_DEVICE/App/usbd_desc.o
                0x0000000008009d58                USBD_HS_ConfigStrDescriptor
 .text.USBD_HS_InterfaceStrDescriptor
                0x0000000008009d94       0x3c ./USB_DEVICE/App/usbd_desc.o
                0x0000000008009d94                USBD_HS_InterfaceStrDescriptor
 .text.Get_SerialNum
                0x0000000008009dd0       0x58 ./USB_DEVICE/App/usbd_desc.o
 .text.IntToUnicode
                0x0000000008009e28       0x7e ./USB_DEVICE/App/usbd_desc.o
 *fill*         0x0000000008009ea6        0x2 
 .text.HAL_PCD_MspInit
                0x0000000008009ea8       0xa0 ./USB_DEVICE/Target/usbd_conf.o
                0x0000000008009ea8                HAL_PCD_MspInit
 .text.HAL_PCD_SetupStageCallback
                0x0000000008009f48       0x24 ./USB_DEVICE/Target/usbd_conf.o
                0x0000000008009f48                HAL_PCD_SetupStageCallback
 .text.HAL_PCD_DataOutStageCallback
                0x0000000008009f6c       0x36 ./USB_DEVICE/Target/usbd_conf.o
                0x0000000008009f6c                HAL_PCD_DataOutStageCallback
 .text.HAL_PCD_DataInStageCallback
                0x0000000008009fa2       0x34 ./USB_DEVICE/Target/usbd_conf.o
                0x0000000008009fa2                HAL_PCD_DataInStageCallback
 .text.HAL_PCD_SOFCallback
                0x0000000008009fd6       0x1c ./USB_DEVICE/Target/usbd_conf.o
                0x0000000008009fd6                HAL_PCD_SOFCallback
 .text.HAL_PCD_ResetCallback
                0x0000000008009ff2       0x50 ./USB_DEVICE/Target/usbd_conf.o
                0x0000000008009ff2                HAL_PCD_ResetCallback
 *fill*         0x000000000800a042        0x2 
 .text.HAL_PCD_SuspendCallback
                0x000000000800a044       0x4c ./USB_DEVICE/Target/usbd_conf.o
                0x000000000800a044                HAL_PCD_SuspendCallback
 .text.HAL_PCD_ResumeCallback
                0x000000000800a090       0x1c ./USB_DEVICE/Target/usbd_conf.o
                0x000000000800a090                HAL_PCD_ResumeCallback
 .text.HAL_PCD_ISOOUTIncompleteCallback
                0x000000000800a0ac       0x24 ./USB_DEVICE/Target/usbd_conf.o
                0x000000000800a0ac                HAL_PCD_ISOOUTIncompleteCallback
 .text.HAL_PCD_ISOINIncompleteCallback
                0x000000000800a0d0       0x24 ./USB_DEVICE/Target/usbd_conf.o
                0x000000000800a0d0                HAL_PCD_ISOINIncompleteCallback
 .text.HAL_PCD_ConnectCallback
                0x000000000800a0f4       0x1c ./USB_DEVICE/Target/usbd_conf.o
                0x000000000800a0f4                HAL_PCD_ConnectCallback
 .text.HAL_PCD_DisconnectCallback
                0x000000000800a110       0x1c ./USB_DEVICE/Target/usbd_conf.o
                0x000000000800a110                HAL_PCD_DisconnectCallback
 .text.USBD_LL_Init
                0x000000000800a12c       0xa4 ./USB_DEVICE/Target/usbd_conf.o
                0x000000000800a12c                USBD_LL_Init
 .text.USBD_LL_Start
                0x000000000800a1d0       0x36 ./USB_DEVICE/Target/usbd_conf.o
                0x000000000800a1d0                USBD_LL_Start
 .text.USBD_LL_OpenEP
                0x000000000800a206       0x4c ./USB_DEVICE/Target/usbd_conf.o
                0x000000000800a206                USBD_LL_OpenEP
 .text.USBD_LL_CloseEP
                0x000000000800a252       0x3e ./USB_DEVICE/Target/usbd_conf.o
                0x000000000800a252                USBD_LL_CloseEP
 .text.USBD_LL_StallEP
                0x000000000800a290       0x3e ./USB_DEVICE/Target/usbd_conf.o
                0x000000000800a290                USBD_LL_StallEP
 .text.USBD_LL_ClearStallEP
                0x000000000800a2ce       0x3e ./USB_DEVICE/Target/usbd_conf.o
                0x000000000800a2ce                USBD_LL_ClearStallEP
 .text.USBD_LL_IsStallEP
                0x000000000800a30c       0x58 ./USB_DEVICE/Target/usbd_conf.o
                0x000000000800a30c                USBD_LL_IsStallEP
 .text.USBD_LL_SetUSBAddress
                0x000000000800a364       0x3e ./USB_DEVICE/Target/usbd_conf.o
                0x000000000800a364                USBD_LL_SetUSBAddress
 .text.USBD_LL_Transmit
                0x000000000800a3a2       0x42 ./USB_DEVICE/Target/usbd_conf.o
                0x000000000800a3a2                USBD_LL_Transmit
 .text.USBD_LL_PrepareReceive
                0x000000000800a3e4       0x42 ./USB_DEVICE/Target/usbd_conf.o
                0x000000000800a3e4                USBD_LL_PrepareReceive
 .text.USBD_LL_GetRxDataSize
                0x000000000800a426       0x26 ./USB_DEVICE/Target/usbd_conf.o
                0x000000000800a426                USBD_LL_GetRxDataSize
 .text.USBD_static_malloc
                0x000000000800a44c       0x1c ./USB_DEVICE/Target/usbd_conf.o
                0x000000000800a44c                USBD_static_malloc
 .text.USBD_static_free
                0x000000000800a468       0x14 ./USB_DEVICE/Target/usbd_conf.o
                0x000000000800a468                USBD_static_free
 .text.USBD_Get_USB_Status
                0x000000000800a47c       0x58 ./USB_DEVICE/Target/usbd_conf.o
                0x000000000800a47c                USBD_Get_USB_Status
 .text.memset   0x000000000800a4d4       0x10 E:/Program/STM32CubeIDE_1.13.1/STM32CubeIDE/plugins/com.st.stm32cube.ide.mcu.externaltools.gnu-tools-for-stm32.11.3.rel1.win32_1.1.0.202305231506/tools/bin/../lib/gcc/arm-none-eabi/11.3.1/../../../../arm-none-eabi/lib/thumb/v7e-m+fp/hard\libc_nano.a(libc_a-memset.o)
                0x000000000800a4d4                memset
 .text.__libc_init_array
                0x000000000800a4e4       0x48 E:/Program/STM32CubeIDE_1.13.1/STM32CubeIDE/plugins/com.st.stm32cube.ide.mcu.externaltools.gnu-tools-for-stm32.11.3.rel1.win32_1.1.0.202305231506/tools/bin/../lib/gcc/arm-none-eabi/11.3.1/../../../../arm-none-eabi/lib/thumb/v7e-m+fp/hard\libc_nano.a(libc_a-init.o)
                0x000000000800a4e4                __libc_init_array
 .text.memcpy   0x000000000800a52c       0x1c E:/Program/STM32CubeIDE_1.13.1/STM32CubeIDE/plugins/com.st.stm32cube.ide.mcu.externaltools.gnu-tools-for-stm32.11.3.rel1.win32_1.1.0.202305231506/tools/bin/../lib/gcc/arm-none-eabi/11.3.1/../../../../arm-none-eabi/lib/thumb/v7e-m+fp/hard\libc_nano.a(libc_a-memcpy-stub.o)
                0x000000000800a52c                memcpy
 *(.glue_7)
 .glue_7        0x000000000800a548        0x0 linker stubs
 *(.glue_7t)
 .glue_7t       0x000000000800a548        0x0 linker stubs
 *(.eh_frame)
 .eh_frame      0x000000000800a548        0x0 E:/Program/STM32CubeIDE_1.13.1/STM32CubeIDE/plugins/com.st.stm32cube.ide.mcu.externaltools.gnu-tools-for-stm32.11.3.rel1.win32_1.1.0.202305231506/tools/bin/../lib/gcc/arm-none-eabi/11.3.1/thumb/v7e-m+fp/hard/crtbegin.o
 *(.init)
 .init          0x000000000800a548        0x4 E:/Program/STM32CubeIDE_1.13.1/STM32CubeIDE/plugins/com.st.stm32cube.ide.mcu.externaltools.gnu-tools-for-stm32.11.3.rel1.win32_1.1.0.202305231506/tools/bin/../lib/gcc/arm-none-eabi/11.3.1/thumb/v7e-m+fp/hard/crti.o
                0x000000000800a548                _init
 .init          0x000000000800a54c        0x8 E:/Program/STM32CubeIDE_1.13.1/STM32CubeIDE/plugins/com.st.stm32cube.ide.mcu.externaltools.gnu-tools-for-stm32.11.3.rel1.win32_1.1.0.202305231506/tools/bin/../lib/gcc/arm-none-eabi/11.3.1/thumb/v7e-m+fp/hard/crtn.o
 *(.fini)
 .fini          0x000000000800a554        0x4 E:/Program/STM32CubeIDE_1.13.1/STM32CubeIDE/plugins/com.st.stm32cube.ide.mcu.externaltools.gnu-tools-for-stm32.11.3.rel1.win32_1.1.0.202305231506/tools/bin/../lib/gcc/arm-none-eabi/11.3.1/thumb/v7e-m+fp/hard/crti.o
                0x000000000800a554                _fini
 .fini          0x000000000800a558        0x8 E:/Program/STM32CubeIDE_1.13.1/STM32CubeIDE/plugins/com.st.stm32cube.ide.mcu.externaltools.gnu-tools-for-stm32.11.3.rel1.win32_1.1.0.202305231506/tools/bin/../lib/gcc/arm-none-eabi/11.3.1/thumb/v7e-m+fp/hard/crtn.o
                0x000000000800a560                . = ALIGN (0x4)
                0x000000000800a560                _etext = .

.vfp11_veneer   0x000000000800a560        0x0
 .vfp11_veneer  0x000000000800a560        0x0 linker stubs

.v4_bx          0x000000000800a560        0x0
 .v4_bx         0x000000000800a560        0x0 linker stubs

.iplt           0x000000000800a560        0x0
 .iplt          0x000000000800a560        0x0 E:/Program/STM32CubeIDE_1.13.1/STM32CubeIDE/plugins/com.st.stm32cube.ide.mcu.externaltools.gnu-tools-for-stm32.11.3.rel1.win32_1.1.0.202305231506/tools/bin/../lib/gcc/arm-none-eabi/11.3.1/thumb/v7e-m+fp/hard/crtbegin.o

.rodata         0x000000000800a560     0x1b60
                0x000000000800a560                . = ALIGN (0x4)
 *(.rodata)
 .rodata        0x000000000800a560       0x46 ./Core/Src/main.o
 *fill*         0x000000000800a5a6        0x2 
 .rodata        0x000000000800a5a8       0x46 ./USB_DEVICE/App/usbd_desc.o
 *(.rodata*)
 *fill*         0x000000000800a5ee        0x2 
 .rodata.AHBPrescTable
                0x000000000800a5f0       0x10 ./Core/Src/system_stm32f4xx.o
                0x000000000800a5f0                AHBPrescTable
 .rodata.Font24_Table
                0x000000000800a600     0x1ab8 ./Drivers/BSP/STM32F429I-Discovery/stm32f429i_discovery_lcd.o
                0x000000000800a600                Font24_Table
 .rodata.flagBitshiftOffset.0
                0x000000000800c0b8        0x8 ./Drivers/STM32F4xx_HAL_Driver/Src/stm32f4xx_hal_dma.o
                0x000000000800c0c0                . = ALIGN (0x4)

.ARM.extab      0x000000000800c0c0        0x0
                0x000000000800c0c0                . = ALIGN (0x4)
 *(.ARM.extab* .gnu.linkonce.armextab.*)
                0x000000000800c0c0                . = ALIGN (0x4)

.ARM            0x000000000800c0c0        0x8
                0x000000000800c0c0                . = ALIGN (0x4)
                0x000000000800c0c0                __exidx_start = .
 *(.ARM.exidx*)
 .ARM.exidx     0x000000000800c0c0        0x8 E:/Program/STM32CubeIDE_1.13.1/STM32CubeIDE/plugins/com.st.stm32cube.ide.mcu.externaltools.gnu-tools-for-stm32.11.3.rel1.win32_1.1.0.202305231506/tools/bin/../lib/gcc/arm-none-eabi/11.3.1/thumb/v7e-m+fp/hard\libgcc.a(_udivmoddi4.o)
                0x000000000800c0c8                __exidx_end = .
                0x000000000800c0c8                . = ALIGN (0x4)

.rel.dyn        0x000000000800c0c8        0x0
 .rel.iplt      0x000000000800c0c8        0x0 E:/Program/STM32CubeIDE_1.13.1/STM32CubeIDE/plugins/com.st.stm32cube.ide.mcu.externaltools.gnu-tools-for-stm32.11.3.rel1.win32_1.1.0.202305231506/tools/bin/../lib/gcc/arm-none-eabi/11.3.1/thumb/v7e-m+fp/hard/crtbegin.o

.preinit_array  0x000000000800c0c8        0x0
                0x000000000800c0c8                . = ALIGN (0x4)
                0x000000000800c0c8                PROVIDE (__preinit_array_start = .)
 *(.preinit_array*)
                0x000000000800c0c8                PROVIDE (__preinit_array_end = .)
                0x000000000800c0c8                . = ALIGN (0x4)

.init_array     0x000000000800c0c8        0x4
                0x000000000800c0c8                . = ALIGN (0x4)
                0x000000000800c0c8                PROVIDE (__init_array_start = .)
 *(SORT_BY_NAME(.init_array.*))
 *(.init_array*)
 .init_array    0x000000000800c0c8        0x4 E:/Program/STM32CubeIDE_1.13.1/STM32CubeIDE/plugins/com.st.stm32cube.ide.mcu.externaltools.gnu-tools-for-stm32.11.3.rel1.win32_1.1.0.202305231506/tools/bin/../lib/gcc/arm-none-eabi/11.3.1/thumb/v7e-m+fp/hard/crtbegin.o
                0x000000000800c0cc                PROVIDE (__init_array_end = .)
                0x000000000800c0cc                . = ALIGN (0x4)

.fini_array     0x000000000800c0cc        0x4
                0x000000000800c0cc                . = ALIGN (0x4)
                [!provide]                        PROVIDE (__fini_array_start = .)
 *(SORT_BY_NAME(.fini_array.*))
 *(.fini_array*)
 .fini_array    0x000000000800c0cc        0x4 E:/Program/STM32CubeIDE_1.13.1/STM32CubeIDE/plugins/com.st.stm32cube.ide.mcu.externaltools.gnu-tools-for-stm32.11.3.rel1.win32_1.1.0.202305231506/tools/bin/../lib/gcc/arm-none-eabi/11.3.1/thumb/v7e-m+fp/hard/crtbegin.o
                [!provide]                        PROVIDE (__fini_array_end = .)
                0x000000000800c0d0                . = ALIGN (0x4)
                0x000000000800c0d0                _sidata = LOADADDR (.data)

.data           0x0000000020000000      0x2c4 load address 0x000000000800c0d0
                0x0000000020000000                . = ALIGN (0x4)
                0x0000000020000000                _sdata = .
 *(.data)
 *(.data*)
 .data.hello    0x0000000020000000       0x40 ./Core/Src/main.o
                0x0000000020000000                hello
 .data.on_L3    0x0000000020000040       0x40 ./Core/Src/main.o
                0x0000000020000040                on_L3
 .data.on_L4    0x0000000020000080       0x40 ./Core/Src/main.o
                0x0000000020000080                on_L4
 .data.off_L3   0x00000000200000c0       0x40 ./Core/Src/main.o
                0x00000000200000c0                off_L3
 .data.off_L4   0x0000000020000100       0x40 ./Core/Src/main.o
                0x0000000020000100                off_L4
 .data.G9       0x0000000020000140       0x40 ./Core/Src/main.o
                0x0000000020000140                G9
 .data.SystemCoreClock
                0x0000000020000180        0x4 ./Core/Src/system_stm32f4xx.o
                0x0000000020000180                SystemCoreClock
 .data.ili9341_drv
                0x0000000020000184       0x38 ./Drivers/BSP/Components/ili9341/ili9341.o
                0x0000000020000184                ili9341_drv
 .data.SpixTimeout
                0x00000000200001bc        0x4 ./Drivers/BSP/STM32F429I-Discovery/stm32f429i_discovery.o
                0x00000000200001bc                SpixTimeout
 .data.Font24   0x00000000200001c0        0x8 ./Drivers/BSP/STM32F429I-Discovery/stm32f429i_discovery_lcd.o
                0x00000000200001c0                Font24
 .data.sdramstatus.2
                0x00000000200001c8        0x1 ./Drivers/BSP/STM32F429I-Discovery/stm32f429i_discovery_sdram.o
 *fill*         0x00000000200001c9        0x3 
 .data.uwTickPrio
                0x00000000200001cc        0x4 ./Drivers/STM32F4xx_HAL_Driver/Src/stm32f4xx_hal.o
                0x00000000200001cc                uwTickPrio
 .data.uwTickFreq
                0x00000000200001d0        0x1 ./Drivers/STM32F4xx_HAL_Driver/Src/stm32f4xx_hal.o
                0x00000000200001d0                uwTickFreq
 *fill*         0x00000000200001d1        0x3 
 .data.USBD_CDC_DeviceQualifierDesc
                0x00000000200001d4        0xa ./Middlewares/ST/STM32_USB_Device_Library/Class/CDC/Src/usbd_cdc.o
 *fill*         0x00000000200001de        0x2 
 .data.USBD_CDC
                0x00000000200001e0       0x38 ./Middlewares/ST/STM32_USB_Device_Library/Class/CDC/Src/usbd_cdc.o
                0x00000000200001e0                USBD_CDC
 .data.USBD_CDC_CfgDesc
                0x0000000020000218       0x43 ./Middlewares/ST/STM32_USB_Device_Library/Class/CDC/Src/usbd_cdc.o
 .data.CDCInEpAdd
                0x000000002000025b        0x1 ./Middlewares/ST/STM32_USB_Device_Library/Class/CDC/Src/usbd_cdc.o
 .data.CDCOutEpAdd
                0x000000002000025c        0x1 ./Middlewares/ST/STM32_USB_Device_Library/Class/CDC/Src/usbd_cdc.o
 .data.CDCCmdEpAdd
                0x000000002000025d        0x1 ./Middlewares/ST/STM32_USB_Device_Library/Class/CDC/Src/usbd_cdc.o
 *fill*         0x000000002000025e        0x2 
 .data.USBD_Interface_fops_HS
                0x0000000020000260       0x14 ./USB_DEVICE/App/usbd_cdc_if.o
                0x0000000020000260                USBD_Interface_fops_HS
 .data.HS_Desc  0x0000000020000274       0x1c ./USB_DEVICE/App/usbd_desc.o
                0x0000000020000274                HS_Desc
 .data.USBD_HS_DeviceDesc
                0x0000000020000290       0x12 ./USB_DEVICE/App/usbd_desc.o
                0x0000000020000290                USBD_HS_DeviceDesc
 *fill*         0x00000000200002a2        0x2 
 .data.USBD_LangIDDesc
                0x00000000200002a4        0x4 ./USB_DEVICE/App/usbd_desc.o
                0x00000000200002a4                USBD_LangIDDesc
 .data.USBD_StringSerial
                0x00000000200002a8       0x1a ./USB_DEVICE/App/usbd_desc.o
                0x00000000200002a8                USBD_StringSerial
 *(.RamFunc)
 *(.RamFunc*)
                0x00000000200002c4                . = ALIGN (0x4)
 *fill*         0x00000000200002c2        0x2 
                0x00000000200002c4                _edata = .
                0x000000000800c394                _siccmram = LOADADDR (.ccmram)

.igot.plt       0x00000000200002c4        0x0 load address 0x000000000800c394
 .igot.plt      0x00000000200002c4        0x0 E:/Program/STM32CubeIDE_1.13.1/STM32CubeIDE/plugins/com.st.stm32cube.ide.mcu.externaltools.gnu-tools-for-stm32.11.3.rel1.win32_1.1.0.202305231506/tools/bin/../lib/gcc/arm-none-eabi/11.3.1/thumb/v7e-m+fp/hard/crtbegin.o

.ccmram         0x0000000010000000        0x0 load address 0x000000000800c394
                0x0000000010000000                . = ALIGN (0x4)
                0x0000000010000000                _sccmram = .
 *(.ccmram)
 *(.ccmram*)
                0x0000000010000000                . = ALIGN (0x4)
                0x0000000010000000                _eccmram = .
                0x0000000010000000                . = ALIGN (0x4)

.bss            0x00000000200002c4     0x1ec0
                0x00000000200002c4                _sbss = .
                0x00000000200002c4                __bss_start__ = _sbss
 *(.bss)
 .bss           0x00000000200002c4       0x1c E:/Program/STM32CubeIDE_1.13.1/STM32CubeIDE/plugins/com.st.stm32cube.ide.mcu.externaltools.gnu-tools-for-stm32.11.3.rel1.win32_1.1.0.202305231506/tools/bin/../lib/gcc/arm-none-eabi/11.3.1/thumb/v7e-m+fp/hard/crtbegin.o
 *(.bss*)
 .bss.receive_d
                0x00000000200002e0       0x40 ./Core/Src/main.o
                0x00000000200002e0                receive_d
 .bss.SpiHandle
                0x0000000020000320       0x58 ./Drivers/BSP/STM32F429I-Discovery/stm32f429i_discovery.o
 .bss.Is_LCD_IO_Initialized
                0x0000000020000378        0x1 ./Drivers/BSP/STM32F429I-Discovery/stm32f429i_discovery.o
 *fill*         0x0000000020000379        0x3 
 .bss.LtdcHandler
                0x000000002000037c       0xa8 ./Drivers/BSP/STM32F429I-Discovery/stm32f429i_discovery_lcd.o
                0x000000002000037c                LtdcHandler
 .bss.Dma2dHandler
                0x0000000020000424       0x40 ./Drivers/BSP/STM32F429I-Discovery/stm32f429i_discovery_lcd.o
 .bss.PeriphClkInitStruct
                0x0000000020000464       0x30 ./Drivers/BSP/STM32F429I-Discovery/stm32f429i_discovery_lcd.o
 .bss.ActiveLayer
                0x0000000020000494        0x4 ./Drivers/BSP/STM32F429I-Discovery/stm32f429i_discovery_lcd.o
 .bss.DrawProp  0x0000000020000498       0x18 ./Drivers/BSP/STM32F429I-Discovery/stm32f429i_discovery_lcd.o
 .bss.LcdDrv    0x00000000200004b0        0x4 ./Drivers/BSP/STM32F429I-Discovery/stm32f429i_discovery_lcd.o
                0x00000000200004b0                LcdDrv
 .bss.SdramHandle
                0x00000000200004b4       0x34 ./Drivers/BSP/STM32F429I-Discovery/stm32f429i_discovery_sdram.o
 .bss.Timing    0x00000000200004e8       0x1c ./Drivers/BSP/STM32F429I-Discovery/stm32f429i_discovery_sdram.o
 .bss.Command   0x0000000020000504       0x10 ./Drivers/BSP/STM32F429I-Discovery/stm32f429i_discovery_sdram.o
 .bss.dmaHandle.1
                0x0000000020000514       0x60 ./Drivers/BSP/STM32F429I-Discovery/stm32f429i_discovery_sdram.o
 .bss.uwTick    0x0000000020000574        0x4 ./Drivers/STM32F4xx_HAL_Driver/Src/stm32f4xx_hal.o
                0x0000000020000574                uwTick
 .bss.cfgidx.0  0x0000000020000578        0x1 ./Middlewares/ST/STM32_USB_Device_Library/Core/Src/usbd_ctlreq.o
 *fill*         0x0000000020000579        0x3 
 .bss.hUsbDeviceHS
                0x000000002000057c      0x2dc ./USB_DEVICE/App/usb_device.o
                0x000000002000057c                hUsbDeviceHS
 .bss.UserRxBufferHS
                0x0000000020000858      0x800 ./USB_DEVICE/App/usbd_cdc_if.o
                0x0000000020000858                UserRxBufferHS
 .bss.UserTxBufferHS
                0x0000000020001058      0x800 ./USB_DEVICE/App/usbd_cdc_if.o
                0x0000000020001058                UserTxBufferHS
 .bss.USBD_StrDesc
                0x0000000020001858      0x200 ./USB_DEVICE/App/usbd_desc.o
                0x0000000020001858                USBD_StrDesc
 .bss.hpcd_USB_OTG_HS
                0x0000000020001a58      0x50c ./USB_DEVICE/Target/usbd_conf.o
                0x0000000020001a58                hpcd_USB_OTG_HS
 .bss.mem.0     0x0000000020001f64      0x220 ./USB_DEVICE/Target/usbd_conf.o
 *(COMMON)
                0x0000000020002184                . = ALIGN (0x4)
                0x0000000020002184                _ebss = .
                0x0000000020002184                __bss_end__ = _ebss

._user_heap_stack
                0x0000000020002184     0x2404
                0x0000000020002188                . = ALIGN (0x8)
 *fill*         0x0000000020002184        0x4 
                [!provide]                        PROVIDE (end = .)
                0x0000000020002188                PROVIDE (_end = .)
                0x0000000020004188                . = (. + _Min_Heap_Size)
 *fill*         0x0000000020002188     0x2000 
                0x0000000020004588                . = (. + _Min_Stack_Size)
 *fill*         0x0000000020004188      0x400 
                0x0000000020004588                . = ALIGN (0x8)

/DISCARD/
 libc.a(*)
 libm.a(*)
 libgcc.a(*)

.ARM.attributes
                0x0000000000000000       0x30
 *(.ARM.attributes)
 .ARM.attributes
                0x0000000000000000       0x1e E:/Program/STM32CubeIDE_1.13.1/STM32CubeIDE/plugins/com.st.stm32cube.ide.mcu.externaltools.gnu-tools-for-stm32.11.3.rel1.win32_1.1.0.202305231506/tools/bin/../lib/gcc/arm-none-eabi/11.3.1/thumb/v7e-m+fp/hard/crti.o
 .ARM.attributes
                0x000000000000001e       0x34 E:/Program/STM32CubeIDE_1.13.1/STM32CubeIDE/plugins/com.st.stm32cube.ide.mcu.externaltools.gnu-tools-for-stm32.11.3.rel1.win32_1.1.0.202305231506/tools/bin/../lib/gcc/arm-none-eabi/11.3.1/thumb/v7e-m+fp/hard/crtbegin.o
 .ARM.attributes
                0x0000000000000052       0x34 ./Core/Src/main.o
 .ARM.attributes
                0x0000000000000086       0x34 ./Core/Src/stm32f4xx_hal_msp.o
 .ARM.attributes
                0x00000000000000ba       0x34 ./Core/Src/stm32f4xx_it.o
 .ARM.attributes
                0x00000000000000ee       0x34 ./Core/Src/system_stm32f4xx.o
 .ARM.attributes
                0x0000000000000122       0x21 ./Core/Startup/startup_stm32f429zitx.o
 .ARM.attributes
                0x0000000000000143       0x34 ./Drivers/BSP/Components/ili9341/ili9341.o
 .ARM.attributes
                0x0000000000000177       0x34 ./Drivers/BSP/STM32F429I-Discovery/stm32f429i_discovery.o
 .ARM.attributes
                0x00000000000001ab       0x34 ./Drivers/BSP/STM32F429I-Discovery/stm32f429i_discovery_lcd.o
 .ARM.attributes
                0x00000000000001df       0x34 ./Drivers/BSP/STM32F429I-Discovery/stm32f429i_discovery_sdram.o
 .ARM.attributes
                0x0000000000000213       0x34 ./Drivers/STM32F4xx_HAL_Driver/Src/stm32f4xx_hal.o
 .ARM.attributes
                0x0000000000000247       0x34 ./Drivers/STM32F4xx_HAL_Driver/Src/stm32f4xx_hal_cortex.o
 .ARM.attributes
                0x000000000000027b       0x34 ./Drivers/STM32F4xx_HAL_Driver/Src/stm32f4xx_hal_dma.o
 .ARM.attributes
                0x00000000000002af       0x34 ./Drivers/STM32F4xx_HAL_Driver/Src/stm32f4xx_hal_gpio.o
 .ARM.attributes
                0x00000000000002e3       0x34 ./Drivers/STM32F4xx_HAL_Driver/Src/stm32f4xx_hal_pcd.o
 .ARM.attributes
                0x0000000000000317       0x34 ./Drivers/STM32F4xx_HAL_Driver/Src/stm32f4xx_hal_pcd_ex.o
 .ARM.attributes
                0x000000000000034b       0x34 ./Drivers/STM32F4xx_HAL_Driver/Src/stm32f4xx_hal_rcc.o
 .ARM.attributes
                0x000000000000037f       0x34 ./Drivers/STM32F4xx_HAL_Driver/Src/stm32f4xx_hal_rcc_ex.o
 .ARM.attributes
                0x00000000000003b3       0x34 ./Drivers/STM32F4xx_HAL_Driver/Src/stm32f4xx_ll_usb.o
 .ARM.attributes
                0x00000000000003e7       0x34 ./Drivers/STM32F4xx_HAL_Driver/stm32f4xx_hal_dma2d.o
 .ARM.attributes
                0x000000000000041b       0x34 ./Drivers/STM32F4xx_HAL_Driver/stm32f4xx_hal_ltdc.o
 .ARM.attributes
                0x000000000000044f       0x34 ./Drivers/STM32F4xx_HAL_Driver/stm32f4xx_hal_sdram.o
 .ARM.attributes
                0x0000000000000483       0x34 ./Drivers/STM32F4xx_HAL_Driver/stm32f4xx_hal_spi.o
 .ARM.attributes
                0x00000000000004b7       0x34 ./Drivers/STM32F4xx_HAL_Driver/stm32f4xx_ll_fmc.o
 .ARM.attributes
                0x00000000000004eb       0x34 ./Middlewares/ST/STM32_USB_Device_Library/Class/CDC/Src/usbd_cdc.o
 .ARM.attributes
                0x000000000000051f       0x34 ./Middlewares/ST/STM32_USB_Device_Library/Core/Src/usbd_core.o
 .ARM.attributes
                0x0000000000000553       0x34 ./Middlewares/ST/STM32_USB_Device_Library/Core/Src/usbd_ctlreq.o
 .ARM.attributes
                0x0000000000000587       0x34 ./Middlewares/ST/STM32_USB_Device_Library/Core/Src/usbd_ioreq.o
 .ARM.attributes
                0x00000000000005bb       0x34 ./USB_DEVICE/App/usb_device.o
 .ARM.attributes
                0x00000000000005ef       0x34 ./USB_DEVICE/App/usbd_cdc_if.o
 .ARM.attributes
                0x0000000000000623       0x34 ./USB_DEVICE/App/usbd_desc.o
 .ARM.attributes
                0x0000000000000657       0x34 ./USB_DEVICE/Target/usbd_conf.o
 .ARM.attributes
                0x000000000000068b       0x34 E:/Program/STM32CubeIDE_1.13.1/STM32CubeIDE/plugins/com.st.stm32cube.ide.mcu.externaltools.gnu-tools-for-stm32.11.3.rel1.win32_1.1.0.202305231506/tools/bin/../lib/gcc/arm-none-eabi/11.3.1/../../../../arm-none-eabi/lib/thumb/v7e-m+fp/hard\libc_nano.a(libc_a-memset.o)
 .ARM.attributes
                0x00000000000006bf       0x34 E:/Program/STM32CubeIDE_1.13.1/STM32CubeIDE/plugins/com.st.stm32cube.ide.mcu.externaltools.gnu-tools-for-stm32.11.3.rel1.win32_1.1.0.202305231506/tools/bin/../lib/gcc/arm-none-eabi/11.3.1/../../../../arm-none-eabi/lib/thumb/v7e-m+fp/hard\libc_nano.a(libc_a-init.o)
 .ARM.attributes
                0x00000000000006f3       0x1c E:/Program/STM32CubeIDE_1.13.1/STM32CubeIDE/plugins/com.st.stm32cube.ide.mcu.externaltools.gnu-tools-for-stm32.11.3.rel1.win32_1.1.0.202305231506/tools/bin/../lib/gcc/arm-none-eabi/11.3.1/../../../../arm-none-eabi/lib/thumb/v7e-m+fp/hard\libc_nano.a(libc_a-strcmp.o)
 .ARM.attributes
                0x000000000000070f       0x34 E:/Program/STM32CubeIDE_1.13.1/STM32CubeIDE/plugins/com.st.stm32cube.ide.mcu.externaltools.gnu-tools-for-stm32.11.3.rel1.win32_1.1.0.202305231506/tools/bin/../lib/gcc/arm-none-eabi/11.3.1/../../../../arm-none-eabi/lib/thumb/v7e-m+fp/hard\libc_nano.a(libc_a-memcpy-stub.o)
 .ARM.attributes
                0x0000000000000743       0x1e E:/Program/STM32CubeIDE_1.13.1/STM32CubeIDE/plugins/com.st.stm32cube.ide.mcu.externaltools.gnu-tools-for-stm32.11.3.rel1.win32_1.1.0.202305231506/tools/bin/../lib/gcc/arm-none-eabi/11.3.1/thumb/v7e-m+fp/hard\libgcc.a(_aeabi_uldivmod.o)
 .ARM.attributes
                0x0000000000000761       0x34 E:/Program/STM32CubeIDE_1.13.1/STM32CubeIDE/plugins/com.st.stm32cube.ide.mcu.externaltools.gnu-tools-for-stm32.11.3.rel1.win32_1.1.0.202305231506/tools/bin/../lib/gcc/arm-none-eabi/11.3.1/thumb/v7e-m+fp/hard\libgcc.a(_udivmoddi4.o)
 .ARM.attributes
                0x0000000000000795       0x1e E:/Program/STM32CubeIDE_1.13.1/STM32CubeIDE/plugins/com.st.stm32cube.ide.mcu.externaltools.gnu-tools-for-stm32.11.3.rel1.win32_1.1.0.202305231506/tools/bin/../lib/gcc/arm-none-eabi/11.3.1/thumb/v7e-m+fp/hard\libgcc.a(_dvmd_tls.o)
 .ARM.attributes
                0x00000000000007b3       0x1e E:/Program/STM32CubeIDE_1.13.1/STM32CubeIDE/plugins/com.st.stm32cube.ide.mcu.externaltools.gnu-tools-for-stm32.11.3.rel1.win32_1.1.0.202305231506/tools/bin/../lib/gcc/arm-none-eabi/11.3.1/thumb/v7e-m+fp/hard/crtn.o
OUTPUT(Lab3.elf elf32-littlearm)
LOAD linker stubs
LOAD E:/Program/STM32CubeIDE_1.13.1/STM32CubeIDE/plugins/com.st.stm32cube.ide.mcu.externaltools.gnu-tools-for-stm32.11.3.rel1.win32_1.1.0.202305231506/tools/bin/../lib/gcc/arm-none-eabi/11.3.1/../../../../arm-none-eabi/lib/thumb/v7e-m+fp/hard\libc.a
LOAD E:/Program/STM32CubeIDE_1.13.1/STM32CubeIDE/plugins/com.st.stm32cube.ide.mcu.externaltools.gnu-tools-for-stm32.11.3.rel1.win32_1.1.0.202305231506/tools/bin/../lib/gcc/arm-none-eabi/11.3.1/../../../../arm-none-eabi/lib/thumb/v7e-m+fp/hard\libm.a
LOAD E:/Program/STM32CubeIDE_1.13.1/STM32CubeIDE/plugins/com.st.stm32cube.ide.mcu.externaltools.gnu-tools-for-stm32.11.3.rel1.win32_1.1.0.202305231506/tools/bin/../lib/gcc/arm-none-eabi/11.3.1/thumb/v7e-m+fp/hard\libgcc.a

.comment        0x0000000000000000       0x43
 .comment       0x0000000000000000       0x43 E:/Program/STM32CubeIDE_1.13.1/STM32CubeIDE/plugins/com.st.stm32cube.ide.mcu.externaltools.gnu-tools-for-stm32.11.3.rel1.win32_1.1.0.202305231506/tools/bin/../lib/gcc/arm-none-eabi/11.3.1/thumb/v7e-m+fp/hard/crtbegin.o
                                         0x44 (size before relaxing)
 .comment       0x0000000000000043       0x44 ./Core/Src/main.o
 .comment       0x0000000000000043       0x44 ./Core/Src/stm32f4xx_hal_msp.o
 .comment       0x0000000000000043       0x44 ./Core/Src/stm32f4xx_it.o
 .comment       0x0000000000000043       0x44 ./Core/Src/system_stm32f4xx.o
 .comment       0x0000000000000043       0x44 ./Drivers/BSP/Components/ili9341/ili9341.o
 .comment       0x0000000000000043       0x44 ./Drivers/BSP/STM32F429I-Discovery/stm32f429i_discovery.o
 .comment       0x0000000000000043       0x44 ./Drivers/BSP/STM32F429I-Discovery/stm32f429i_discovery_lcd.o
 .comment       0x0000000000000043       0x44 ./Drivers/BSP/STM32F429I-Discovery/stm32f429i_discovery_sdram.o
 .comment       0x0000000000000043       0x44 ./Drivers/STM32F4xx_HAL_Driver/Src/stm32f4xx_hal.o
 .comment       0x0000000000000043       0x44 ./Drivers/STM32F4xx_HAL_Driver/Src/stm32f4xx_hal_cortex.o
 .comment       0x0000000000000043       0x44 ./Drivers/STM32F4xx_HAL_Driver/Src/stm32f4xx_hal_dma.o
 .comment       0x0000000000000043       0x44 ./Drivers/STM32F4xx_HAL_Driver/Src/stm32f4xx_hal_gpio.o
 .comment       0x0000000000000043       0x44 ./Drivers/STM32F4xx_HAL_Driver/Src/stm32f4xx_hal_pcd.o
 .comment       0x0000000000000043       0x44 ./Drivers/STM32F4xx_HAL_Driver/Src/stm32f4xx_hal_pcd_ex.o
 .comment       0x0000000000000043       0x44 ./Drivers/STM32F4xx_HAL_Driver/Src/stm32f4xx_hal_rcc.o
 .comment       0x0000000000000043       0x44 ./Drivers/STM32F4xx_HAL_Driver/Src/stm32f4xx_hal_rcc_ex.o
 .comment       0x0000000000000043       0x44 ./Drivers/STM32F4xx_HAL_Driver/Src/stm32f4xx_ll_usb.o
 .comment       0x0000000000000043       0x44 ./Drivers/STM32F4xx_HAL_Driver/stm32f4xx_hal_dma2d.o
 .comment       0x0000000000000043       0x44 ./Drivers/STM32F4xx_HAL_Driver/stm32f4xx_hal_ltdc.o
 .comment       0x0000000000000043       0x44 ./Drivers/STM32F4xx_HAL_Driver/stm32f4xx_hal_sdram.o
 .comment       0x0000000000000043       0x44 ./Drivers/STM32F4xx_HAL_Driver/stm32f4xx_hal_spi.o
 .comment       0x0000000000000043       0x44 ./Drivers/STM32F4xx_HAL_Driver/stm32f4xx_ll_fmc.o
 .comment       0x0000000000000043       0x44 ./Middlewares/ST/STM32_USB_Device_Library/Class/CDC/Src/usbd_cdc.o
 .comment       0x0000000000000043       0x44 ./Middlewares/ST/STM32_USB_Device_Library/Core/Src/usbd_core.o
 .comment       0x0000000000000043       0x44 ./Middlewares/ST/STM32_USB_Device_Library/Core/Src/usbd_ctlreq.o
 .comment       0x0000000000000043       0x44 ./Middlewares/ST/STM32_USB_Device_Library/Core/Src/usbd_ioreq.o
 .comment       0x0000000000000043       0x44 ./USB_DEVICE/App/usb_device.o
 .comment       0x0000000000000043       0x44 ./USB_DEVICE/App/usbd_cdc_if.o
 .comment       0x0000000000000043       0x44 ./USB_DEVICE/App/usbd_desc.o
 .comment       0x0000000000000043       0x44 ./USB_DEVICE/Target/usbd_conf.o

.debug_info     0x0000000000000000    0x187e0
 .debug_info    0x0000000000000000      0x7dd ./Core/Src/main.o
 .debug_info    0x00000000000007dd      0x281 ./Core/Src/stm32f4xx_hal_msp.o
 .debug_info    0x0000000000000a5e      0x60f ./Core/Src/stm32f4xx_it.o
 .debug_info    0x000000000000106d      0x52e ./Core/Src/system_stm32f4xx.o
 .debug_info    0x000000000000159b       0x23 ./Core/Startup/startup_stm32f429zitx.o
 .debug_info    0x00000000000015be      0x388 ./Drivers/BSP/Components/ili9341/ili9341.o
 .debug_info    0x0000000000001946     0x198b ./Drivers/BSP/STM32F429I-Discovery/stm32f429i_discovery.o
 .debug_info    0x00000000000032d1     0x248e ./Drivers/BSP/STM32F429I-Discovery/stm32f429i_discovery_lcd.o
 .debug_info    0x000000000000575f     0x1010 ./Drivers/BSP/STM32F429I-Discovery/stm32f429i_discovery_sdram.o
 .debug_info    0x000000000000676f      0x9be ./Drivers/STM32F4xx_HAL_Driver/Src/stm32f4xx_hal.o
 .debug_info    0x000000000000712d      0xd7c ./Drivers/STM32F4xx_HAL_Driver/Src/stm32f4xx_hal_cortex.o
 .debug_info    0x0000000000007ea9      0x8e7 ./Drivers/STM32F4xx_HAL_Driver/Src/stm32f4xx_hal_dma.o
 .debug_info    0x0000000000008790      0x6db ./Drivers/STM32F4xx_HAL_Driver/Src/stm32f4xx_hal_gpio.o
 .debug_info    0x0000000000008e6b     0x1541 ./Drivers/STM32F4xx_HAL_Driver/Src/stm32f4xx_hal_pcd.o
 .debug_info    0x000000000000a3ac      0x6d2 ./Drivers/STM32F4xx_HAL_Driver/Src/stm32f4xx_hal_pcd_ex.o
 .debug_info    0x000000000000aa7e      0x8c9 ./Drivers/STM32F4xx_HAL_Driver/Src/stm32f4xx_hal_rcc.o
 .debug_info    0x000000000000b347      0x651 ./Drivers/STM32F4xx_HAL_Driver/Src/stm32f4xx_hal_rcc_ex.o
 .debug_info    0x000000000000b998     0x18f6 ./Drivers/STM32F4xx_HAL_Driver/Src/stm32f4xx_ll_usb.o
 .debug_info    0x000000000000d28e      0xe6e ./Drivers/STM32F4xx_HAL_Driver/stm32f4xx_hal_dma2d.o
 .debug_info    0x000000000000e0fc     0x1022 ./Drivers/STM32F4xx_HAL_Driver/stm32f4xx_hal_ltdc.o
 .debug_info    0x000000000000f11e      0xeaa ./Drivers/STM32F4xx_HAL_Driver/stm32f4xx_hal_sdram.o
 .debug_info    0x000000000000ffc8     0x15fb ./Drivers/STM32F4xx_HAL_Driver/stm32f4xx_hal_spi.o
 .debug_info    0x00000000000115c3      0xdfe ./Drivers/STM32F4xx_HAL_Driver/stm32f4xx_ll_fmc.o
 .debug_info    0x00000000000123c1     0x128b ./Middlewares/ST/STM32_USB_Device_Library/Class/CDC/Src/usbd_cdc.o
 .debug_info    0x000000000001364c      0xe05 ./Middlewares/ST/STM32_USB_Device_Library/Core/Src/usbd_core.o
 .debug_info    0x0000000000014451      0xade ./Middlewares/ST/STM32_USB_Device_Library/Core/Src/usbd_ctlreq.o
 .debug_info    0x0000000000014f2f      0x755 ./Middlewares/ST/STM32_USB_Device_Library/Core/Src/usbd_ioreq.o
 .debug_info    0x0000000000015684      0x701 ./USB_DEVICE/App/usb_device.o
 .debug_info    0x0000000000015d85      0x96a ./USB_DEVICE/App/usbd_cdc_if.o
 .debug_info    0x00000000000166ef      0x458 ./USB_DEVICE/App/usbd_desc.o
 .debug_info    0x0000000000016b47     0x1c99 ./USB_DEVICE/Target/usbd_conf.o

.debug_abbrev   0x0000000000000000     0x430f
 .debug_abbrev  0x0000000000000000      0x24d ./Core/Src/main.o
 .debug_abbrev  0x000000000000024d       0xd8 ./Core/Src/stm32f4xx_hal_msp.o
 .debug_abbrev  0x0000000000000325      0x1a4 ./Core/Src/stm32f4xx_it.o
 .debug_abbrev  0x00000000000004c9      0x11a ./Core/Src/system_stm32f4xx.o
 .debug_abbrev  0x00000000000005e3       0x12 ./Core/Startup/startup_stm32f429zitx.o
 .debug_abbrev  0x00000000000005f5      0x1ad ./Drivers/BSP/Components/ili9341/ili9341.o
 .debug_abbrev  0x00000000000007a2      0x2fc ./Drivers/BSP/STM32F429I-Discovery/stm32f429i_discovery.o